--------- beginning of events
06-16 07:06:33.724   331   331 I snet_event_log: [121035042,-1,]
06-16 07:06:33.728   333   333 I snet_event_log: [121035042,-1,]
06-16 07:06:33.730   331   331 I auditd  : SELinux: Loaded service_contexts from:
06-16 07:06:33.730   331   331 I auditd  :     /system/etc/selinux/plat_service_contexts
06-16 07:06:33.731   331   331 I auditd  :     /system_ext/etc/selinux/system_ext_service_contexts
06-16 07:06:33.731   331   331 I auditd  :     /vendor/etc/selinux/vendor_service_contexts
01-01 05:30:00.029   329   329 I auditd  : type=2000 audit(0.0:1): state=initialized audit_enabled=0 res=1
06-16 07:06:30.643   329   329 I auditd  : type=1403 audit(0.0:2): auid=4294967295 ses=4294967295 lsm=selinux res=1
06-16 07:06:31.376   304   304 I auditd  : type=1400 audit(0.0:3): avc: denied { associate } for comm="init" name="boot_freq" scontext=u:object_r:proc_perfmgr:s0 tcontext=u:object_r:proc:s0 tclass=filesystem permissive=1
06-16 07:06:31.403   310   310 I auditd  : type=1400 audit(0.0:4): avc: denied { execute } for comm="init" name="modprobe" dev="dm-1" ino=197 scontext=u:r:init:s0 tcontext=u:object_r:vendor_file:s0 tclass=file permissive=1
06-16 07:06:31.403   310   310 I auditd  : type=1400 audit(0.0:5): avc: denied { entrypoint } for comm="init" path="/vendor/bin/modprobe" dev="dm-1" ino=197 scontext=u:r:vendor_modprobe:s0 tcontext=u:object_r:vendor_file:s0 tclass=file permissive=1
06-16 07:06:31.466   312   312 I auditd  : type=1400 audit(0.0:6): avc: denied { execute_no_trans } for comm="init" path="/vendor/bin/chipinfo" dev="dm-1" ino=55 scontext=u:r:init:s0 tcontext=u:object_r:vendor_file:s0 tclass=file permissive=1
06-16 07:06:31.529   318   318 I auditd  : type=1400 audit(0.0:7): avc: denied { read } for comm="cat" name="family" dev="sysfs" ino=21021 scontext=u:r:init:s0 tcontext=u:object_r:sysfs_soc:s0 tclass=file permissive=1
06-16 07:06:31.529   318   318 I auditd  : type=1400 audit(0.0:8): avc: denied { open } for comm="cat" path="/sys/devices/soc0/family" dev="sysfs" ino=21021 scontext=u:r:init:s0 tcontext=u:object_r:sysfs_soc:s0 tclass=file permissive=1
06-16 07:06:33.809   340   340 I auditd  : type=1400 audit(0.0:9): avc: denied { execute } for comm="init" name="volte_md_status" dev="dm-1" ino=311 scontext=u:r:init:s0 tcontext=u:object_r:vendor_file:s0 tclass=file permissive=1
06-16 07:06:33.809   340   340 I auditd  : type=1400 audit(0.0:10): avc: denied { execute_no_trans } for comm="init" path="/vendor/bin/volte_md_status" dev="dm-1" ino=311 scontext=u:r:init:s0 tcontext=u:object_r:vendor_file:s0 tclass=file permissive=1
06-16 07:06:34.293   304   304 I auditd  : type=1400 audit(0.0:11): avc: denied { associate } for comm="init" name="boot_boost" scontext=u:object_r:proc_perfmgr:s0 tcontext=u:object_r:proc:s0 tclass=filesystem permissive=1
06-16 07:06:34.906   386   386 I auditd  : type=1400 audit(0.0:12): avc: denied { call } for comm="keystore2" scontext=u:r:keystore:s0 tcontext=u:r:init:s0 tclass=binder permissive=1
06-16 07:06:34.942   386   386 I auditd  : SELinux: Loaded keystore2_key_contexts from:
06-16 07:06:34.942   386   386 I auditd  :     /system/etc/selinux/plat_keystore2_key_contexts
06-16 07:06:35.603   386   386 I auditd  : type=1400 audit(0.0:13): avc: denied { call } for comm="Binder:386_3" scontext=u:r:keystore:s0 tcontext=u:r:init:s0 tclass=binder permissive=1
06-16 07:06:36.469   454   454 I auditd  : type=1400 audit(0.0:14): avc: denied { execute } for comm="init" name="android.hardware.dumpstate@1.1-service.xiaomi" dev="dm-1" ino=122 scontext=u:r:init:s0 tcontext=u:object_r:vendor_file:s0 tclass=file permissive=1
06-16 07:06:36.469   454   454 I auditd  : type=1400 audit(0.0:15): avc: denied { execute_no_trans } for comm="init" path="/vendor/bin/hw/android.hardware.dumpstate@1.1-service.xiaomi" dev="dm-1" ino=122 scontext=u:r:init:s0 tcontext=u:object_r:vendor_file:s0 tclass=file permissive=1
06-16 07:06:36.519   454   454 I auditd  : type=1400 audit(0.0:16): avc: denied { execute } for comm="android.hardwar" path="/vendor/lib/android.hardware.dumpstate@1.1.so" dev="dm-1" ino=1044 scontext=u:r:init:s0 tcontext=u:object_r:vendor_file:s0 tclass=file permissive=1
06-16 07:06:36.523   460   460 I auditd  : type=1400 audit(0.0:17): avc: denied { execute_no_trans } for comm="init" path="/vendor/bin/hw/android.hardware.media.c2@1.2-mediatek" dev="dm-1" ino=129 scontext=u:r:init:s0 tcontext=u:object_r:vendor_file:s0 tclass=file permissive=1
06-16 07:06:36.603   453   453 I auditd  : type=1400 audit(0.0:18): avc: denied { execute } for comm="android.hardwar" path="/vendor/lib/libhwbinder.so" dev="dm-1" ino=1374 scontext=u:r:init:s0 tcontext=u:object_r:same_process_hal_file:s0 tclass=file permissive=1
06-16 07:06:36.663   453   453 I auditd  : type=1400 audit(0.0:19): avc: denied { read } for comm="android.hardwar" name="vndbinder" dev="binder" ino=6 scontext=u:r:init:s0 tcontext=u:object_r:vndbinder_device:s0 tclass=chr_file permissive=1
06-16 07:06:36.663   453   453 I auditd  : type=1400 audit(0.0:20): avc: denied { write } for comm="android.hardwar" name="vndbinder" dev="binder" ino=6 scontext=u:r:init:s0 tcontext=u:object_r:vndbinder_device:s0 tclass=chr_file permissive=1
06-16 07:06:36.663   453   453 I auditd  : type=1400 audit(0.0:21): avc: denied { open } for comm="android.hardwar" path="/dev/binderfs/vndbinder" dev="binder" ino=6 scontext=u:r:init:s0 tcontext=u:object_r:vndbinder_device:s0 tclass=chr_file permissive=1
06-16 07:06:36.663   453   453 I auditd  : type=1400 audit(0.0:22): avc: denied { ioctl } for comm="android.hardwar" path="/dev/binderfs/vndbinder" dev="binder" ino=6 ioctlcmd=0x6209 scontext=u:r:init:s0 tcontext=u:object_r:vndbinder_device:s0 tclass=chr_file permissive=1
06-16 07:06:36.723   461   461 I auditd  : type=1400 audit(0.0:23): avc: denied { read write } for comm="android.hardwar" name="accactive" dev="sysfs" ino=39730 scontext=u:r:init:s0 tcontext=u:object_r:sysfs_sensor:s0 tclass=file permissive=1
06-16 07:06:36.723   461   461 I auditd  : type=1400 audit(0.0:24): avc: denied { open } for comm="android.hardwar" path="/sys/devices/virtual/sensor/m_acc_misc/accactive" dev="sysfs" ino=39730 scontext=u:r:init:s0 tcontext=u:object_r:sysfs_sensor:s0 tclass=file permissive=1
06-16 07:06:36.849   476   476 I auditd  : type=1400 audit(0.0:25): avc: denied { read } for comm="mtkPowerAIDL" name="total_gpu_freq_level_count" dev="sysfs" ino=33493 scontext=u:r:init:s0 tcontext=u:object_r:sysfs_ged:s0 tclass=file permissive=1
06-16 07:06:36.879   512   512 I auditd  : type=1400 audit(0.0:26): avc: denied { read write } for comm="ccci_mdinit" name="ccci_monitor" dev="tmpfs" ino=10421 scontext=u:r:init:s0 tcontext=u:object_r:ccci_monitor_device:s0 tclass=chr_file permissive=1
06-16 07:06:36.879   512   512 I auditd  : type=1400 audit(0.0:27): avc: denied { open } for comm="ccci_mdinit" path="/dev/ccci_monitor" dev="tmpfs" ino=10421 scontext=u:r:init:s0 tcontext=u:object_r:ccci_monitor_device:s0 tclass=chr_file permissive=1
06-16 07:06:36.879   512   512 I auditd  : type=1400 audit(0.0:28): avc: denied { ioctl } for comm="ccci_mdinit" path="/dev/ccci_monitor" dev="tmpfs" ino=10421 ioctlcmd=0x431d scontext=u:r:init:s0 tcontext=u:object_r:ccci_monitor_device:s0 tclass=chr_file permissive=1
06-16 07:06:36.929   476   476 I auditd  : type=1400 audit(0.0:29): avc: denied { ioctl } for comm="mtkScnHanler" path="/proc/perfmgr/perf_ioctl" dev="proc" ino=4026532376 ioctlcmd=0x6711 scontext=u:r:init:s0 tcontext=u:object_r:proc_perfmgr:s0 tclass=file permissive=1
06-16 07:06:36.933   456   456 I auditd  : type=1400 audit(0.0:30): avc: denied { read } for comm="allocator@4.0-s" name="ion" dev="tmpfs" ino=8828 scontext=u:r:init:s0 tcontext=u:object_r:ion_device:s0 tclass=chr_file permissive=1
06-16 07:06:36.933   456   456 I auditd  : type=1400 audit(0.0:31): avc: denied { open } for comm="allocator@4.0-s" path="/dev/ion" dev="tmpfs" ino=8828 scontext=u:r:init:s0 tcontext=u:object_r:ion_device:s0 tclass=chr_file permissive=1
06-16 07:06:36.933   456   456 I auditd  : type=1400 audit(0.0:32): avc: denied { ioctl } for comm="allocator@4.0-s" path="/dev/ion" dev="tmpfs" ino=8828 ioctlcmd=0x4906 scontext=u:r:init:s0 tcontext=u:object_r:ion_device:s0 tclass=chr_file permissive=1
06-16 07:06:37.003   445   445 I boot_progress_start: 13452
06-16 07:06:37.079   497   497 I auditd  : type=1400 audit(0.0:33): avc: denied { read } for comm="surfaceflinger" name="libIMGegl.so" dev="dm-1" ino=1201 scontext=u:r:surfaceflinger:s0 tcontext=u:object_r:vendor_file:s0 tclass=file permissive=1
06-16 07:06:37.079   497   497 I auditd  : type=1400 audit(0.0:34): avc: denied { open } for comm="surfaceflinger" path="/vendor/lib/libIMGegl.so" dev="dm-1" ino=1201 scontext=u:r:surfaceflinger:s0 tcontext=u:object_r:vendor_file:s0 tclass=file permissive=1
06-16 07:06:37.079   497   497 I auditd  : type=1400 audit(0.0:35): avc: denied { getattr } for comm="surfaceflinger" path="/vendor/lib/libIMGegl.so" dev="dm-1" ino=1201 scontext=u:r:surfaceflinger:s0 tcontext=u:object_r:vendor_file:s0 tclass=file permissive=1
06-16 07:06:37.083   497   497 I auditd  : type=1400 audit(0.0:36): avc: denied { map } for comm="surfaceflinger" path="/vendor/lib/libIMGegl.so" dev="dm-1" ino=1201 scontext=u:r:surfaceflinger:s0 tcontext=u:object_r:vendor_file:s0 tclass=file permissive=1
06-16 07:06:37.093   497   497 I auditd  : type=1400 audit(0.0:37): avc: denied { execute } for comm="surfaceflinger" path="/vendor/lib/libgralloc_extra.so" dev="dm-1" ino=1363 scontext=u:r:surfaceflinger:s0 tcontext=u:object_r:vendor_file:s0 tclass=file permissive=1
06-16 07:06:37.523   456   456 I auditd  : type=1400 audit(0.0:38): avc: denied { ioctl } for comm="allocator@4.0-s" path="/proc/ged" dev="proc" ino=4026533267 ioctlcmd=0x6764 scontext=u:r:init:s0 tcontext=u:object_r:proc_ged:s0 tclass=file permissive=1
06-16 07:06:37.523   456   456 I auditd  : type=1400 audit(0.0:39): avc: denied { ioctl } for comm="allocator@4.0-s" path="/proc/ged" dev="proc" ino=4026533267 ioctlcmd=0x6765 scontext=u:r:init:s0 tcontext=u:object_r:proc_ged:s0 tclass=file permissive=1
06-16 07:06:37.569   456   456 I auditd  : type=1400 audit(0.0:40): avc: denied { ioctl } for comm="allocator@4.0-s" path="/proc/ged" dev="proc" ino=4026533267 ioctlcmd=0x6764 scontext=u:r:init:s0 tcontext=u:object_r:proc_ged:s0 tclass=file permissive=1
06-16 07:06:37.573   456   456 I auditd  : type=1400 audit(0.0:41): avc: denied { ioctl } for comm="allocator@4.0-s" path="/proc/ged" dev="proc" ino=4026533267 ioctlcmd=0x6765 scontext=u:r:init:s0 tcontext=u:object_r:proc_ged:s0 tclass=file permissive=1
06-16 07:06:37.573   456   456 I auditd  : type=1400 audit(0.0:42): avc: denied { ioctl } for comm="allocator@4.0-s" path="/proc/ged" dev="proc" ino=4026533267 ioctlcmd=0x6764 scontext=u:r:init:s0 tcontext=u:object_r:proc_ged:s0 tclass=file permissive=1
06-16 07:06:37.573   456   456 I auditd  : type=1400 audit(0.0:43): avc: denied { ioctl } for comm="allocator@4.0-s" path="/proc/ged" dev="proc" ino=4026533267 ioctlcmd=0x6765 scontext=u:r:init:s0 tcontext=u:object_r:proc_ged:s0 tclass=file permissive=1
06-16 07:06:37.576   456   456 I auditd  : type=1400 audit(0.0:44): avc: denied { ioctl } for comm="allocator@4.0-s" path="/proc/ged" dev="proc" ino=4026533267 ioctlcmd=0x6764 scontext=u:r:init:s0 tcontext=u:object_r:proc_ged:s0 tclass=file permissive=1
06-16 07:06:37.576   456   456 I auditd  : type=1400 audit(0.0:45): avc: denied { ioctl } for comm="allocator@4.0-s" path="/proc/ged" dev="proc" ino=4026533267 ioctlcmd=0x6765 scontext=u:r:init:s0 tcontext=u:object_r:proc_ged:s0 tclass=file permissive=1
06-16 07:06:37.623   579   579 I auditd  : type=1400 audit(0.0:46): avc: denied { execute } for comm="mnld" path="/vendor/lib/libhidltransport.so" dev="dm-1" ino=1373 scontext=u:r:init:s0 tcontext=u:object_r:same_process_hal_file:s0 tclass=file permissive=1
06-16 07:06:37.686   579   579 I auditd  : type=1400 audit(0.0:47): avc: denied { read } for comm="mnld" name="brightness" dev="sysfs" ino=40127 scontext=u:r:init:s0 tcontext=u:object_r:sysfs_led:s0 tclass=file permissive=1
06-16 07:06:37.836   632   632 I auditd  : type=1400 audit(0.0:48): avc: denied { read write } for comm="thermal" name="clwmt_pid" dev="proc" ino=4026532473 scontext=u:r:init:s0 tcontext=u:object_r:proc_thermal:s0 tclass=file permissive=1
06-16 07:06:37.836   632   632 I auditd  : type=1400 audit(0.0:49): avc: denied { open } for comm="thermal" path="/proc/driver/thermal/clwmt_pid" dev="proc" ino=4026532473 scontext=u:r:init:s0 tcontext=u:object_r:proc_thermal:s0 tclass=file permissive=1
06-16 07:06:37.883   640   640 I auditd  : type=1400 audit(0.0:50): avc: denied { execute } for comm="init" name="ipsec_mon" dev="dm-1" ino=167 scontext=u:r:init:s0 tcontext=u:object_r:vendor_file:s0 tclass=file permissive=1
06-16 07:06:37.883   640   640 I auditd  : type=1400 audit(0.0:51): avc: denied { execute_no_trans } for comm="init" path="/vendor/bin/ipsec_mon" dev="dm-1" ino=167 scontext=u:r:init:s0 tcontext=u:object_r:vendor_file:s0 tclass=file permissive=1
06-16 07:06:37.913   628   628 I auditd  : type=1400 audit(0.0:52): avc: denied { execute } for comm="camerahalserver" path="/vendor/lib/libhwbinder.so" dev="dm-1" ino=1374 scontext=u:r:init:s0 tcontext=u:object_r:same_process_hal_file:s0 tclass=file permissive=1
06-16 07:06:37.913   512   512 I auditd  : type=1400 audit(0.0:53): avc: denied { ioctl } for comm="ccci_mdinit" path="/dev/ccci_monitor" dev="tmpfs" ino=10421 ioctlcmd=0x432f scontext=u:r:init:s0 tcontext=u:object_r:ccci_monitor_device:s0 tclass=chr_file permissive=1
06-16 07:06:37.970   445   445 I snet_event_log: [200284993,-1,]
06-16 07:06:38.076   628   628 I auditd  : type=1400 audit(0.0:54): avc: denied { read } for comm="camerahalserver" name="vndbinder" dev="binder" ino=6 scontext=u:r:init:s0 tcontext=u:object_r:vndbinder_device:s0 tclass=chr_file permissive=1
06-16 07:06:38.076   628   628 I auditd  : type=1400 audit(0.0:55): avc: denied { write } for comm="camerahalserver" name="vndbinder" dev="binder" ino=6 scontext=u:r:init:s0 tcontext=u:object_r:vndbinder_device:s0 tclass=chr_file permissive=1
06-16 07:06:38.076   628   628 I auditd  : type=1400 audit(0.0:56): avc: denied { open } for comm="camerahalserver" path="/dev/binderfs/vndbinder" dev="binder" ino=6 scontext=u:r:init:s0 tcontext=u:object_r:vndbinder_device:s0 tclass=chr_file permissive=1
06-16 07:06:38.076   628   628 I auditd  : type=1400 audit(0.0:57): avc: denied { ioctl } for comm="camerahalserver" path="/dev/binderfs/vndbinder" dev="binder" ino=6 ioctlcmd=0x6209 scontext=u:r:init:s0 tcontext=u:object_r:vndbinder_device:s0 tclass=chr_file permissive=1
06-16 07:06:38.143   625   625 I auditd  : type=1400 audit(0.0:58): avc: denied { read } for comm="android.hardwar" name="u:object_r:default_prop:s0" dev="tmpfs" ino=8303 scontext=u:r:mediacodec:s0 tcontext=u:object_r:default_prop:s0 tclass=file permissive=1
06-16 07:06:38.143   625   625 I auditd  : type=1400 audit(0.0:59): avc: denied { open } for comm="android.hardwar" path="/dev/__properties__/u:object_r:default_prop:s0" dev="tmpfs" ino=8303 scontext=u:r:mediacodec:s0 tcontext=u:object_r:default_prop:s0 tclass=file permissive=1
06-16 07:06:38.143   625   625 I auditd  : type=1400 audit(0.0:60): avc: denied { getattr } for comm="android.hardwar" path="/dev/__properties__/u:object_r:default_prop:s0" dev="tmpfs" ino=8303 scontext=u:r:mediacodec:s0 tcontext=u:object_r:default_prop:s0 tclass=file permissive=1
06-16 07:06:38.143   625   625 I auditd  : type=1400 audit(0.0:61): avc: denied { map } for comm="android.hardwar" path="/dev/__properties__/u:object_r:default_prop:s0" dev="tmpfs" ino=8303 scontext=u:r:mediacodec:s0 tcontext=u:object_r:default_prop:s0 tclass=file permissive=1
06-16 07:06:38.236   653   653 I auditd  : type=1400 audit(0.0:62): avc: denied { call } for comm="mediaswcodec" scontext=u:r:mediaswcodec:s0 tcontext=u:r:init:s0 tclass=binder permissive=1
06-16 07:06:38.236   715   715 I auditd  : type=1400 audit(0.0:63): avc: denied { call } for comm="usbd" scontext=u:r:usbd:s0 tcontext=u:r:init:s0 tclass=binder permissive=1
06-16 07:06:38.266   648   648 I auditd  : type=1400 audit(0.0:64): avc: denied { read } for comm="vendor.mediatek" name="mtk_disp_mgr" dev="tmpfs" ino=9597 scontext=u:r:init:s0 tcontext=u:object_r:graphics_device:s0 tclass=chr_file permissive=1
06-16 07:06:38.266   648   648 I auditd  : type=1400 audit(0.0:65): avc: denied { open } for comm="vendor.mediatek" path="/dev/mtk_disp_mgr" dev="tmpfs" ino=9597 scontext=u:r:init:s0 tcontext=u:object_r:graphics_device:s0 tclass=chr_file permissive=1
06-16 07:06:38.289   648   648 I auditd  : type=1400 audit(0.0:66): avc: denied { ioctl } for comm="vendor.mediatek" path="/dev/mtk_disp_mgr" dev="tmpfs" ino=9597 ioctlcmd=0x4fc9 scontext=u:r:init:s0 tcontext=u:object_r:graphics_device:s0 tclass=chr_file permissive=1
06-16 07:06:38.306   452   452 I auditd  : type=1400 audit(0.0:67): avc: denied { use } for comm="allocator@1.0-s" path="/dev/ashmemf265c099-0184-41dd-b119-c180d4c7e814" dev="tmpfs" ino=10407 scontext=u:r:init:s0 tcontext=u:r:hal_allocator_default:s0 tclass=fd permissive=1
06-16 07:06:38.546   648   648 I auditd  : type=1400 audit(0.0:68): avc: denied { ioctl } for comm="PQServiceHAL" path="/dev/mtk_disp_mgr" dev="tmpfs" ino=9597 ioctlcmd=0x786e scontext=u:r:init:s0 tcontext=u:object_r:graphics_device:s0 tclass=chr_file permissive=1
06-16 07:06:38.583   628   628 I auditd  : type=1400 audit(0.0:69): avc: denied { execute } for comm="camerahalserver" path="/vendor/lib/android.hardware.power@1.0.so" dev="dm-1" ino=1066 scontext=u:r:init:s0 tcontext=u:object_r:vendor_file:s0 tclass=file permissive=1
06-16 07:06:38.666   662   662 I auditd  : type=1400 audit(0.0:70): avc: denied { read } for comm="BootAnimation" name="libIMGegl.so" dev="dm-1" ino=1201 scontext=u:r:bootanim:s0 tcontext=u:object_r:vendor_file:s0 tclass=file permissive=1
06-16 07:06:38.666   662   662 I auditd  : type=1400 audit(0.0:71): avc: denied { open } for comm="BootAnimation" path="/vendor/lib/libIMGegl.so" dev="dm-1" ino=1201 scontext=u:r:bootanim:s0 tcontext=u:object_r:vendor_file:s0 tclass=file permissive=1
06-16 07:06:38.666   662   662 I auditd  : type=1400 audit(0.0:72): avc: denied { getattr } for comm="BootAnimation" path="/vendor/lib/libIMGegl.so" dev="dm-1" ino=1201 scontext=u:r:bootanim:s0 tcontext=u:object_r:vendor_file:s0 tclass=file permissive=1
06-16 07:06:38.666   662   662 I auditd  : type=1400 audit(0.0:73): avc: denied { map } for comm="BootAnimation" path="/vendor/lib/libIMGegl.so" dev="dm-1" ino=1201 scontext=u:r:bootanim:s0 tcontext=u:object_r:vendor_file:s0 tclass=file permissive=1
06-16 07:06:38.683   662   662 I auditd  : type=1400 audit(0.0:74): avc: denied { execute } for comm="BootAnimation" path="/vendor/lib/libgralloc_metadata.so" dev="dm-1" ino=1364 scontext=u:r:bootanim:s0 tcontext=u:object_r:vendor_file:s0 tclass=file permissive=1
06-16 07:06:38.718   445   445 I boot_progress_preload_start: 15166
06-16 07:06:38.909   512   512 I auditd  : type=1400 audit(0.0:75): avc: denied { ioctl } for comm="ccci_mdinit" path="/dev/ccci_monitor" dev="tmpfs" ino=10421 ioctlcmd=0x4301 scontext=u:r:init:s0 tcontext=u:object_r:ccci_monitor_device:s0 tclass=chr_file permissive=1
06-16 07:06:38.943   768   768 I auditd  : type=1400 audit(0.0:76): avc: denied { execute_no_trans } for comm="init" path="/vendor/bin/bip" dev="dm-1" ino=41 scontext=u:r:init:s0 tcontext=u:object_r:vendor_file:s0 tclass=file permissive=1
06-16 07:06:38.996   524   524 I auditd  : type=1400 audit(0.0:77): avc: denied { read write } for comm="ccci_rpcd" name="wake_lock" dev="sysfs" ino=5273 scontext=u:r:init:s0 tcontext=u:object_r:sysfs_wake_lock:s0 tclass=file permissive=1
06-16 07:06:38.996   524   524 I auditd  : type=1400 audit(0.0:78): avc: denied { open } for comm="ccci_rpcd" path="/sys/power/wake_lock" dev="sysfs" ino=5273 scontext=u:r:init:s0 tcontext=u:object_r:sysfs_wake_lock:s0 tclass=file permissive=1
06-16 07:06:39.053   638   638 I auditd  : type=1400 audit(0.0:79): avc: denied { read write } for comm="thermal_manager" name="tzbts" dev="proc" ino=4026532433 scontext=u:r:init:s0 tcontext=u:object_r:proc_thermal:s0 tclass=file permissive=1
06-16 07:06:39.053   638   638 I auditd  : type=1400 audit(0.0:80): avc: denied { open } for comm="thermal_manager" path="/proc/driver/thermal/tzbts" dev="proc" ino=4026532433 scontext=u:r:init:s0 tcontext=u:object_r:proc_thermal:s0 tclass=file permissive=1
06-16 07:06:39.116   453   453 I auditd  : type=1400 audit(0.0:81): avc: denied { call } for comm="audio.service.m" scontext=u:r:init:s0 tcontext=u:r:init:s0 tclass=binder permissive=1
06-16 07:06:39.173   790   790 I auditd  : type=1400 audit(0.0:82): avc: denied { setattr } for comm="volte_imcb" name="0" dev="devpts" ino=3 scontext=u:r:init:s0 tcontext=u:object_r:devpts:s0 tclass=chr_file permissive=1
06-16 07:06:39.296   662   662 I auditd  : type=1400 audit(0.0:83): avc: denied { read } for comm="BootAnimation" name="gralloc.rogue.so" dev="dm-1" ino=1163 scontext=u:r:bootanim:s0 tcontext=u:object_r:vendor_file:s0 tclass=file permissive=1
06-16 07:06:39.296   662   662 I auditd  : type=1400 audit(0.0:84): avc: denied { open } for comm="BootAnimation" path="/vendor/lib/hw/gralloc.rogue.so" dev="dm-1" ino=1163 scontext=u:r:bootanim:s0 tcontext=u:object_r:vendor_file:s0 tclass=file permissive=1
06-16 07:06:39.296   662   662 I auditd  : type=1400 audit(0.0:85): avc: denied { getattr } for comm="BootAnimation" path="/vendor/lib/hw/gralloc.rogue.so" dev="dm-1" ino=1163 scontext=u:r:bootanim:s0 tcontext=u:object_r:vendor_file:s0 tclass=file permissive=1
06-16 07:06:39.296   662   662 I auditd  : type=1400 audit(0.0:86): avc: denied { map } for comm="BootAnimation" path="/vendor/lib/hw/gralloc.rogue.so" dev="dm-1" ino=1163 scontext=u:r:bootanim:s0 tcontext=u:object_r:vendor_file:s0 tclass=file permissive=1
06-16 07:06:39.296   662   662 I auditd  : type=1400 audit(0.0:87): avc: denied { execute } for comm="BootAnimation" path="/vendor/lib/libdrm.so" dev="dm-1" ino=1339 scontext=u:r:bootanim:s0 tcontext=u:object_r:vendor_file:s0 tclass=file permissive=1
06-16 07:06:39.326   456   456 I auditd  : type=1400 audit(0.0:88): avc: denied { ioctl } for comm="allocator@4.0-s" path="/dev/ion" dev="tmpfs" ino=8828 ioctlcmd=0x4900 scontext=u:r:init:s0 tcontext=u:object_r:ion_device:s0 tclass=chr_file permissive=1
06-16 07:06:39.329   456   456 I auditd  : type=1400 audit(0.0:89): avc: denied { ioctl } for comm="allocator@4.0-s" path="/proc/ged" dev="proc" ino=4026533267 ioctlcmd=0x6764 scontext=u:r:init:s0 tcontext=u:object_r:proc_ged:s0 tclass=file permissive=1
06-16 07:06:39.329   456   456 I auditd  : type=1400 audit(0.0:90): avc: denied { ioctl } for comm="allocator@4.0-s" path="/proc/ged" dev="proc" ino=4026533267 ioctlcmd=0x6765 scontext=u:r:init:s0 tcontext=u:object_r:proc_ged:s0 tclass=file permissive=1
06-16 07:06:39.449   456   456 I auditd  : type=1400 audit(0.0:91): avc: denied { ioctl } for comm="allocator@4.0-s" path="/proc/ged" dev="proc" ino=4026533267 ioctlcmd=0x6764 scontext=u:r:init:s0 tcontext=u:object_r:proc_ged:s0 tclass=file permissive=1
06-16 07:06:39.449   456   456 I auditd  : type=1400 audit(0.0:92): avc: denied { ioctl } for comm="allocator@4.0-s" path="/proc/ged" dev="proc" ino=4026533267 ioctlcmd=0x6765 scontext=u:r:init:s0 tcontext=u:object_r:proc_ged:s0 tclass=file permissive=1
06-16 07:06:39.456   457   457 I auditd  : type=1400 audit(0.0:93): avc: denied { call } for comm="composer@2.1-se" scontext=u:r:hal_graphics_composer_default:s0 tcontext=u:r:init:s0 tclass=binder permissive=1
06-16 07:06:39.456   457   457 I auditd  : type=1400 audit(0.0:94): avc: denied { transfer } for comm="composer@2.1-se" scontext=u:r:hal_graphics_composer_default:s0 tcontext=u:r:init:s0 tclass=binder permissive=1
06-16 07:06:39.476   770   770 I auditd  : type=1400 audit(0.0:95): avc: denied { setattr } for comm="gsm0710muxd" name="3" dev="devpts" ino=6 scontext=u:r:init:s0 tcontext=u:object_r:devpts:s0 tclass=chr_file permissive=1
06-16 07:06:39.516   456   456 I auditd  : type=1400 audit(0.0:96): avc: denied { ioctl } for comm="allocator@4.0-s" path="/dev/ion" dev="tmpfs" ino=8828 ioctlcmd=0x4900 scontext=u:r:init:s0 tcontext=u:object_r:ion_device:s0 tclass=chr_file permissive=1
06-16 07:06:39.519   456   456 I auditd  : type=1400 audit(0.0:97): avc: denied { ioctl } for comm="allocator@4.0-s" path="/proc/ged" dev="proc" ino=4026533267 ioctlcmd=0x6764 scontext=u:r:init:s0 tcontext=u:object_r:proc_ged:s0 tclass=file permissive=1
06-16 07:06:39.519   456   456 I auditd  : type=1400 audit(0.0:98): avc: denied { ioctl } for comm="allocator@4.0-s" path="/proc/ged" dev="proc" ino=4026533267 ioctlcmd=0x6765 scontext=u:r:init:s0 tcontext=u:object_r:proc_ged:s0 tclass=file permissive=1
06-16 07:06:39.536   628   628 I auditd  : type=1400 audit(0.0:99): avc: denied { read } for comm="camerahalserver" name="ion" dev="tmpfs" ino=8828 scontext=u:r:init:s0 tcontext=u:object_r:ion_device:s0 tclass=chr_file permissive=1
06-16 07:06:39.536   628   628 I auditd  : type=1400 audit(0.0:100): avc: denied { open } for comm="camerahalserver" path="/dev/ion" dev="tmpfs" ino=8828 scontext=u:r:init:s0 tcontext=u:object_r:ion_device:s0 tclass=chr_file permissive=1
06-16 07:06:39.699   869   869 I auditd  : type=1400 audit(0.0:101): avc: denied { execute } for comm="mtkfusionrild" path="/vendor/lib/libhidltransport.so" dev="dm-1" ino=1373 scontext=u:r:init:s0 tcontext=u:object_r:same_process_hal_file:s0 tclass=file permissive=1
06-16 07:06:39.976   869   869 I auditd  : type=1400 audit(0.0:102): avc: denied { getattr } for comm=52494C44204D434C20446973706174 path="/dev/pts/0" dev="devpts" ino=3 scontext=u:r:init:s0 tcontext=u:object_r:devpts:s0 tclass=chr_file permissive=1
06-16 07:06:39.976   869   869 I auditd  : type=1400 audit(0.0:103): avc: denied { ioctl } for comm=52494C44204D434C20446973706174 path="/dev/pts/4" dev="devpts" ino=7 ioctlcmd=0x5401 scontext=u:r:init:s0 tcontext=u:object_r:devpts:s0 tclass=chr_file permissive=1
06-16 07:06:42.729   445   445 I auditd  : type=1400 audit(0.0:104): avc: denied { read } for comm="main" name="android.hardware.graphics.mapper@4.0-impl-mediatek.so" dev="dm-1" ino=1140 scontext=u:r:zygote:s0 tcontext=u:object_r:vendor_file:s0 tclass=file permissive=1
06-16 07:06:42.729   445   445 I auditd  : type=1400 audit(0.0:105): avc: denied { open } for comm="main" path="/vendor/lib/hw/android.hardware.graphics.mapper@4.0-impl-mediatek.so" dev="dm-1" ino=1140 scontext=u:r:zygote:s0 tcontext=u:object_r:vendor_file:s0 tclass=file permissive=1
06-16 07:06:42.729   445   445 I auditd  : type=1400 audit(0.0:106): avc: denied { getattr } for comm="main" path="/vendor/lib/hw/android.hardware.graphics.mapper@4.0-impl-mediatek.so" dev="dm-1" ino=1140 scontext=u:r:zygote:s0 tcontext=u:object_r:vendor_file:s0 tclass=file permissive=1
06-16 07:06:42.729   445   445 I auditd  : type=1400 audit(0.0:107): avc: denied { map } for comm="main" path="/vendor/lib/hw/android.hardware.graphics.mapper@4.0-impl-mediatek.so" dev="dm-1" ino=1140 scontext=u:r:zygote:s0 tcontext=u:object_r:vendor_file:s0 tclass=file permissive=1
06-16 07:06:42.733   445   445 I auditd  : type=1400 audit(0.0:108): avc: denied { execute } for comm="main" path="/vendor/lib/libgralloc_metadata.so" dev="dm-1" ino=1364 scontext=u:r:zygote:s0 tcontext=u:object_r:vendor_file:s0 tclass=file permissive=1
06-16 07:06:43.084   445   445 I boot_progress_preload_end: 19533
06-16 07:06:45.189  1049  1049 I system_server_start: [1,21634,21634]
06-16 07:06:45.190  1049  1049 I boot_progress_system_run: 21638
06-16 07:06:46.099  1049  1121 I commit_sys_config_file: [batterystats-daily,4]
06-16 07:06:46.226   470   470 I auditd  : type=1400 audit(0.0:109): avc: denied { read } for comm="HwBinder:470_1" name="driver_stats" dev="proc" ino=4026533246 scontext=u:r:init:s0 tcontext=u:object_r:procfs_gpu_img:s0 tclass=file permissive=1
06-16 07:06:46.226   470   470 I auditd  : type=1400 audit(0.0:110): avc: denied { open } for comm="HwBinder:470_1" path="/proc/pvr/driver_stats" dev="proc" ino=4026533246 scontext=u:r:init:s0 tcontext=u:object_r:procfs_gpu_img:s0 tclass=file permissive=1
06-16 07:06:46.226   470   470 I auditd  : type=1400 audit(0.0:111): avc: denied { read } for comm="HwBinder:470_1" name="clients_summary" dev="proc" ino=4026532109 scontext=u:r:init:s0 tcontext=u:object_r:proc_ion:s0 tclass=file permissive=1
06-16 07:06:46.226   470   470 I auditd  : type=1400 audit(0.0:112): avc: denied { open } for comm="HwBinder:470_1" path="/proc/ion/clients/clients_summary" dev="proc" ino=4026532109 scontext=u:r:init:s0 tcontext=u:object_r:proc_ion:s0 tclass=file permissive=1
06-16 07:06:46.254  1049  1049 I service_manager_stats: [100,16,22703]
06-16 07:06:46.256  1049  1121 I commit_sys_config_file: [batterystats,3]
06-16 07:06:46.259  1049  1121 I commit_sys_config_file: [batterystats,3]
06-16 07:06:46.334  1049  1049 I rescue_note: [0,1,22782]
06-16 07:06:46.339  1143  1143 I auditd  : type=1400 audit(0.0:113): avc: denied { execute } for comm="init" name="android.hardware.lights-service.mediatek" dev="dm-1" ino=128 scontext=u:r:init:s0 tcontext=u:object_r:vendor_file:s0 tclass=file permissive=1
06-16 07:06:46.339  1143  1143 I auditd  : type=1400 audit(0.0:114): avc: denied { execute_no_trans } for comm="init" path="/vendor/bin/hw/android.hardware.lights-service.mediatek" dev="dm-1" ino=128 scontext=u:r:init:s0 tcontext=u:object_r:vendor_file:s0 tclass=file permissive=1
06-16 07:06:46.439  1049  1049 I boot_progress_pms_start: 22887
06-16 07:06:46.760  1049  1049 I boot_progress_pms_system_scan_start: 23208
06-16 07:06:47.205  1049  1049 I boot_progress_pms_data_scan_start: 23653
06-16 07:06:47.217  1049  1049 I boot_progress_pms_scan_end: 23665
06-16 07:06:47.483  1049  1049 I commit_sys_config_file: [package-user-0,5]
06-16 07:06:47.483  1049  1049 I commit_sys_config_file: [package,69]
06-16 07:06:47.483  1049  1049 I boot_progress_pms_ready: 23932
06-16 07:06:47.516   648   648 I auditd  : type=1400 audit(0.0:115): avc: denied { ioctl } for comm="AALMain" path="/dev/mtk_disp_mgr" dev="tmpfs" ino=9597 ioctlcmd=0x780f scontext=u:r:init:s0 tcontext=u:object_r:graphics_device:s0 tclass=chr_file permissive=1
06-16 07:06:47.560  1049  1049 I am_uid_running: 1000
06-16 07:06:47.564  1049  1049 I am_uid_active: 1000
06-16 07:06:47.669  1049  1049 I commit_sys_config_file: [overlays,3]
06-16 07:06:47.703  1049  1119 I battery_status: [3,2,1,0,Li-poly]
06-16 07:06:47.703  1049  1119 I battery_level: [70,3934,311]
06-16 07:06:47.759  1049  1129 I commit_sys_config_file: [batterystats,2]
06-16 07:06:47.802  1049  1121 I dvm_lock_sample: [system_server,0,android.bg,27,AppProfiler.java,1838,void com.android.server.am.AppProfiler.updateCpuStatsNow(),BatteryStatsService.java,2115,void com.android.server.am.BatteryStatsService.lambda$setBatteryState$94$BatteryStatsService(int, int, int, int, int, int, int, int, long, long, long, long),5]
06-16 07:06:47.939  1175  1175 I auditd  : type=1400 audit(0.0:116): avc: denied { execute } for comm="init" name="android.hardware.vibrator-service.mediatek" dev="dm-1" ino=133 scontext=u:r:init:s0 tcontext=u:object_r:vendor_file:s0 tclass=file permissive=1
06-16 07:06:47.939  1175  1175 I auditd  : type=1400 audit(0.0:117): avc: denied { execute_no_trans } for comm="init" path="/vendor/bin/hw/android.hardware.vibrator-service.mediatek" dev="dm-1" ino=133 scontext=u:r:init:s0 tcontext=u:object_r:vendor_file:s0 tclass=file permissive=1
06-16 07:06:47.979  1175  1175 I auditd  : type=1400 audit(0.0:118): avc: denied { read } for comm="android.hardwar" name="activate" dev="sysfs" ino=30503 scontext=u:r:init:s0 tcontext=u:object_r:sysfs_vibrator:s0 tclass=file permissive=1
06-16 07:06:48.503  1049  1049 I wm_task_created: [1,-1]
06-16 07:06:48.521  1049  1114 I sysui_multi_action: [757,1594,758,4,759,0,806,NULL]
06-16 07:06:48.679  1049  1049 I configuration_changed: 536894968
06-16 07:06:48.689  1049  1049 I sysui_multi_action: [757,1659,758,4,759,1,1660,0]
06-16 07:06:48.711  1049  1049 I configuration_changed: 8
06-16 07:06:48.820  1049  1171 I commit_sys_config_file: [settings-0-0,35]
06-16 07:06:49.366   628   628 I auditd  : type=1400 audit(0.0:119): avc: denied { call } for comm="camerahalserver" scontext=u:r:init:s0 tcontext=u:r:init:s0 tclass=binder permissive=1
06-16 07:06:49.366   628   628 I auditd  : type=1400 audit(0.0:120): avc: denied { read } for comm="camerahalserver" name="ion" dev="tmpfs" ino=8828 scontext=u:r:init:s0 tcontext=u:object_r:ion_device:s0 tclass=chr_file permissive=1
06-16 07:06:49.366   628   628 I auditd  : type=1400 audit(0.0:121): avc: denied { open } for comm="camerahalserver" path="/dev/ion" dev="tmpfs" ino=8828 scontext=u:r:init:s0 tcontext=u:object_r:ion_device:s0 tclass=chr_file permissive=1
06-16 07:06:49.366   628   628 I auditd  : type=1400 audit(0.0:122): avc: denied { ioctl } for comm="camerahalserver" path="/dev/ion" dev="tmpfs" ino=8828 ioctlcmd=0x4906 scontext=u:r:init:s0 tcontext=u:object_r:ion_device:s0 tclass=chr_file permissive=1
06-16 07:06:49.403   461   461 I auditd  : type=1400 audit(0.0:123): avc: denied { read write } for comm="sensors@2.0-ser" name="accbatch" dev="sysfs" ino=39731 scontext=u:r:init:s0 tcontext=u:object_r:sysfs_sensor:s0 tclass=file permissive=1
06-16 07:06:49.403   461   461 I auditd  : type=1400 audit(0.0:124): avc: denied { open } for comm="sensors@2.0-ser" path="/sys/devices/virtual/sensor/m_acc_misc/accbatch" dev="sysfs" ino=39731 scontext=u:r:init:s0 tcontext=u:object_r:sysfs_sensor:s0 tclass=file permissive=1
06-16 07:06:49.573   456   456 I auditd  : type=1400 audit(0.0:125): avc: denied { ioctl } for comm="allocator@4.0-s" path="/proc/ged" dev="proc" ino=4026533267 ioctlcmd=0x6764 scontext=u:r:init:s0 tcontext=u:object_r:proc_ged:s0 tclass=file permissive=1
06-16 07:06:49.573   456   456 I auditd  : type=1400 audit(0.0:126): avc: denied { ioctl } for comm="allocator@4.0-s" path="/proc/ged" dev="proc" ino=4026533267 ioctlcmd=0x6765 scontext=u:r:init:s0 tcontext=u:object_r:proc_ged:s0 tclass=file permissive=1
06-16 07:06:49.576   628   628 I auditd  : type=1400 audit(0.0:127): avc: denied { ioctl } for comm="HwBinder:628_3" path="/proc/ged" dev="proc" ino=4026533267 ioctlcmd=0x6765 scontext=u:r:init:s0 tcontext=u:object_r:proc_ged:s0 tclass=file permissive=1
06-16 07:06:49.693   456   456 I auditd  : type=1400 audit(0.0:128): avc: denied { ioctl } for comm="allocator@4.0-s" path="/proc/ged" dev="proc" ino=4026533267 ioctlcmd=0x6764 scontext=u:r:init:s0 tcontext=u:object_r:proc_ged:s0 tclass=file permissive=1
06-16 07:06:49.693   456   456 I auditd  : type=1400 audit(0.0:129): avc: denied { ioctl } for comm="allocator@4.0-s" path="/proc/ged" dev="proc" ino=4026533267 ioctlcmd=0x6765 scontext=u:r:init:s0 tcontext=u:object_r:proc_ged:s0 tclass=file permissive=1
06-16 07:06:49.696   456   456 I auditd  : type=1400 audit(0.0:130): avc: denied { ioctl } for comm="allocator@4.0-s" path="/proc/ged" dev="proc" ino=4026533267 ioctlcmd=0x6764 scontext=u:r:init:s0 tcontext=u:object_r:proc_ged:s0 tclass=file permissive=1
06-16 07:06:49.696   456   456 I auditd  : type=1400 audit(0.0:131): avc: denied { ioctl } for comm="allocator@4.0-s" path="/proc/ged" dev="proc" ino=4026533267 ioctlcmd=0x6765 scontext=u:r:init:s0 tcontext=u:object_r:proc_ged:s0 tclass=file permissive=1
06-16 07:06:49.696   456   456 I auditd  : type=1400 audit(0.0:132): avc: denied { ioctl } for comm="allocator@4.0-s" path="/proc/ged" dev="proc" ino=4026533267 ioctlcmd=0x6764 scontext=u:r:init:s0 tcontext=u:object_r:proc_ged:s0 tclass=file permissive=1
06-16 07:06:49.699   456   456 I auditd  : type=1400 audit(0.0:133): avc: denied { ioctl } for comm="allocator@4.0-s" path="/proc/ged" dev="proc" ino=4026533267 ioctlcmd=0x6765 scontext=u:r:init:s0 tcontext=u:object_r:proc_ged:s0 tclass=file permissive=1
06-16 07:06:49.699   456   456 I auditd  : type=1400 audit(0.0:134): avc: denied { ioctl } for comm="allocator@4.0-s" path="/proc/ged" dev="proc" ino=4026533267 ioctlcmd=0x6764 scontext=u:r:init:s0 tcontext=u:object_r:proc_ged:s0 tclass=file permissive=1
06-16 07:06:49.699   456   456 I auditd  : type=1400 audit(0.0:135): avc: denied { ioctl } for comm="allocator@4.0-s" path="/proc/ged" dev="proc" ino=4026533267 ioctlcmd=0x6765 scontext=u:r:init:s0 tcontext=u:object_r:proc_ged:s0 tclass=file permissive=1
06-16 07:06:49.699   456   456 I auditd  : type=1400 audit(0.0:136): avc: denied { ioctl } for comm="allocator@4.0-s" path="/proc/ged" dev="proc" ino=4026533267 ioctlcmd=0x6764 scontext=u:r:init:s0 tcontext=u:object_r:proc_ged:s0 tclass=file permissive=1
06-16 07:06:49.703   456   456 I auditd  : type=1400 audit(0.0:137): avc: denied { ioctl } for comm="allocator@4.0-s" path="/proc/ged" dev="proc" ino=4026533267 ioctlcmd=0x6765 scontext=u:r:init:s0 tcontext=u:object_r:proc_ged:s0 tclass=file permissive=1
06-16 07:06:49.703   456   456 I auditd  : type=1400 audit(0.0:138): avc: denied { ioctl } for comm="allocator@4.0-s" path="/proc/ged" dev="proc" ino=4026533267 ioctlcmd=0x6764 scontext=u:r:init:s0 tcontext=u:object_r:proc_ged:s0 tclass=file permissive=1
06-16 07:06:49.706   456   456 I auditd  : type=1400 audit(0.0:139): avc: denied { ioctl } for comm="allocator@4.0-s" path="/proc/ged" dev="proc" ino=4026533267 ioctlcmd=0x6765 scontext=u:r:init:s0 tcontext=u:object_r:proc_ged:s0 tclass=file permissive=1
06-16 07:06:49.706   456   456 I auditd  : type=1400 audit(0.0:140): avc: denied { ioctl } for comm="allocator@4.0-s" path="/proc/ged" dev="proc" ino=4026533267 ioctlcmd=0x6764 scontext=u:r:init:s0 tcontext=u:object_r:proc_ged:s0 tclass=file permissive=1
06-16 07:06:49.706   456   456 I auditd  : type=1400 audit(0.0:141): avc: denied { ioctl } for comm="allocator@4.0-s" path="/proc/ged" dev="proc" ino=4026533267 ioctlcmd=0x6765 scontext=u:r:init:s0 tcontext=u:object_r:proc_ged:s0 tclass=file permissive=1
06-16 07:06:49.709   456   456 I auditd  : type=1400 audit(0.0:142): avc: denied { ioctl } for comm="allocator@4.0-s" path="/proc/ged" dev="proc" ino=4026533267 ioctlcmd=0x6764 scontext=u:r:init:s0 tcontext=u:object_r:proc_ged:s0 tclass=file permissive=1
06-16 07:06:49.709   456   456 I auditd  : type=1400 audit(0.0:143): avc: denied { ioctl } for comm="allocator@4.0-s" path="/proc/ged" dev="proc" ino=4026533267 ioctlcmd=0x6765 scontext=u:r:init:s0 tcontext=u:object_r:proc_ged:s0 tclass=file permissive=1
06-16 07:06:49.709   456   456 I auditd  : type=1400 audit(0.0:144): avc: denied { ioctl } for comm="allocator@4.0-s" path="/proc/ged" dev="proc" ino=4026533267 ioctlcmd=0x6764 scontext=u:r:init:s0 tcontext=u:object_r:proc_ged:s0 tclass=file permissive=1
06-16 07:06:49.713   456   456 I auditd  : type=1400 audit(0.0:145): avc: denied { ioctl } for comm="allocator@4.0-s" path="/proc/ged" dev="proc" ino=4026533267 ioctlcmd=0x6765 scontext=u:r:init:s0 tcontext=u:object_r:proc_ged:s0 tclass=file permissive=1
06-16 07:06:49.713   456   456 I auditd  : type=1400 audit(0.0:146): avc: denied { ioctl } for comm="allocator@4.0-s" path="/proc/ged" dev="proc" ino=4026533267 ioctlcmd=0x6764 scontext=u:r:init:s0 tcontext=u:object_r:proc_ged:s0 tclass=file permissive=1
06-16 07:06:49.716   456   456 I auditd  : type=1400 audit(0.0:147): avc: denied { ioctl } for comm="allocator@4.0-s" path="/proc/ged" dev="proc" ino=4026533267 ioctlcmd=0x6765 scontext=u:r:init:s0 tcontext=u:object_r:proc_ged:s0 tclass=file permissive=1
06-16 07:06:49.719   456   456 I auditd  : type=1400 audit(0.0:148): avc: denied { ioctl } for comm="allocator@4.0-s" path="/proc/ged" dev="proc" ino=4026533267 ioctlcmd=0x6764 scontext=u:r:init:s0 tcontext=u:object_r:proc_ged:s0 tclass=file permissive=1
06-16 07:06:49.719   456   456 I auditd  : type=1400 audit(0.0:149): avc: denied { ioctl } for comm="allocator@4.0-s" path="/proc/ged" dev="proc" ino=4026533267 ioctlcmd=0x6765 scontext=u:r:init:s0 tcontext=u:object_r:proc_ged:s0 tclass=file permissive=1
06-16 07:06:49.723   456   456 I auditd  : type=1400 audit(0.0:150): avc: denied { ioctl } for comm="allocator@4.0-s" path="/proc/ged" dev="proc" ino=4026533267 ioctlcmd=0x6764 scontext=u:r:init:s0 tcontext=u:object_r:proc_ged:s0 tclass=file permissive=1
06-16 07:06:49.723   456   456 I auditd  : type=1400 audit(0.0:151): avc: denied { ioctl } for comm="allocator@4.0-s" path="/proc/ged" dev="proc" ino=4026533267 ioctlcmd=0x6765 scontext=u:r:init:s0 tcontext=u:object_r:proc_ged:s0 tclass=file permissive=1
06-16 07:06:49.726   456   456 I auditd  : type=1400 audit(0.0:152): avc: denied { ioctl } for comm="allocator@4.0-s" path="/proc/ged" dev="proc" ino=4026533267 ioctlcmd=0x6764 scontext=u:r:init:s0 tcontext=u:object_r:proc_ged:s0 tclass=file permissive=1
06-16 07:06:49.726   456   456 I auditd  : type=1400 audit(0.0:153): avc: denied { ioctl } for comm="allocator@4.0-s" path="/proc/ged" dev="proc" ino=4026533267 ioctlcmd=0x6765 scontext=u:r:init:s0 tcontext=u:object_r:proc_ged:s0 tclass=file permissive=1
06-16 07:06:49.726   456   456 I auditd  : type=1400 audit(0.0:154): avc: denied { ioctl } for comm="allocator@4.0-s" path="/proc/ged" dev="proc" ino=4026533267 ioctlcmd=0x6764 scontext=u:r:init:s0 tcontext=u:object_r:proc_ged:s0 tclass=file permissive=1
06-16 07:06:49.729   456   456 I auditd  : type=1400 audit(0.0:155): avc: denied { ioctl } for comm="allocator@4.0-s" path="/proc/ged" dev="proc" ino=4026533267 ioctlcmd=0x6765 scontext=u:r:init:s0 tcontext=u:object_r:proc_ged:s0 tclass=file permissive=1
06-16 07:06:49.729   456   456 I auditd  : type=1400 audit(0.0:156): avc: denied { ioctl } for comm="allocator@4.0-s" path="/proc/ged" dev="proc" ino=4026533267 ioctlcmd=0x6764 scontext=u:r:init:s0 tcontext=u:object_r:proc_ged:s0 tclass=file permissive=1
06-16 07:06:49.733   456   456 I auditd  : type=1400 audit(0.0:157): avc: denied { ioctl } for comm="allocator@4.0-s" path="/proc/ged" dev="proc" ino=4026533267 ioctlcmd=0x6765 scontext=u:r:init:s0 tcontext=u:object_r:proc_ged:s0 tclass=file permissive=1
06-16 07:06:49.733   456   456 I auditd  : type=1400 audit(0.0:158): avc: denied { ioctl } for comm="allocator@4.0-s" path="/proc/ged" dev="proc" ino=4026533267 ioctlcmd=0x6764 scontext=u:r:init:s0 tcontext=u:object_r:proc_ged:s0 tclass=file permissive=1
06-16 07:06:49.733   456   456 I auditd  : type=1400 audit(0.0:159): avc: denied { ioctl } for comm="allocator@4.0-s" path="/proc/ged" dev="proc" ino=4026533267 ioctlcmd=0x6765 scontext=u:r:init:s0 tcontext=u:object_r:proc_ged:s0 tclass=file permissive=1
06-16 07:06:49.739   456   456 I auditd  : type=1400 audit(0.0:160): avc: denied { ioctl } for comm="allocator@4.0-s" path="/proc/ged" dev="proc" ino=4026533267 ioctlcmd=0x6764 scontext=u:r:init:s0 tcontext=u:object_r:proc_ged:s0 tclass=file permissive=1
06-16 07:06:49.739   456   456 I auditd  : type=1400 audit(0.0:161): avc: denied { ioctl } for comm="allocator@4.0-s" path="/proc/ged" dev="proc" ino=4026533267 ioctlcmd=0x6765 scontext=u:r:init:s0 tcontext=u:object_r:proc_ged:s0 tclass=file permissive=1
06-16 07:06:49.739   585   585 I auditd  : type=1400 audit(0.0:162): avc: denied { read } for comm="C3Dev-1-ReqQueu" name="android.hardware.graphics.mapper@4.0-impl-mediatek.so" dev="dm-1" ino=1140 scontext=u:r:cameraserver:s0 tcontext=u:object_r:vendor_file:s0 tclass=file permissive=1
06-16 07:06:49.739   585   585 I auditd  : type=1400 audit(0.0:163): avc: denied { open } for comm="C3Dev-1-ReqQueu" path="/vendor/lib/hw/android.hardware.graphics.mapper@4.0-impl-mediatek.so" dev="dm-1" ino=1140 scontext=u:r:cameraserver:s0 tcontext=u:object_r:vendor_file:s0 tclass=file permissive=1
06-16 07:06:49.739   585   585 I auditd  : type=1400 audit(0.0:164): avc: denied { getattr } for comm="C3Dev-1-ReqQueu" path="/vendor/lib/hw/android.hardware.graphics.mapper@4.0-impl-mediatek.so" dev="dm-1" ino=1140 scontext=u:r:cameraserver:s0 tcontext=u:object_r:vendor_file:s0 tclass=file permissive=1
06-16 07:06:49.743   585   585 I auditd  : type=1400 audit(0.0:165): avc: denied { map } for comm="C3Dev-1-ReqQueu" path="/vendor/lib/hw/android.hardware.graphics.mapper@4.0-impl-mediatek.so" dev="dm-1" ino=1140 scontext=u:r:cameraserver:s0 tcontext=u:object_r:vendor_file:s0 tclass=file permissive=1
06-16 07:06:49.743   585   585 I auditd  : type=1400 audit(0.0:166): avc: denied { execute } for comm="C3Dev-1-ReqQueu" path="/vendor/lib/libPVRMtkutils.so" dev="dm-1" ino=1209 scontext=u:r:cameraserver:s0 tcontext=u:object_r:vendor_file:s0 tclass=file permissive=1
06-16 07:06:49.773   628   628 I auditd  : type=1400 audit(0.0:167): avc: denied { ioctl } for comm="HwBinder:628_3" path="/proc/ged" dev="proc" ino=4026533267 ioctlcmd=0x6765 scontext=u:r:init:s0 tcontext=u:object_r:proc_ged:s0 tclass=file permissive=1
06-16 07:06:49.773   628   628 I auditd  : type=1400 audit(0.0:168): avc: denied { ioctl } for comm="HwBinder:628_3" path="/proc/ged" dev="proc" ino=4026533267 ioctlcmd=0x6766 scontext=u:r:init:s0 tcontext=u:object_r:proc_ged:s0 tclass=file permissive=1
06-16 07:06:49.773   628   628 I auditd  : type=1400 audit(0.0:169): avc: denied { ioctl } for comm="HwBinder:628_3" path="/proc/ged" dev="proc" ino=4026533267 ioctlcmd=0x6765 scontext=u:r:init:s0 tcontext=u:object_r:proc_ged:s0 tclass=file permissive=1
06-16 07:06:49.773   628   628 I auditd  : type=1400 audit(0.0:170): avc: denied { ioctl } for comm="HwBinder:628_3" path="/proc/ged" dev="proc" ino=4026533267 ioctlcmd=0x6766 scontext=u:r:init:s0 tcontext=u:object_r:proc_ged:s0 tclass=file permissive=1
06-16 07:06:49.779   456   456 I auditd  : type=1400 audit(0.0:171): avc: denied { ioctl } for comm="allocator@4.0-s" path="/proc/ged" dev="proc" ino=4026533267 ioctlcmd=0x6764 scontext=u:r:init:s0 tcontext=u:object_r:proc_ged:s0 tclass=file permissive=1
06-16 07:06:49.779   456   456 I auditd  : type=1400 audit(0.0:172): avc: denied { ioctl } for comm="allocator@4.0-s" path="/proc/ged" dev="proc" ino=4026533267 ioctlcmd=0x6765 scontext=u:r:init:s0 tcontext=u:object_r:proc_ged:s0 tclass=file permissive=1
06-16 07:06:49.779   628   628 I auditd  : type=1400 audit(0.0:173): avc: denied { ioctl } for comm="HwBinder:628_3" path="/proc/ged" dev="proc" ino=4026533267 ioctlcmd=0x6765 scontext=u:r:init:s0 tcontext=u:object_r:proc_ged:s0 tclass=file permissive=1
06-16 07:06:49.783   628   628 I auditd  : type=1400 audit(0.0:174): avc: denied { ioctl } for comm="HwBinder:628_3" path="/proc/ged" dev="proc" ino=4026533267 ioctlcmd=0x6766 scontext=u:r:init:s0 tcontext=u:object_r:proc_ged:s0 tclass=file permissive=1
06-16 07:06:49.783   628   628 I auditd  : type=1400 audit(0.0:175): avc: denied { ioctl } for comm="HwBinder:628_3" path="/proc/ged" dev="proc" ino=4026533267 ioctlcmd=0x6765 scontext=u:r:init:s0 tcontext=u:object_r:proc_ged:s0 tclass=file permissive=1
06-16 07:06:49.783   628   628 I auditd  : type=1400 audit(0.0:176): avc: denied { ioctl } for comm="HwBinder:628_3" path="/proc/ged" dev="proc" ino=4026533267 ioctlcmd=0x6766 scontext=u:r:init:s0 tcontext=u:object_r:proc_ged:s0 tclass=file permissive=1
06-16 07:06:49.786   456   456 I auditd  : type=1400 audit(0.0:177): avc: denied { ioctl } for comm="allocator@4.0-s" path="/proc/ged" dev="proc" ino=4026533267 ioctlcmd=0x6764 scontext=u:r:init:s0 tcontext=u:object_r:proc_ged:s0 tclass=file permissive=1
06-16 07:06:49.786   456   456 I auditd  : type=1400 audit(0.0:178): avc: denied { ioctl } for comm="allocator@4.0-s" path="/proc/ged" dev="proc" ino=4026533267 ioctlcmd=0x6765 scontext=u:r:init:s0 tcontext=u:object_r:proc_ged:s0 tclass=file permissive=1
06-16 07:06:49.786   628   628 I auditd  : type=1400 audit(0.0:179): avc: denied { ioctl } for comm="HwBinder:628_3" path="/proc/ged" dev="proc" ino=4026533267 ioctlcmd=0x6765 scontext=u:r:init:s0 tcontext=u:object_r:proc_ged:s0 tclass=file permissive=1
06-16 07:06:49.786   628   628 I auditd  : type=1400 audit(0.0:180): avc: denied { ioctl } for comm="HwBinder:628_3" path="/proc/ged" dev="proc" ino=4026533267 ioctlcmd=0x6766 scontext=u:r:init:s0 tcontext=u:object_r:proc_ged:s0 tclass=file permissive=1
06-16 07:06:49.786   628   628 I auditd  : type=1400 audit(0.0:181): avc: denied { ioctl } for comm="HwBinder:628_3" path="/proc/ged" dev="proc" ino=4026533267 ioctlcmd=0x6765 scontext=u:r:init:s0 tcontext=u:object_r:proc_ged:s0 tclass=file permissive=1
06-16 07:06:49.786   628   628 I auditd  : type=1400 audit(0.0:182): avc: denied { ioctl } for comm="HwBinder:628_3" path="/proc/ged" dev="proc" ino=4026533267 ioctlcmd=0x6766 scontext=u:r:init:s0 tcontext=u:object_r:proc_ged:s0 tclass=file permissive=1
06-16 07:06:49.799   456   456 I auditd  : type=1400 audit(0.0:183): avc: denied { ioctl } for comm="allocator@4.0-s" path="/proc/ged" dev="proc" ino=4026533267 ioctlcmd=0x6764 scontext=u:r:init:s0 tcontext=u:object_r:proc_ged:s0 tclass=file permissive=1
06-16 07:06:49.799   456   456 I auditd  : type=1400 audit(0.0:184): avc: denied { ioctl } for comm="allocator@4.0-s" path="/proc/ged" dev="proc" ino=4026533267 ioctlcmd=0x6765 scontext=u:r:init:s0 tcontext=u:object_r:proc_ged:s0 tclass=file permissive=1
06-16 07:06:49.799   628   628 I auditd  : type=1400 audit(0.0:185): avc: denied { ioctl } for comm="HwBinder:628_3" path="/proc/ged" dev="proc" ino=4026533267 ioctlcmd=0x6765 scontext=u:r:init:s0 tcontext=u:object_r:proc_ged:s0 tclass=file permissive=1
06-16 07:06:49.799   628   628 I auditd  : type=1400 audit(0.0:186): avc: denied { ioctl } for comm="HwBinder:628_3" path="/proc/ged" dev="proc" ino=4026533267 ioctlcmd=0x6766 scontext=u:r:init:s0 tcontext=u:object_r:proc_ged:s0 tclass=file permissive=1
