06-16 07:07:07.246  1049  1122 D SystemServerTimingAsync: ssm.onUnlockingUser-0_com.android.server.powerstats.PowerStatsService took to complete: 0ms
06-16 07:07:07.246  1049  1122 I SystemServerTimingAsync: ssm.onUnlockingUser-0_com.android.server.wm.ActivityTaskManagerService$Lifecycle
06-16 07:07:07.246  1049  1122 D SystemServerTimingAsync: ssm.onUnlockingUser-0_com.android.server.wm.ActivityTaskManagerService$Lifecycle took to complete: 0ms
06-16 07:07:07.246  1049  1122 I SystemServerTimingAsync: ssm.onUnlockingUser-0_com.android.server.am.ActivityManagerService$Lifecycle
06-16 07:07:07.246  1049  1122 D SystemServerTimingAsync: ssm.onUnlockingUser-0_com.android.server.am.ActivityManagerService$Lifecycle took to complete: 0ms
06-16 07:07:07.246  1049  1122 I SystemServerTimingAsync: ssm.onUnlockingUser-0_com.android.server.pm.DataLoaderManagerService
06-16 07:07:07.246  1049  1122 D SystemServerTimingAsync: ssm.onUnlockingUser-0_com.android.server.pm.DataLoaderManagerService took to complete: 0ms
06-16 07:07:07.246  1049  1122 I SystemServerTimingAsync: ssm.onUnlockingUser-0_com.android.server.power.PowerManagerService
06-16 07:07:07.246  1049  1122 D SystemServerTimingAsync: ssm.onUnlockingUser-0_com.android.server.power.PowerManagerService took to complete: 0ms
06-16 07:07:07.246  1049  1122 I SystemServerTimingAsync: ssm.onUnlockingUser-0_com.android.server.power.ThermalManagerService
06-16 07:07:07.246  1049  1122 D SystemServerTimingAsync: ssm.onUnlockingUser-0_com.android.server.power.ThermalManagerService took to complete: 0ms
06-16 07:07:07.246  1049  1122 I SystemServerTimingAsync: ssm.onUnlockingUser-0_com.android.server.power.hint.HintManagerService
06-16 07:07:07.246  1049  1122 D SystemServerTimingAsync: ssm.onUnlockingUser-0_com.android.server.power.hint.HintManagerService took to complete: 0ms
06-16 07:07:07.246  1049  1122 I SystemServerTimingAsync: ssm.onUnlockingUser-0_com.android.server.recoverysystem.RecoverySystemService$Lifecycle
06-16 07:07:07.246  1049  1122 D SystemServerTimingAsync: ssm.onUnlockingUser-0_com.android.server.recoverysystem.RecoverySystemService$Lifecycle took to complete: 0ms
06-16 07:07:07.246  1049  1122 I SystemServerTimingAsync: ssm.onUnlockingUser-0_com.android.server.lights.LightsService
06-16 07:07:07.246  1049  1122 D SystemServerTimingAsync: ssm.onUnlockingUser-0_com.android.server.lights.LightsService took to complete: 0ms
06-16 07:07:07.246  1049  1122 I SystemServerTimingAsync: ssm.onUnlockingUser-0_com.android.server.display.DisplayManagerService
06-16 07:07:07.246  1049  1122 D SystemServerTimingAsync: ssm.onUnlockingUser-0_com.android.server.display.DisplayManagerService took to complete: 0ms
06-16 07:07:07.247  1049  1122 I SystemServerTimingAsync: ssm.onUnlockingUser-0_com.android.server.pm.verify.domain.DomainVerificationService
06-16 07:07:07.247  1049  1122 D SystemServerTimingAsync: ssm.onUnlockingUser-0_com.android.server.pm.verify.domain.DomainVerificationService took to complete: 0ms
06-16 07:07:07.247  1049  1122 I SystemServerTimingAsync: ssm.onUnlockingUser-0_com.android.server.pm.PackageInstallerService$Lifecycle
06-16 07:07:07.247  1049  1122 D SystemServerTimingAsync: ssm.onUnlockingUser-0_com.android.server.pm.PackageInstallerService$Lifecycle took to complete: 0ms
06-16 07:07:07.247  1049  1122 I SystemServerTimingAsync: ssm.onUnlockingUser-0_com.android.server.pm.UserManagerService$LifeCycle
06-16 07:07:07.247  1049  1122 D SystemServerTimingAsync: ssm.onUnlockingUser-0_com.android.server.pm.UserManagerService$LifeCycle took to complete: 0ms
06-16 07:07:07.247  1049  1122 I SystemServerTimingAsync: ssm.onUnlockingUser-0_com.android.server.om.OverlayManagerService
06-16 07:07:07.247  1049  1122 D SystemServerTimingAsync: ssm.onUnlockingUser-0_com.android.server.om.OverlayManagerService took to complete: 0ms
06-16 07:07:07.247  1049  1122 I SystemServerTimingAsync: ssm.onUnlockingUser-0_com.android.server.SensorPrivacyService
06-16 07:07:07.247  1049  1122 D SystemServerTimingAsync: ssm.onUnlockingUser-0_com.android.server.SensorPrivacyService took to complete: 0ms
06-16 07:07:07.247  1049  1122 I SystemServerTimingAsync: ssm.onUnlockingUser-0_com.android.server.sensors.SensorService
06-16 07:07:07.247  1049  1122 D SystemServerTimingAsync: ssm.onUnlockingUser-0_com.android.server.sensors.SensorService took to complete: 0ms
06-16 07:07:07.247  1049  1122 I SystemServerTimingAsync: ssm.onUnlockingUser-0_com.android.server.SystemConfigService
06-16 07:07:07.247  1049  1122 D SystemServerTimingAsync: ssm.onUnlockingUser-0_com.android.server.SystemConfigService took to complete: 0ms
06-16 07:07:07.247  1049  1122 I SystemServerTimingAsync: ssm.onUnlockingUser-0_com.android.server.BatteryService
06-16 07:07:07.247  1049  1122 D SystemServerTimingAsync: ssm.onUnlockingUser-0_com.android.server.BatteryService took to complete: 0ms
06-16 07:07:07.247  1049  1122 I SystemServerTimingAsync: ssm.onUnlockingUser-0_com.android.server.usage.UsageStatsService
06-16 07:07:07.247  1049  1122 D SystemServerTimingAsync: ssm.onUnlockingUser-0_com.android.server.usage.UsageStatsService took to complete: 1ms
06-16 07:07:07.247  1049  1122 I SystemServerTimingAsync: ssm.onUnlockingUser-0_com.android.server.webkit.WebViewUpdateService
06-16 07:07:07.247  1049  1122 D SystemServerTimingAsync: ssm.onUnlockingUser-0_com.android.server.webkit.WebViewUpdateService took to complete: 0ms
06-16 07:07:07.247  1049  1122 I SystemServerTimingAsync: ssm.onUnlockingUser-0_com.android.server.CachedDeviceStateService
06-16 07:07:07.247  1049  1122 D SystemServerTimingAsync: ssm.onUnlockingUser-0_com.android.server.CachedDeviceStateService took to complete: 0ms
06-16 07:07:07.247  1049  1122 I SystemServerTimingAsync: ssm.onUnlockingUser-0_com.android.server.BinderCallsStatsService$LifeCycle
06-16 07:07:07.247  1049  1122 D SystemServerTimingAsync: ssm.onUnlockingUser-0_com.android.server.BinderCallsStatsService$LifeCycle took to complete: 0ms
06-16 07:07:07.247  1049  1122 I SystemServerTimingAsync: ssm.onUnlockingUser-0_com.android.server.LooperStatsService$Lifecycle
06-16 07:07:07.247  1049  1122 D SystemServerTimingAsync: ssm.onUnlockingUser-0_com.android.server.LooperStatsService$Lifecycle took to complete: 0ms
06-16 07:07:07.247  1049  1122 I SystemServerTimingAsync: ssm.onUnlockingUser-0_com.android.server.rollback.RollbackManagerService
06-16 07:07:07.248  1049  1122 D SystemServerTimingAsync: ssm.onUnlockingUser-0_com.android.server.rollback.RollbackManagerService took to complete: 1ms
06-16 07:07:07.248  1049  1122 I SystemServerTimingAsync: ssm.onUnlockingUser-0_com.android.server.os.NativeTombstoneManagerService
06-16 07:07:07.248  1049  1122 D SystemServerTimingAsync: ssm.onUnlockingUser-0_com.android.server.os.NativeTombstoneManagerService took to complete: 0ms
06-16 07:07:07.248  1049  1122 I SystemServerTimingAsync: ssm.onUnlockingUser-0_com.android.server.os.BugreportManagerService
06-16 07:07:07.248  1049  1122 D SystemServerTimingAsync: ssm.onUnlockingUser-0_com.android.server.os.BugreportManagerService took to complete: 0ms
06-16 07:07:07.248  1049  1122 I SystemServerTimingAsync: ssm.onUnlockingUser-0_com.android.server.gpu.GpuService
06-16 07:07:07.248  1049  1122 D SystemServerTimingAsync: ssm.onUnlockingUser-0_com.android.server.gpu.GpuService took to complete: 0ms
06-16 07:07:07.248  1049  1122 I SystemServerTimingAsync: ssm.onUnlockingUser-0_com.android.server.security.KeyChainSystemService
06-16 07:07:07.248  1049  1122 D SystemServerTimingAsync: ssm.onUnlockingUser-0_com.android.server.security.KeyChainSystemService took to complete: 0ms
06-16 07:07:07.248  1049  1122 I SystemServerTimingAsync: ssm.onUnlockingUser-0_com.android.server.telecom.TelecomLoaderService
06-16 07:07:07.249  1049  1122 D SystemServerTimingAsync: ssm.onUnlockingUser-0_com.android.server.telecom.TelecomLoaderService took to complete: 0ms
06-16 07:07:07.249  1049  1122 I SystemServerTimingAsync: ssm.onUnlockingUser-0_com.android.server.accounts.AccountManagerService$Lifecycle
06-16 07:07:07.249  1049  1122 D SystemServerTimingAsync: ssm.onUnlockingUser-0_com.android.server.accounts.AccountManagerService$Lifecycle took to complete: 0ms
06-16 07:07:07.249  1049  1122 I SystemServerTimingAsync: ssm.onUnlockingUser-0_com.android.server.content.ContentService$Lifecycle
06-16 07:07:07.250  1049  1122 D SystemServerTimingAsync: ssm.onUnlockingUser-0_com.android.server.content.ContentService$Lifecycle took to complete: 1ms
06-16 07:07:07.250  1049  1122 I SystemServerTimingAsync: ssm.onUnlockingUser-0_com.android.server.DropBoxManagerService
06-16 07:07:07.250  1049  1122 D SystemServerTimingAsync: ssm.onUnlockingUser-0_com.android.server.DropBoxManagerService took to complete: 0ms
06-16 07:07:07.250  1049  1122 I SystemServerTimingAsync: ssm.onUnlockingUser-0_com.android.role.RoleService
06-16 07:07:07.250  1049  1122 D SystemServerTimingAsync: ssm.onUnlockingUser-0_com.android.role.RoleService took to complete: 0ms
06-16 07:07:07.250  1049  1122 I SystemServerTimingAsync: ssm.onUnlockingUser-0_com.android.server.vibrator.VibratorManagerService$Lifecycle
06-16 07:07:07.250  1049  1122 D SystemServerTimingAsync: ssm.onUnlockingUser-0_com.android.server.vibrator.VibratorManagerService$Lifecycle took to complete: 0ms
06-16 07:07:07.250  1049  1122 I SystemServerTimingAsync: ssm.onUnlockingUser-0_com.android.server.alarm.AlarmManagerService
06-16 07:07:07.250  1049  1122 D SystemServerTimingAsync: ssm.onUnlockingUser-0_com.android.server.alarm.AlarmManagerService took to complete: 0ms
06-16 07:07:07.250  1049  1122 I SystemServerTimingAsync: ssm.onUnlockingUser-0_com.android.server.devicestate.DeviceStateManagerService
06-16 07:07:07.251  1049  1122 D SystemServerTimingAsync: ssm.onUnlockingUser-0_com.android.server.devicestate.DeviceStateManagerService took to complete: 0ms
06-16 07:07:07.251  1049  1122 I SystemServerTimingAsync: ssm.onUnlockingUser-0_com.android.server.camera.CameraServiceProxy
06-16 07:07:07.251  1049  1122 D SystemServerTimingAsync: ssm.onUnlockingUser-0_com.android.server.camera.CameraServiceProxy took to complete: 0ms
06-16 07:07:07.251  1049  1122 I SystemServerTimingAsync: ssm.onUnlockingUser-0_com.android.server.BluetoothService
06-16 07:07:07.251  1049  1122 D BluetoothManagerService: User 0 unlocked
06-16 07:07:07.251  1049  1122 D SystemServerTimingAsync: ssm.onUnlockingUser-0_com.android.server.BluetoothService took to complete: 0ms
06-16 07:07:07.252  1049  1122 I SystemServerTimingAsync: ssm.onUnlockingUser-0_com.android.server.connectivity.IpConnectivityMetrics
06-16 07:07:07.252  1049  1122 D SystemServerTimingAsync: ssm.onUnlockingUser-0_com.android.server.connectivity.IpConnectivityMetrics took to complete: 0ms
06-16 07:07:07.252  1049  1122 I SystemServerTimingAsync: ssm.onUnlockingUser-0_com.android.server.net.watchlist.NetworkWatchlistService$Lifecycle
06-16 07:07:07.252  1049  1122 D SystemServerTimingAsync: ssm.onUnlockingUser-0_com.android.server.net.watchlist.NetworkWatchlistService$Lifecycle took to complete: 0ms
06-16 07:07:07.252  1049  1122 I SystemServerTimingAsync: ssm.onUnlockingUser-0_com.android.server.PinnerService
06-16 07:07:07.252  1049  1122 D SystemServerTimingAsync: ssm.onUnlockingUser-0_com.android.server.PinnerService took to complete: 0ms
06-16 07:07:07.252  1049  1122 I SystemServerTimingAsync: ssm.onUnlockingUser-0_com.google.android.startop.iorap.IorapForwardingService
06-16 07:07:07.252  1049  1122 D SystemServerTimingAsync: ssm.onUnlockingUser-0_com.google.android.startop.iorap.IorapForwardingService took to complete: 0ms
06-16 07:07:07.252  1049  1122 I SystemServerTimingAsync: ssm.onUnlockingUser-0_com.android.server.integrity.AppIntegrityManagerService
06-16 07:07:07.252  1049  1122 D SystemServerTimingAsync: ssm.onUnlockingUser-0_com.android.server.integrity.AppIntegrityManagerService took to complete: 0ms
06-16 07:07:07.252  1049  1122 I SystemServerTimingAsync: ssm.onUnlockingUser-0_com.android.server.inputmethod.InputMethodManagerService$Lifecycle
06-16 07:07:07.252  1049  1122 D SystemServerTimingAsync: ssm.onUnlockingUser-0_com.android.server.inputmethod.InputMethodManagerService$Lifecycle took to complete: 0ms
06-16 07:07:07.252  1049  1122 I SystemServerTimingAsync: ssm.onUnlockingUser-0_com.android.server.accessibility.AccessibilityManagerService$Lifecycle
06-16 07:07:07.252  1049  1122 D SystemServerTimingAsync: ssm.onUnlockingUser-0_com.android.server.accessibility.AccessibilityManagerService$Lifecycle took to complete: 0ms
06-16 07:07:07.252  1049  1122 I SystemServerTimingAsync: ssm.onUnlockingUser-0_com.android.server.StorageManagerService$Lifecycle
06-16 07:07:07.252  1049  1122 D StorageManagerService: onUnlockUser 0
06-16 07:07:07.253  1049  1113 D BluetoothManagerService: MESSAGE_USER_UNLOCKED
06-16 07:07:07.253  1049  1122 I StorageSessionController: On user unlock 0
06-16 07:07:07.253  1049  1122 I StorageSessionController: Initialialising...
06-16 07:07:07.254   341   341 I vold    : onUserStarted: 0
06-16 07:07:07.256  1049  1122 D SystemServerTimingAsync: ssm.onUnlockingUser-0_com.android.server.StorageManagerService$Lifecycle took to complete: 4ms
06-16 07:07:07.256  1049  1122 I SystemServerTimingAsync: ssm.onUnlockingUser-0_com.android.server.usage.StorageStatsService$Lifecycle
06-16 07:07:07.256  1049  1122 D SystemServerTimingAsync: ssm.onUnlockingUser-0_com.android.server.usage.StorageStatsService$Lifecycle took to complete: 0ms
06-16 07:07:07.256  1049  1122 I SystemServerTimingAsync: ssm.onUnlockingUser-0_com.android.server.UiModeManagerService
06-16 07:07:07.256  1049  1122 D SystemServerTimingAsync: ssm.onUnlockingUser-0_com.android.server.UiModeManagerService took to complete: 0ms
06-16 07:07:07.256  1049  1122 I SystemServerTimingAsync: ssm.onUnlockingUser-0_com.android.server.locksettings.LockSettingsService$Lifecycle
06-16 07:07:07.258  1049  1218 V StorageManagerService: Found primary storage at VolumeInfo{emulated;0}:
06-16 07:07:07.258  1049  1218 V StorageManagerService:     type=EMULATED diskId=null partGuid= mountFlags=0 mountUserId=0 
06-16 07:07:07.258  1049  1218 V StorageManagerService:     state=UNMOUNTED 
06-16 07:07:07.258  1049  1218 V StorageManagerService:     fsType=null fsUuid=null fsLabel=null 
06-16 07:07:07.258  1049  1218 V StorageManagerService:     path=null internalPath=null 
06-16 07:07:07.259  1049  1122 D SystemServerTimingAsync: ssm.onUnlockingUser-0_com.android.server.locksettings.LockSettingsService$Lifecycle took to complete: 3ms
06-16 07:07:07.259  1049  1122 I SystemServerTimingAsync: ssm.onUnlockingUser-0_com.android.server.PersistentDataBlockService
06-16 07:07:07.259  1049  1122 D SystemServerTimingAsync: ssm.onUnlockingUser-0_com.android.server.PersistentDataBlockService took to complete: 0ms
06-16 07:07:07.259  1049  1122 I SystemServerTimingAsync: ssm.onUnlockingUser-0_com.android.server.testharness.TestHarnessModeService
06-16 07:07:07.260  1049  1122 D SystemServerTimingAsync: ssm.onUnlockingUser-0_com.android.server.testharness.TestHarnessModeService took to complete: 0ms
06-16 07:07:07.260  1049  1122 I SystemServerTimingAsync: ssm.onUnlockingUser-0_com.android.server.oemlock.OemLockService
06-16 07:07:07.260  1049  1122 D SystemServerTimingAsync: ssm.onUnlockingUser-0_com.android.server.oemlock.OemLockService took to complete: 0ms
06-16 07:07:07.260  1049  1122 I SystemServerTimingAsync: ssm.onUnlockingUser-0_com.android.server.DeviceIdleController
06-16 07:07:07.260  1049  1122 D SystemServerTimingAsync: ssm.onUnlockingUser-0_com.android.server.DeviceIdleController took to complete: 0ms
06-16 07:07:07.260  1049  1122 I SystemServerTimingAsync: ssm.onUnlockingUser-0_com.android.server.devicepolicy.DevicePolicyManagerService$Lifecycle
06-16 07:07:07.260  1049  1122 D SystemServerTimingAsync: ssm.onUnlockingUser-0_com.android.server.devicepolicy.DevicePolicyManagerService$Lifecycle took to complete: 0ms
06-16 07:07:07.260  1049  1122 I SystemServerTimingAsync: ssm.onUnlockingUser-0_com.android.server.texttospeech.TextToSpeechManagerService
06-16 07:07:07.260  1049  1122 D SystemServerTimingAsync: ssm.onUnlockingUser-0_com.android.server.texttospeech.TextToSpeechManagerService took to complete: 0ms
06-16 07:07:07.260  1049  1191 I StorageManagerService: Mounting volume VolumeInfo{emulated;0}:
06-16 07:07:07.260  1049  1191 I StorageManagerService:     type=EMULATED diskId=null partGuid= mountFlags=PRIMARY|VISIBLE 
06-16 07:07:07.260  1049  1191 I StorageManagerService:     mountUserId=0 state=UNMOUNTED 
06-16 07:07:07.260  1049  1191 I StorageManagerService:     fsType=null fsUuid=null fsLabel=null 
06-16 07:07:07.260  1049  1191 I StorageManagerService:     path=null internalPath=null 
06-16 07:07:07.261  1049  1122 I SystemServerTimingAsync: ssm.onUnlockingUser-0_com.android.server.speech.SpeechRecognitionManagerService
06-16 07:07:07.261  1049  1122 D SystemServerTimingAsync: ssm.onUnlockingUser-0_com.android.server.speech.SpeechRecognitionManagerService took to complete: 1ms
06-16 07:07:07.261   341   341 I vold    : Mounting emulated fuse volume
06-16 07:07:07.261  1049  1122 I SystemServerTimingAsync: ssm.onUnlockingUser-0_com.android.server.searchui.SearchUiManagerService
06-16 07:07:07.262  1049  1111 W Looper  : Drained
06-16 07:07:07.262  1049  1122 D SystemServerTimingAsync: ssm.onUnlockingUser-0_com.android.server.searchui.SearchUiManagerService took to complete: 1ms
06-16 07:07:07.262  1049  1122 I SystemServerTimingAsync: ssm.onUnlockingUser-0_com.android.server.smartspace.SmartspaceManagerService
06-16 07:07:07.262  1049  1122 D SystemServerTimingAsync: ssm.onUnlockingUser-0_com.android.server.smartspace.SmartspaceManagerService took to complete: 0ms
06-16 07:07:07.262  1049  1122 I SystemServerTimingAsync: ssm.onUnlockingUser-0_com.android.server.graphics.fonts.FontManagerService$Lifecycle
06-16 07:07:07.262  1049  1122 D SystemServerTimingAsync: ssm.onUnlockingUser-0_com.android.server.graphics.fonts.FontManagerService$Lifecycle took to complete: 0ms
06-16 07:07:07.262  1049  1122 I SystemServerTimingAsync: ssm.onUnlockingUser-0_com.android.server.textservices.TextServicesManagerService$Lifecycle
06-16 07:07:07.274  1049  1049 W InputMethodManagerService: Illegal subtype state: old subtype = null, new subtype = android.view.inputmethod.InputMethodSubtype@8d58fc2d
06-16 07:07:07.279  1049  1122 D SystemServerTimingAsync: ssm.onUnlockingUser-0_com.android.server.textservices.TextServicesManagerService$Lifecycle took to complete: 17ms
06-16 07:07:07.279  1049  1122 I SystemServerTimingAsync: ssm.onUnlockingUser-0_com.android.server.textclassifier.TextClassificationManagerService$Lifecycle
06-16 07:07:07.280  1049  1122 D SystemServerTimingAsync: ssm.onUnlockingUser-0_com.android.server.textclassifier.TextClassificationManagerService$Lifecycle took to complete: 0ms
06-16 07:07:07.280  1049  1122 I SystemServerTimingAsync: ssm.onUnlockingUser-0_com.android.server.NetworkScoreService$Lifecycle
06-16 07:07:07.280  1049  1122 D SystemServerTimingAsync: ssm.onUnlockingUser-0_com.android.server.NetworkScoreService$Lifecycle took to complete: 0ms
06-16 07:07:07.280  1049  1122 I SystemServerTimingAsync: ssm.onUnlockingUser-0_com.android.server.wifi.WifiService
06-16 07:07:07.285  1049  1122 D SystemServerTimingAsync: ssm.onUnlockingUser-0_com.android.server.wifi.WifiService took to complete: 5ms
06-16 07:07:07.285  1049  1122 I SystemServerTimingAsync: ssm.onUnlockingUser-0_com.android.server.wifi.scanner.WifiScanningService
06-16 07:07:07.286  1049  1122 D SystemServerTimingAsync: ssm.onUnlockingUser-0_com.android.server.wifi.scanner.WifiScanningService took to complete: 0ms
06-16 07:07:07.286  1049  1122 I SystemServerTimingAsync: ssm.onUnlockingUser-0_com.android.server.wifi.p2p.WifiP2pService
06-16 07:07:07.286  1049  1122 D SystemServerTimingAsync: ssm.onUnlockingUser-0_com.android.server.wifi.p2p.WifiP2pService took to complete: 0ms
06-16 07:07:07.286  1049  1122 I SystemServerTimingAsync: ssm.onUnlockingUser-0_com.android.server.ethernet.EthernetService
06-16 07:07:07.290  1049  1122 D SystemServerTimingAsync: ssm.onUnlockingUser-0_com.android.server.ethernet.EthernetService took to complete: 0ms
06-16 07:07:07.291  1049  1122 I SystemServerTimingAsync: ssm.onUnlockingUser-0_com.android.server.ConnectivityServiceInitializer
06-16 07:07:07.291  1049  1122 D SystemServerTimingAsync: ssm.onUnlockingUser-0_com.android.server.ConnectivityServiceInitializer took to complete: 0ms
06-16 07:07:07.291  1049  1122 I SystemServerTimingAsync: ssm.onUnlockingUser-0_com.android.server.notification.NotificationManagerService
06-16 07:07:07.292  1049  1122 D SystemServerTimingAsync: ssm.onUnlockingUser-0_com.android.server.notification.NotificationManagerService took to complete: 2ms
06-16 07:07:07.292  1049  1122 I SystemServerTimingAsync: ssm.onUnlockingUser-0_com.android.server.storage.DeviceStorageMonitorService
06-16 07:07:07.292  1049  1122 D SystemServerTimingAsync: ssm.onUnlockingUser-0_com.android.server.storage.DeviceStorageMonitorService took to complete: 0ms
06-16 07:07:07.292  1049  1122 I SystemServerTimingAsync: ssm.onUnlockingUser-0_com.android.server.location.LocationManagerService$Lifecycle
06-16 07:07:07.292  1049  1122 D SystemServerTimingAsync: ssm.onUnlockingUser-0_com.android.server.location.LocationManagerService$Lifecycle took to complete: 0ms
06-16 07:07:07.292  1049  1122 I SystemServerTimingAsync: ssm.onUnlockingUser-0_com.android.server.timedetector.TimeDetectorService$Lifecycle
06-16 07:07:07.292  1049  1122 D SystemServerTimingAsync: ssm.onUnlockingUser-0_com.android.server.timedetector.TimeDetectorService$Lifecycle took to complete: 0ms
06-16 07:07:07.292  1049  1122 I SystemServerTimingAsync: ssm.onUnlockingUser-0_com.android.server.timezonedetector.TimeZoneDetectorService$Lifecycle
06-16 07:07:07.292  1049  1122 D SystemServerTimingAsync: ssm.onUnlockingUser-0_com.android.server.timezonedetector.TimeZoneDetectorService$Lifecycle took to complete: 0ms
06-16 07:07:07.292  1049  1122 I SystemServerTimingAsync: ssm.onUnlockingUser-0_com.android.server.timezonedetector.location.LocationTimeZoneManagerService$Lifecycle
06-16 07:07:07.292  1049  1122 D SystemServerTimingAsync: ssm.onUnlockingUser-0_com.android.server.timezonedetector.location.LocationTimeZoneManagerService$Lifecycle took to complete: 0ms
06-16 07:07:07.292  1049  1122 I SystemServerTimingAsync: ssm.onUnlockingUser-0_com.android.server.search.SearchManagerService$Lifecycle
06-16 07:07:07.293  1049  1122 D SystemServerTimingAsync: ssm.onUnlockingUser-0_com.android.server.search.SearchManagerService$Lifecycle took to complete: 0ms
06-16 07:07:07.293  1049  1122 I SystemServerTimingAsync: ssm.onUnlockingUser-0_com.android.server.wallpaper.WallpaperManagerService$Lifecycle
06-16 07:07:07.293  1049  1049 I NotificationHistory: Attempted to unlock gone/disabled user 0
06-16 07:07:07.294  1049  1122 I WallpaperManagerService: on-unlock-user-0
06-16 07:07:07.294  1049  1122 D WallpaperManagerService: on-unlock-user-0 took to complete: 0ms
06-16 07:07:07.294  1049  1122 D SystemServerTimingAsync: ssm.onUnlockingUser-0_com.android.server.wallpaper.WallpaperManagerService$Lifecycle took to complete: 1ms
06-16 07:07:07.294  1049  1122 I SystemServerTimingAsync: ssm.onUnlockingUser-0_com.android.server.audio.AudioService$Lifecycle
06-16 07:07:07.294  1049  1122 D SystemServerTimingAsync: ssm.onUnlockingUser-0_com.android.server.audio.AudioService$Lifecycle took to complete: 0ms
06-16 07:07:07.294  1049  1122 I SystemServerTimingAsync: ssm.onUnlockingUser-0_com.android.server.soundtrigger_middleware.SoundTriggerMiddlewareService$Lifecycle
06-16 07:07:07.294  1049  1122 D SystemServerTimingAsync: ssm.onUnlockingUser-0_com.android.server.soundtrigger_middleware.SoundTriggerMiddlewareService$Lifecycle took to complete: 0ms
06-16 07:07:07.294  1049  1122 I SystemServerTimingAsync: ssm.onUnlockingUser-0_com.android.server.DockObserver
06-16 07:07:07.294  1049  1122 D SystemServerTimingAsync: ssm.onUnlockingUser-0_com.android.server.DockObserver took to complete: 0ms
06-16 07:07:07.294  1049  1122 I SystemServerTimingAsync: ssm.onUnlockingUser-0_com.android.server.midi.MidiService$Lifecycle
06-16 07:07:07.295  1049  1122 D SystemServerTimingAsync: ssm.onUnlockingUser-0_com.android.server.midi.MidiService$Lifecycle took to complete: 1ms
06-16 07:07:07.295  1049  1122 I SystemServerTimingAsync: ssm.onUnlockingUser-0_com.android.server.adb.AdbService$Lifecycle
06-16 07:07:07.295  1049  1122 D SystemServerTimingAsync: ssm.onUnlockingUser-0_com.android.server.adb.AdbService$Lifecycle took to complete: 0ms
06-16 07:07:07.295  1049  1122 I SystemServerTimingAsync: ssm.onUnlockingUser-0_com.android.server.usb.UsbService$Lifecycle
06-16 07:07:07.296  1049  1122 D SystemServerTimingAsync: ssm.onUnlockingUser-0_com.android.server.usb.UsbService$Lifecycle took to complete: 0ms
06-16 07:07:07.296  1049  1122 I SystemServerTimingAsync: ssm.onUnlockingUser-0_com.android.server.twilight.TwilightService
06-16 07:07:07.296  1049  1122 D SystemServerTimingAsync: ssm.onUnlockingUser-0_com.android.server.twilight.TwilightService took to complete: 0ms
06-16 07:07:07.296  1049  1122 I SystemServerTimingAsync: ssm.onUnlockingUser-0_com.android.server.display.color.ColorDisplayService
06-16 07:07:07.296  1049  1122 D SystemServerTimingAsync: ssm.onUnlockingUser-0_com.android.server.display.color.ColorDisplayService took to complete: 0ms
06-16 07:07:07.296  1049  1122 I SystemServerTimingAsync: ssm.onUnlockingUser-0_com.android.server.job.JobSchedulerService
06-16 07:07:07.296   341   341 I vold    : Bind mounting /data/media to /mnt/pass_through/0/emulated
06-16 07:07:07.296  1049  1122 D SystemServerTimingAsync: ssm.onUnlockingUser-0_com.android.server.job.JobSchedulerService took to complete: 0ms
06-16 07:07:07.296  1049  1122 I SystemServerTimingAsync: ssm.onUnlockingUser-0_com.android.server.soundtrigger.SoundTriggerService
06-16 07:07:07.296  1049  1122 D SystemServerTimingAsync: ssm.onUnlockingUser-0_com.android.server.soundtrigger.SoundTriggerService took to complete: 0ms
06-16 07:07:07.296  1049  1122 I SystemServerTimingAsync: ssm.onUnlockingUser-0_com.android.server.trust.TrustManagerService
06-16 07:07:07.296  1049  1122 D SystemServerTimingAsync: ssm.onUnlockingUser-0_com.android.server.trust.TrustManagerService took to complete: 0ms
06-16 07:07:07.296  1049  1122 I SystemServerTimingAsync: ssm.onUnlockingUser-0_com.android.server.backup.BackupManagerService$Lifecycle
06-16 07:07:07.297  1049  1285 I BackupManagerService: Starting service for user: 0
06-16 07:07:07.297  1049  1122 D SystemServerTimingAsync: ssm.onUnlockingUser-0_com.android.server.backup.BackupManagerService$Lifecycle took to complete: 1ms
06-16 07:07:07.297  1049  1122 I SystemServerTimingAsync: ssm.onUnlockingUser-0_com.android.server.voiceinteraction.VoiceInteractionManagerService
06-16 07:07:07.298  1049  1122 W VoiceInteractionManager: no available voice recognition services found for user 0
06-16 07:07:07.298  1049  1285 V BackupManagerService: [UserID:0] Starting with transport com.google.android.gms/.backup.BackupTransportService
06-16 07:07:07.299  1049  1285 D BackupManagerService: [UserID:0] Started thread backup-0
06-16 07:07:07.299  1049  1191 I StorageSessionController: On volume mount VolumeInfo{emulated;0}:
06-16 07:07:07.299  1049  1191 I StorageSessionController:     type=EMULATED diskId=null partGuid= mountFlags=PRIMARY|VISIBLE 
06-16 07:07:07.299  1049  1191 I StorageSessionController:     mountUserId=0 state=CHECKING 
06-16 07:07:07.299  1049  1191 I StorageSessionController:     fsType=null fsUuid=null fsLabel=null 
06-16 07:07:07.299  1049  1191 I StorageSessionController:     path=/storage/emulated internalPath=/data/media 
06-16 07:07:07.300  1049  1122 D SystemServerTimingAsync: ssm.onUnlockingUser-0_com.android.server.voiceinteraction.VoiceInteractionManagerService took to complete: 2ms
06-16 07:07:07.300  1049  1122 I SystemServerTimingAsync: ssm.onUnlockingUser-0_com.android.server.apphibernation.AppHibernationService
06-16 07:07:07.300  1049  1122 D SystemServerTimingAsync: ssm.onUnlockingUser-0_com.android.server.apphibernation.AppHibernationService took to complete: 1ms
06-16 07:07:07.300  1049  1122 I SystemServerTimingAsync: ssm.onUnlockingUser-0_com.android.server.GestureLauncherService
06-16 07:07:07.300  1049  1122 D SystemServerTimingAsync: ssm.onUnlockingUser-0_com.android.server.GestureLauncherService took to complete: 0ms
06-16 07:07:07.300  1049  1122 I SystemServerTimingAsync: ssm.onUnlockingUser-0_com.android.server.SensorNotificationService
06-16 07:07:07.301  1049  1122 D SystemServerTimingAsync: ssm.onUnlockingUser-0_com.android.server.SensorNotificationService took to complete: 0ms
06-16 07:07:07.301  1049  1122 I SystemServerTimingAsync: ssm.onUnlockingUser-0_com.android.server.emergency.EmergencyAffordanceService
06-16 07:07:07.301  1049  1122 D SystemServerTimingAsync: ssm.onUnlockingUser-0_com.android.server.emergency.EmergencyAffordanceService took to complete: 0ms
06-16 07:07:07.301  1049  1122 I SystemServerTimingAsync: ssm.onUnlockingUser-0_com.android.server.blob.BlobStoreManagerService
06-16 07:07:07.301  1049  1122 D SystemServerTimingAsync: ssm.onUnlockingUser-0_com.android.server.blob.BlobStoreManagerService took to complete: 0ms
06-16 07:07:07.301  1049  1122 I SystemServerTimingAsync: ssm.onUnlockingUser-0_com.android.server.dreams.DreamManagerService
06-16 07:07:07.301  1049  1122 D SystemServerTimingAsync: ssm.onUnlockingUser-0_com.android.server.dreams.DreamManagerService took to complete: 0ms
06-16 07:07:07.301  1049  1122 I SystemServerTimingAsync: ssm.onUnlockingUser-0_com.android.server.print.PrintManagerService
06-16 07:07:07.301  1049  1122 D SystemServerTimingAsync: ssm.onUnlockingUser-0_com.android.server.print.PrintManagerService took to complete: 0ms
06-16 07:07:07.301  1049  1122 I SystemServerTimingAsync: ssm.onUnlockingUser-0_com.android.server.companion.CompanionDeviceManagerService
06-16 07:07:07.301  1049  1650 I HibernationStateDiskStore: No hibernation file on disk for file /data/system_ce/0/hibernation/states
06-16 07:07:07.302  1049  1191 I StorageSessionController: Creating connection for user: 0
06-16 07:07:07.303  1049  1191 I StorageSessionController: Creating and starting session with id: emulated;0
06-16 07:07:07.304  1049  1191 I StorageUserConnection: Binding to the ExternalStorageService for user 0
06-16 07:07:07.307  1049  1122 I CompanionDeviceManagerService: Read associations from disk: {0=[]}
06-16 07:07:07.307  1049  1122 D SystemServerTimingAsync: ssm.onUnlockingUser-0_com.android.server.companion.CompanionDeviceManagerService took to complete: 5ms
06-16 07:07:07.307  1049  1122 I SystemServerTimingAsync: ssm.onUnlockingUser-0_com.android.server.restrictions.RestrictionsManagerService
06-16 07:07:07.307  1049  1122 D SystemServerTimingAsync: ssm.onUnlockingUser-0_com.android.server.restrictions.RestrictionsManagerService took to complete: 0ms
06-16 07:07:07.307  1049  1122 I SystemServerTimingAsync: ssm.onUnlockingUser-0_com.android.server.media.MediaSessionService
06-16 07:07:07.307  1049  1122 D SystemServerTimingAsync: ssm.onUnlockingUser-0_com.android.server.media.MediaSessionService took to complete: 0ms
06-16 07:07:07.307  1049  1122 I SystemServerTimingAsync: ssm.onUnlockingUser-0_com.android.server.biometrics.BiometricService
06-16 07:07:07.307  1049  1122 D SystemServerTimingAsync: ssm.onUnlockingUser-0_com.android.server.biometrics.BiometricService took to complete: 0ms
06-16 07:07:07.307  1049  1122 I SystemServerTimingAsync: ssm.onUnlockingUser-0_com.android.server.biometrics.AuthService
06-16 07:07:07.307  1049  1122 D SystemServerTimingAsync: ssm.onUnlockingUser-0_com.android.server.biometrics.AuthService took to complete: 0ms
06-16 07:07:07.307  1049  1122 I SystemServerTimingAsync: ssm.onUnlockingUser-0_com.android.server.pm.ShortcutService$Lifecycle
06-16 07:07:07.307  1049  1191 I am_uid_running: 10102
06-16 07:07:07.308  1049  1122 D SystemServerTimingAsync: ssm.onUnlockingUser-0_com.android.server.pm.ShortcutService$Lifecycle took to complete: 0ms
06-16 07:07:07.308  1049  1122 I SystemServerTimingAsync: ssm.onUnlockingUser-0_com.android.server.pm.LauncherAppsService
06-16 07:07:07.308  1049  1122 D SystemServerTimingAsync: ssm.onUnlockingUser-0_com.android.server.pm.LauncherAppsService took to complete: 0ms
06-16 07:07:07.308  1049  1122 I SystemServerTimingAsync: ssm.onUnlockingUser-0_com.android.server.pm.CrossProfileAppsService
06-16 07:07:07.308  1049  1122 D SystemServerTimingAsync: ssm.onUnlockingUser-0_com.android.server.pm.CrossProfileAppsService took to complete: 0ms
06-16 07:07:07.308  1049  1122 I SystemServerTimingAsync: ssm.onUnlockingUser-0_com.android.server.people.PeopleService
06-16 07:07:07.308  1049  1122 D SystemServerTimingAsync: ssm.onUnlockingUser-0_com.android.server.people.PeopleService took to complete: 0ms
06-16 07:07:07.308  1049  1122 I SystemServerTimingAsync: ssm.onUnlockingUser-0_com.android.server.media.metrics.MediaMetricsManagerService
06-16 07:07:07.308  1049  1122 D SystemServerTimingAsync: ssm.onUnlockingUser-0_com.android.server.media.metrics.MediaMetricsManagerService took to complete: 0ms
06-16 07:07:07.308  1049  1122 I SystemServerTimingAsync: ssm.onUnlockingUser-0_com.android.server.media.projection.MediaProjectionManagerService
06-16 07:07:07.308  1049  1122 D SystemServerTimingAsync: ssm.onUnlockingUser-0_com.android.server.media.projection.MediaProjectionManagerService took to complete: 0ms
06-16 07:07:07.308  1049  1122 I SystemServerTimingAsync: ssm.onUnlockingUser-0_com.android.server.slice.SliceManagerService$Lifecycle
06-16 07:07:07.308  1049  1122 D SystemServerTimingAsync: ssm.onUnlockingUser-0_com.android.server.slice.SliceManagerService$Lifecycle took to complete: 0ms
06-16 07:07:07.308  1049  1122 I SystemServerTimingAsync: ssm.onUnlockingUser-0_com.android.server.stats.StatsCompanion$Lifecycle
06-16 07:07:07.308  1049  1122 D SystemServerTimingAsync: ssm.onUnlockingUser-0_com.android.server.stats.StatsCompanion$Lifecycle took to complete: 0ms
06-16 07:07:07.308  1049  1122 I SystemServerTimingAsync: ssm.onUnlockingUser-0_com.android.server.scheduling.RebootReadinessManagerService$Lifecycle
06-16 07:07:07.308  1049  1122 D SystemServerTimingAsync: ssm.onUnlockingUser-0_com.android.server.scheduling.RebootReadinessManagerService$Lifecycle took to complete: 0ms
06-16 07:07:07.308  1049  1122 I SystemServerTimingAsync: ssm.onUnlockingUser-0_com.android.server.stats.pull.StatsPullAtomService
06-16 07:07:07.308  1049  1122 D SystemServerTimingAsync: ssm.onUnlockingUser-0_com.android.server.stats.pull.StatsPullAtomService took to complete: 0ms
06-16 07:07:07.308  1049  1122 I SystemServerTimingAsync: ssm.onUnlockingUser-0_com.android.server.incident.IncidentCompanionService
06-16 07:07:07.308  1049  1122 D SystemServerTimingAsync: ssm.onUnlockingUser-0_com.android.server.incident.IncidentCompanionService took to complete: 0ms
06-16 07:07:07.308  1049  1122 I SystemServerTimingAsync: ssm.onUnlockingUser-0_com.android.server.MmsServiceBroker
06-16 07:07:07.308  1049  1122 D SystemServerTimingAsync: ssm.onUnlockingUser-0_com.android.server.MmsServiceBroker took to complete: 0ms
06-16 07:07:07.308  1049  1122 I SystemServerTimingAsync: ssm.onUnlockingUser-0_com.android.server.autofill.AutofillManagerService
06-16 07:07:07.309  1049  1122 D AutofillManagerServiceImpl: Reset component for user 0:
06-16 07:07:07.309  1049  1112 D AutofillUI: destroySaveUiUiThread(): already destroyed
06-16 07:07:07.309  1049  1191 D CompatibilityChangeReporter: Compat change id reported: 135634846; UID 10102; state: DISABLED
06-16 07:07:07.310  1049  1123 D CompatibilityChangeReporter: Compat change id reported: 143937733; UID 10102; state: ENABLED
06-16 07:07:07.311  1049  1191 I StorageUserConnection: Bound to the ExternalStorageService for user 0
06-16 07:07:07.313  1049  1122 D FieldClassificationStrategy: reset(): service is not bound. Do nothing.
06-16 07:07:07.313  1049  1122 D SystemServerTimingAsync: ssm.onUnlockingUser-0_com.android.server.autofill.AutofillManagerService took to complete: 5ms
06-16 07:07:07.313  1049  1122 I SystemServerTimingAsync: ssm.onUnlockingUser-0_com.android.server.clipboard.ClipboardService
06-16 07:07:07.313  1049  1122 D SystemServerTimingAsync: ssm.onUnlockingUser-0_com.android.server.clipboard.ClipboardService took to complete: 0ms
06-16 07:07:07.313  1049  1122 I SystemServerTimingAsync: ssm.onUnlockingUser-0_com.android.server.appbinding.AppBindingService$Lifecycle
06-16 07:07:07.315  1049  1122 D SystemServerTimingAsync: ssm.onUnlockingUser-0_com.android.server.appbinding.AppBindingService$Lifecycle took to complete: 1ms
06-16 07:07:07.315  1049  1049 I am_uid_running: 10097
06-16 07:07:07.321  1049  1285 E BackupPasswordManager: Unable to read backup pw version
06-16 07:07:07.321  1049  1049 D CompatibilityChangeReporter: Compat change id reported: 135634846; UID 10097; state: DISABLED
06-16 07:07:07.321  1049  1121 I UsageStatsService: User[0] Rollover scheduled @ 2026-06-15 23:39:22(1781546962129)
06-16 07:07:07.321  1049  1122 I SystemServerTimingAsync: ssm.onUnlockingUser-0_com.android.server.tracing.TracingServiceProxy
06-16 07:07:07.321  1049  1122 D SystemServerTimingAsync: ssm.onUnlockingUser-0_com.android.server.tracing.TracingServiceProxy took to complete: 0ms
06-16 07:07:07.321  1049  1122 I SystemServerTimingAsync: ssm.onUnlockingUser-0_org.lineageos.platform.internal.ProfileManagerService
06-16 07:07:07.321  1049  1122 D SystemServerTimingAsync: ssm.onUnlockingUser-0_org.lineageos.platform.internal.ProfileManagerService took to complete: 0ms
06-16 07:07:07.321  1049  1122 I SystemServerTimingAsync: ssm.onUnlockingUser-0_org.lineageos.platform.internal.LineageHardwareService
06-16 07:07:07.321  1049  1122 D SystemServerTimingAsync: ssm.onUnlockingUser-0_org.lineageos.platform.internal.LineageHardwareService took to complete: 0ms
06-16 07:07:07.321  1049  1122 I SystemServerTimingAsync: ssm.onUnlockingUser-0_org.lineageos.platform.internal.display.LiveDisplayService
06-16 07:07:07.321  1049  1285 E BackupPasswordManager: Unable to read saved backup pw hash
06-16 07:07:07.321  1049  1121 I UsageStatsService: User[0] Rolling over usage stats
06-16 07:07:07.322  1049  1122 D SystemServerTimingAsync: ssm.onUnlockingUser-0_org.lineageos.platform.internal.display.LiveDisplayService took to complete: 0ms
06-16 07:07:07.322  1049  1122 I SystemServerTimingAsync: ssm.onUnlockingUser-0_org.lineageos.platform.internal.TrustInterfaceService
06-16 07:07:07.322  1049  1122 D SystemServerTimingAsync: ssm.onUnlockingUser-0_org.lineageos.platform.internal.TrustInterfaceService took to complete: 0ms
06-16 07:07:07.322  1049  1122 I SystemServerTimingAsync: ssm.onUnlockingUser-0_org.lineageos.platform.internal.LineageSettingsService
06-16 07:07:07.322  1049  1122 D SystemServerTimingAsync: ssm.onUnlockingUser-0_org.lineageos.platform.internal.LineageSettingsService took to complete: 0ms
06-16 07:07:07.322  1049  1122 I SystemServerTimingAsync: ssm.onUnlockingUser-0_org.lineageos.platform.internal.LineageGlobalActionsService
06-16 07:07:07.322  1049  1122 D SystemServerTimingAsync: ssm.onUnlockingUser-0_org.lineageos.platform.internal.LineageGlobalActionsService took to complete: 0ms
06-16 07:07:07.322  1049  1122 I SystemServerTimingAsync: ssm.onUnlockingUser-0_com.android.server.policy.PermissionPolicyService
06-16 07:07:07.322  1049  1122 D SystemServerTimingAsync: ssm.onUnlockingUser-0_com.android.server.policy.PermissionPolicyService took to complete: 0ms
06-16 07:07:07.322  1049  1122 I SystemServerTimingAsync: ssm.onUnlockingUser-0_com.android.server.pm.StagingManager$Lifecycle
06-16 07:07:07.322  1049  1122 D SystemServerTimingAsync: ssm.onUnlockingUser-0_com.android.server.pm.StagingManager$Lifecycle took to complete: 0ms
06-16 07:07:07.322  1049  1122 I SystemServerTimingAsync: ssm.onUnlockingUser-0_com.android.server.app.GameManagerService$Lifecycle
06-16 07:07:07.322  1049  1122 D SystemServerTimingAsync: ssm.onUnlockingUser-0_com.android.server.app.GameManagerService$Lifecycle took to complete: 0ms
06-16 07:07:07.322  1049  1122 I SystemServerTimingAsync: ssm.onUnlockingUser-0_com.android.server.appsearch.AppSearchManagerService
06-16 07:07:07.323  1049  1122 D SystemServerTimingAsync: ssm.onUnlockingUser-0_com.android.server.appsearch.AppSearchManagerService took to complete: 0ms
06-16 07:07:07.323  1049  1122 I SystemServerTimingAsync: ssm.onUnlockingUser-0_com.android.server.media.MediaCommunicationService
06-16 07:07:07.323  1049  1122 D SystemServerTimingAsync: ssm.onUnlockingUser-0_com.android.server.media.MediaCommunicationService took to complete: 0ms
06-16 07:07:07.323  1049  1122 D SystemServerTimingAsync: ssm.UnlockingUser-0 took to complete: 77ms
06-16 07:07:07.323  1049  1049 D CompatibilityChangeReporter: Compat change id reported: 177438394; UID 10097; state: DISABLED
06-16 07:07:07.323  1049  1122 W ActivityManager: UserLifecycleEvent 5 received without an active userJourneySession.
06-16 07:07:07.323  1049  1122 W ActivityManager: UserLifecycleEvent 6 received without an active userJourneySession.
06-16 07:07:07.323  1049  1122 I uc_finish_user_unlocked: 0
06-16 07:07:07.323  1049  1122 I ActivityManager: User 0 state changed from RUNNING_UNLOCKING to RUNNING_UNLOCKED
06-16 07:07:07.323  1049  1122 I am_user_state_changed: [0,3]
06-16 07:07:07.323  1049  1111 I ActivityTaskManager: Loading recents for user 0 into memory.
06-16 07:07:07.327  1049  1049 D CompatibilityChangeReporter: Compat change id reported: 135772972; UID 10097; state: DISABLED
06-16 07:07:07.328  1049  1049 D CompatibilityChangeReporter: Compat change id reported: 135754954; UID 10097; state: ENABLED
06-16 07:07:07.329  1049  1111 I wm_task_created: [23,-1]
06-16 07:07:07.329  1049  1122 D LockSettingsService: unlockUser finished
06-16 07:07:07.329  1049  1122 D SystemServerTiming: SystemUserUnlock took to complete: 904ms
06-16 07:07:07.330  1049  1311 I LockSettingsService: Disabling escrow token on user 0
06-16 07:07:07.332  1049  1111 V PackageConfigPersister: loadPackages: empty list files from /data/system_ce/0/package_configs
06-16 07:07:07.339  1049  1122 I am_uid_running: 10090
06-16 07:07:07.340  1347  1347 I sysui_latency: [4,1256]
06-16 07:07:07.340  1049  1122 D CompatibilityChangeReporter: Compat change id reported: 135634846; UID 10090; state: DISABLED
06-16 07:07:07.341  1049  1122 D CompatibilityChangeReporter: Compat change id reported: 177438394; UID 10090; state: DISABLED
06-16 07:07:07.342  1049  1122 D CompatibilityChangeReporter: Compat change id reported: 135772972; UID 10090; state: DISABLED
06-16 07:07:07.343  1049  1122 D CompatibilityChangeReporter: Compat change id reported: 135754954; UID 10090; state: DISABLED
06-16 07:07:07.343  1049  1772 V BackupManagerConstants: getKeyValueBackupIntervalMilliseconds(...) returns 14400000
06-16 07:07:07.343  1049  1772 V BackupManagerConstants: getKeyValueBackupFuzzMilliseconds(...) returns 600000
06-16 07:07:07.343  1049  1772 V BackupManagerConstants: getKeyValueBackupRequiredNetworkType(...) returns 1
06-16 07:07:07.343  1049  1772 V BackupManagerConstants: getKeyValueBackupRequireCharging(...) returns true
06-16 07:07:07.343  1049  1772 V KeyValueBackupJob: Scheduling k/v pass in 241 minutes
06-16 07:07:07.345  1049  1122 I uc_send_user_broadcast: [0,android.intent.action.USER_UNLOCKED]
06-16 07:07:07.345  1049  1122 I uc_finish_user_unlocked_completed: 0
06-16 07:07:07.346  1049  1122 I ActivityManager: Posting BOOT_COMPLETED user #0
06-16 07:07:07.348  1049  1122 I ssm_user_unlocked: 0
06-16 07:07:07.349  1049  1122 I SystemServerTimingAsync: ssm.UnlockedUser-0
06-16 07:07:07.349  1049  1122 I SystemServiceManager: Calling onUnlockedUser 0
06-16 07:07:07.349  1049  1122 I SystemServerTimingAsync: ssm.onUnlockedUser-0_com.android.server.security.FileIntegrityService
06-16 07:07:07.349  1049  1122 D SystemServerTimingAsync: ssm.onUnlockedUser-0_com.android.server.security.FileIntegrityService took to complete: 0ms
06-16 07:07:07.349  1049  1122 I SystemServerTimingAsync: ssm.onUnlockedUser-0_com.android.server.pm.Installer
06-16 07:07:07.349  1049  1122 D SystemServerTimingAsync: ssm.onUnlockedUser-0_com.android.server.pm.Installer took to complete: 0ms
06-16 07:07:07.349  1049  1122 I SystemServerTimingAsync: ssm.onUnlockedUser-0_com.android.server.os.DeviceIdentifiersPolicyService
06-16 07:07:07.349  1049  1122 D SystemServerTimingAsync: ssm.onUnlockedUser-0_com.android.server.os.DeviceIdentifiersPolicyService took to complete: 0ms
06-16 07:07:07.349  1049  1122 I SystemServerTimingAsync: ssm.onUnlockedUser-0_com.android.server.uri.UriGrantsManagerService$Lifecycle
06-16 07:07:07.349  1049  1122 D SystemServerTimingAsync: ssm.onUnlockedUser-0_com.android.server.uri.UriGrantsManagerService$Lifecycle took to complete: 0ms
06-16 07:07:07.349  1049  1122 I SystemServerTimingAsync: ssm.onUnlockedUser-0_com.android.server.powerstats.PowerStatsService
06-16 07:07:07.349  1049  1122 D SystemServerTimingAsync: ssm.onUnlockedUser-0_com.android.server.powerstats.PowerStatsService took to complete: 0ms
06-16 07:07:07.349  1049  1122 I SystemServerTimingAsync: ssm.onUnlockedUser-0_com.android.server.wm.ActivityTaskManagerService$Lifecycle
06-16 07:07:07.351  1049  1111 I uc_send_user_broadcast: [0,android.intent.action.BOOT_COMPLETED]
06-16 07:07:07.357  1049  1186 I intercept_power: [ACTION_UP,0,0]
06-16 07:07:07.364  1049  1123 W ActivityManager: Slow operation: 57ms so far, now at startProcess: returned from zygote!
06-16 07:07:07.370  1049  1121 I UsageStatsService: User[0] Rollover scheduled @ 2026-06-17 07:07:07(1781660227273)
06-16 07:07:07.370  1049  1121 I UsageStatsService: User[0] Rolling over usage stats complete. Took 48 milliseconds
06-16 07:07:07.370  1049  1122 I LaunchParamsPersister: Didn't find launch param folder for user 0
06-16 07:07:07.371  1049  1122 D SystemServerTimingAsync: ssm.onUnlockedUser-0_com.android.server.wm.ActivityTaskManagerService$Lifecycle took to complete: 23ms
06-16 07:07:07.371  1049  1122 I SystemServerTimingAsync: ssm.onUnlockedUser-0_com.android.server.am.ActivityManagerService$Lifecycle
06-16 07:07:07.371  1049  1122 D SystemServerTimingAsync: ssm.onUnlockedUser-0_com.android.server.am.ActivityManagerService$Lifecycle took to complete: 0ms
06-16 07:07:07.371  1049  1122 I SystemServerTimingAsync: ssm.onUnlockedUser-0_com.android.server.pm.DataLoaderManagerService
06-16 07:07:07.372  1049  1122 D SystemServerTimingAsync: ssm.onUnlockedUser-0_com.android.server.pm.DataLoaderManagerService took to complete: 0ms
06-16 07:07:07.372  1049  1122 I SystemServerTimingAsync: ssm.onUnlockedUser-0_com.android.server.power.PowerManagerService
06-16 07:07:07.372  1049  1122 D SystemServerTimingAsync: ssm.onUnlockedUser-0_com.android.server.power.PowerManagerService took to complete: 0ms
06-16 07:07:07.372  1049  1122 I SystemServerTimingAsync: ssm.onUnlockedUser-0_com.android.server.power.ThermalManagerService
06-16 07:07:07.372  1049  1122 D SystemServerTimingAsync: ssm.onUnlockedUser-0_com.android.server.power.ThermalManagerService took to complete: 0ms
06-16 07:07:07.372  1049  1122 I SystemServerTimingAsync: ssm.onUnlockedUser-0_com.android.server.power.hint.HintManagerService
06-16 07:07:07.372  1049  1122 D SystemServerTimingAsync: ssm.onUnlockedUser-0_com.android.server.power.hint.HintManagerService took to complete: 0ms
06-16 07:07:07.372  1049  1122 I SystemServerTimingAsync: ssm.onUnlockedUser-0_com.android.server.recoverysystem.RecoverySystemService$Lifecycle
06-16 07:07:07.372  1049  1122 D SystemServerTimingAsync: ssm.onUnlockedUser-0_com.android.server.recoverysystem.RecoverySystemService$Lifecycle took to complete: 0ms
06-16 07:07:07.372  1049  1122 I SystemServerTimingAsync: ssm.onUnlockedUser-0_com.android.server.lights.LightsService
06-16 07:07:07.372  1049  1122 D SystemServerTimingAsync: ssm.onUnlockedUser-0_com.android.server.lights.LightsService took to complete: 0ms
06-16 07:07:07.372  1049  1122 I SystemServerTimingAsync: ssm.onUnlockedUser-0_com.android.server.display.DisplayManagerService
06-16 07:07:07.372  1049  1122 D SystemServerTimingAsync: ssm.onUnlockedUser-0_com.android.server.display.DisplayManagerService took to complete: 0ms
06-16 07:07:07.372  1049  1122 I SystemServerTimingAsync: ssm.onUnlockedUser-0_com.android.server.pm.verify.domain.DomainVerificationService
06-16 07:07:07.372  1049  1122 D SystemServerTimingAsync: ssm.onUnlockedUser-0_com.android.server.pm.verify.domain.DomainVerificationService took to complete: 0ms
06-16 07:07:07.372  1049  1122 I SystemServerTimingAsync: ssm.onUnlockedUser-0_com.android.server.pm.PackageInstallerService$Lifecycle
06-16 07:07:07.372  1049  1122 D SystemServerTimingAsync: ssm.onUnlockedUser-0_com.android.server.pm.PackageInstallerService$Lifecycle took to complete: 0ms
06-16 07:07:07.372  1049  1122 I SystemServerTimingAsync: ssm.onUnlockedUser-0_com.android.server.pm.UserManagerService$LifeCycle
06-16 07:07:07.372  1049  1122 D SystemServerTimingAsync: ssm.onUnlockedUser-0_com.android.server.pm.UserManagerService$LifeCycle took to complete: 0ms
06-16 07:07:07.372  1049  1122 I SystemServerTimingAsync: ssm.onUnlockedUser-0_com.android.server.om.OverlayManagerService
06-16 07:07:07.372  1049  1122 D SystemServerTimingAsync: ssm.onUnlockedUser-0_com.android.server.om.OverlayManagerService took to complete: 0ms
06-16 07:07:07.372  1049  1122 I SystemServerTimingAsync: ssm.onUnlockedUser-0_com.android.server.SensorPrivacyService
06-16 07:07:07.372  1049  1122 D SystemServerTimingAsync: ssm.onUnlockedUser-0_com.android.server.SensorPrivacyService took to complete: 0ms
