06-16 07:06:55.629  1049  1311 I wm_pause_activity: [0,46541742,com.android.settings/.FallbackHome,userLeaving=false,sleep]
06-16 07:06:55.637  1049  1171 I commit_sys_config_file: [settings-0-0,13]
06-16 07:06:55.639  1347  1347 D SystemUIBootTiming: StartServicescom.android.systemui.ScreenDecorations took to complete: 17ms
06-16 07:06:55.643  1049  1311 I wm_add_to_stopping: [0,46541742,com.android.settings/.FallbackHome,makeInvisible]
06-16 07:06:55.647  1049  1114 I sysui_multi_action: [757,1144,758,7,806,com.android.settings,871,com.android.settings.FallbackHome]
06-16 07:06:55.650  1347  1347 D SystemUIBootTiming: StartServicescom.android.systemui.biometrics.AuthController took to complete: 12ms
06-16 07:06:55.651  1347  1347 D SystemUIBootTiming: StartServicescom.android.systemui.SliceBroadcastRelayHandler took to complete: 0ms
06-16 07:06:55.654  1347  1347 D SystemUIBootTiming: StartServicescom.android.systemui.statusbar.notification.InstantAppNotifier took to complete: 2ms
06-16 07:06:55.661  1347  1347 D SystemUIBootTiming: StartServicescom.android.systemui.theme.ThemeOverlayController took to complete: 8ms
06-16 07:06:55.662  1347  1347 D SystemUIBootTiming: StartServicescom.android.systemui.accessibility.WindowMagnification took to complete: 1ms
06-16 07:06:55.676  1347  1347 D SystemUIBootTiming: StartServicescom.android.systemui.accessibility.SystemActions took to complete: 14ms
06-16 07:06:55.677  1347  1347 D SystemUIBootTiming: StartServicescom.android.systemui.toast.ToastUI took to complete: 0ms
06-16 07:06:55.679  1347  1347 D SystemUIBootTiming: StartServicescom.android.systemui.wmshell.WMShell took to complete: 2ms
06-16 07:06:55.701  1347  1347 D SystemUIBootTiming: StartServices took to complete: 1613ms
06-16 07:06:55.810  1049  1049 D CompatibilityChangeReporter: Compat change id reported: 182478738; UID 1000; state: DISABLED
06-16 07:06:55.873  1347  1347 I auditd  : type=1400 audit(0.0:298): avc: denied { read } for comm="RenderThread" name="gralloc.rogue.so" dev="dm-1" ino=1163 scontext=u:r:platform_app:s0:c512,c768 tcontext=u:object_r:vendor_file:s0 tclass=file permissive=1 app=com.android.systemui
06-16 07:06:55.873  1347  1347 I auditd  : type=1400 audit(0.0:299): avc: denied { open } for comm="RenderThread" path="/vendor/lib/hw/gralloc.rogue.so" dev="dm-1" ino=1163 scontext=u:r:platform_app:s0:c512,c768 tcontext=u:object_r:vendor_file:s0 tclass=file permissive=1 app=com.android.systemui
06-16 07:06:55.873  1347  1347 I auditd  : type=1400 audit(0.0:300): avc: denied { getattr } for comm="RenderThread" path="/vendor/lib/hw/gralloc.rogue.so" dev="dm-1" ino=1163 scontext=u:r:platform_app:s0:c512,c768 tcontext=u:object_r:vendor_file:s0 tclass=file permissive=1 app=com.android.systemui
06-16 07:06:55.873  1347  1347 I auditd  : type=1400 audit(0.0:301): avc: denied { map } for comm="RenderThread" path="/vendor/lib/hw/gralloc.rogue.so" dev="dm-1" ino=1163 scontext=u:r:platform_app:s0:c512,c768 tcontext=u:object_r:vendor_file:s0 tclass=file permissive=1 app=com.android.systemui
06-16 07:06:55.873  1347  1347 I auditd  : type=1400 audit(0.0:302): avc: denied { execute } for comm="RenderThread" path="/vendor/lib/hw/gralloc.rogue.so" dev="dm-1" ino=1163 scontext=u:r:platform_app:s0:c512,c768 tcontext=u:object_r:vendor_file:s0 tclass=file permissive=1 app=com.android.systemui
06-16 07:06:55.883  1049  1049 I SystemServerTiming: ManagedServices.unbindOtherUserServices_current0
06-16 07:06:55.883  1049  1049 D SystemServerTiming: ManagedServices.unbindOtherUserServices_current0 took to complete: 0ms
06-16 07:06:55.883  1049  1049 I SystemServerTiming: ManagedServices.unbindOtherUserServices_current0
06-16 07:06:55.883  1049  1049 D SystemServerTiming: ManagedServices.unbindOtherUserServices_current0 took to complete: 0ms
06-16 07:06:55.883  1049  1049 I SystemServerTiming: ManagedServices.unbindOtherUserServices_current0
06-16 07:06:55.883  1049  1049 D SystemServerTiming: ManagedServices.unbindOtherUserServices_current0 took to complete: 0ms
06-16 07:06:55.884  1049  1049 V NotificationAssistants: enabling notification assistant for 0: ComponentInfo{android.ext.services/android.ext.services.notification.Assistant}
06-16 07:06:55.884  1049  1049 V NotificationAssistants: binding: Intent { act=android.service.notification.NotificationAssistantService cmp=android.ext.services/.notification.Assistant (has extras) }
06-16 07:06:55.894  1318  1318 I wm_on_create_called: [46541742,com.android.settings.FallbackHome,performCreate]
06-16 07:06:55.896  1318  1318 I wm_on_start_called: [46541742,com.android.settings.FallbackHome,handleStartActivity]
06-16 07:06:55.898  1318  1318 I wm_on_resume_called: [46541742,com.android.settings.FallbackHome,RESUME_ACTIVITY]
06-16 07:06:55.919  1318  1318 I wm_on_top_resumed_gained_called: [46541742,com.android.settings.FallbackHome,topStateChangedWhenResumed]
06-16 07:06:55.920  1318  1318 I wm_on_top_resumed_lost_called: [46541742,com.android.settings.FallbackHome,topStateChangedWhenResumed]
06-16 07:06:55.920  1318  1318 I wm_on_paused_called: [46541742,com.android.settings.FallbackHome,performPause]
06-16 07:06:55.925  1049  1114 I wm_stop_activity: [0,46541742,com.android.settings/.FallbackHome]
06-16 07:06:55.927  1049  1114 I sysui_multi_action: [757,803,799,window_time_0,802,10]
06-16 07:06:55.929   456   456 I auditd  : type=1400 audit(0.0:303): avc: denied { ioctl } for comm="allocator@4.0-s" path="/dev/ion" dev="tmpfs" ino=8828 ioctlcmd=0x4900 scontext=u:r:init:s0 tcontext=u:object_r:ion_device:s0 tclass=chr_file permissive=1
06-16 07:06:55.929   456   456 I auditd  : type=1400 audit(0.0:304): avc: denied { ioctl } for comm="allocator@4.0-s" path="/proc/ged" dev="proc" ino=4026533267 ioctlcmd=0x6764 scontext=u:r:init:s0 tcontext=u:object_r:proc_ged:s0 tclass=file permissive=1
06-16 07:06:55.933   456   456 I auditd  : type=1400 audit(0.0:305): avc: denied { ioctl } for comm="allocator@4.0-s" path="/proc/ged" dev="proc" ino=4026533267 ioctlcmd=0x6765 scontext=u:r:init:s0 tcontext=u:object_r:proc_ged:s0 tclass=file permissive=1
06-16 07:06:55.933   456   456 I auditd  : type=1400 audit(0.0:306): avc: denied { ioctl } for comm="allocator@4.0-s" path="/proc/ged" dev="proc" ino=4026533267 ioctlcmd=0x6764 scontext=u:r:init:s0 tcontext=u:object_r:proc_ged:s0 tclass=file permissive=1
06-16 07:06:55.933  1318  1318 I wm_on_stop_called: [46541742,com.android.settings.FallbackHome,STOP_ACTIVITY_ITEM]
06-16 07:06:55.933   456   456 I auditd  : type=1400 audit(0.0:307): avc: denied { ioctl } for comm="allocator@4.0-s" path="/proc/ged" dev="proc" ino=4026533267 ioctlcmd=0x6765 scontext=u:r:init:s0 tcontext=u:object_r:proc_ged:s0 tclass=file permissive=1
06-16 07:06:55.933   456   456 I auditd  : type=1400 audit(0.0:308): avc: denied { ioctl } for comm="allocator@4.0-s" path="/proc/ged" dev="proc" ino=4026533267 ioctlcmd=0x6764 scontext=u:r:init:s0 tcontext=u:object_r:proc_ged:s0 tclass=file permissive=1
06-16 07:06:55.933   456   456 I auditd  : type=1400 audit(0.0:309): avc: denied { ioctl } for comm="allocator@4.0-s" path="/proc/ged" dev="proc" ino=4026533267 ioctlcmd=0x6765 scontext=u:r:init:s0 tcontext=u:object_r:proc_ged:s0 tclass=file permissive=1
06-16 07:06:55.933   456   456 I auditd  : type=1400 audit(0.0:310): avc: denied { ioctl } for comm="allocator@4.0-s" path="/proc/ged" dev="proc" ino=4026533267 ioctlcmd=0x6764 scontext=u:r:init:s0 tcontext=u:object_r:proc_ged:s0 tclass=file permissive=1
06-16 07:06:55.933   456   456 I auditd  : type=1400 audit(0.0:311): avc: denied { ioctl } for comm="allocator@4.0-s" path="/proc/ged" dev="proc" ino=4026533267 ioctlcmd=0x6765 scontext=u:r:init:s0 tcontext=u:object_r:proc_ged:s0 tclass=file permissive=1
06-16 07:06:55.936   456   456 I auditd  : type=1400 audit(0.0:312): avc: denied { ioctl } for comm="allocator@4.0-s" path="/proc/ged" dev="proc" ino=4026533267 ioctlcmd=0x6764 scontext=u:r:init:s0 tcontext=u:object_r:proc_ged:s0 tclass=file permissive=1
06-16 07:06:55.936   456   456 I auditd  : type=1400 audit(0.0:313): avc: denied { ioctl } for comm="allocator@4.0-s" path="/proc/ged" dev="proc" ino=4026533267 ioctlcmd=0x6765 scontext=u:r:init:s0 tcontext=u:object_r:proc_ged:s0 tclass=file permissive=1
06-16 07:06:55.936   456   456 I auditd  : type=1400 audit(0.0:314): avc: denied { ioctl } for comm="allocator@4.0-s" path="/proc/ged" dev="proc" ino=4026533267 ioctlcmd=0x6764 scontext=u:r:init:s0 tcontext=u:object_r:proc_ged:s0 tclass=file permissive=1
06-16 07:06:55.939   456   456 I auditd  : type=1400 audit(0.0:315): avc: denied { ioctl } for comm="allocator@4.0-s" path="/proc/ged" dev="proc" ino=4026533267 ioctlcmd=0x6765 scontext=u:r:init:s0 tcontext=u:object_r:proc_ged:s0 tclass=file permissive=1
06-16 07:06:55.948  1049  1114 I ActivityManagerTiming: FinishBooting
06-16 07:06:55.949  1049  1114 I boot_progress_enable_screen: 32397
06-16 07:06:55.953  1049  1114 I screen_toggled: 1
06-16 07:06:55.949   461   461 I auditd  : type=1400 audit(0.0:316): avc: denied { read write } for comm="sensors@2.0-ser" name="situactive" dev="sysfs" ino=39964 scontext=u:r:init:s0 tcontext=u:object_r:sysfs_sensor:s0 tclass=file permissive=1
06-16 07:06:55.953   461   461 I auditd  : type=1400 audit(0.0:317): avc: denied { open } for comm="sensors@2.0-ser" path="/sys/devices/virtual/sensor/m_situ_misc/situactive" dev="sysfs" ino=39964 scontext=u:r:init:s0 tcontext=u:object_r:sysfs_sensor:s0 tclass=file permissive=1
06-16 07:06:55.959   456   456 I auditd  : type=1400 audit(0.0:318): avc: denied { ioctl } for comm="allocator@4.0-s" path="/proc/ged" dev="proc" ino=4026533267 ioctlcmd=0x6764 scontext=u:r:init:s0 tcontext=u:object_r:proc_ged:s0 tclass=file permissive=1
06-16 07:06:55.959   456   456 I auditd  : type=1400 audit(0.0:319): avc: denied { ioctl } for comm="allocator@4.0-s" path="/proc/ged" dev="proc" ino=4026533267 ioctlcmd=0x6765 scontext=u:r:init:s0 tcontext=u:object_r:proc_ged:s0 tclass=file permissive=1
06-16 07:06:55.963   456   456 I auditd  : type=1400 audit(0.0:320): avc: denied { ioctl } for comm="allocator@4.0-s" path="/proc/ged" dev="proc" ino=4026533267 ioctlcmd=0x6764 scontext=u:r:init:s0 tcontext=u:object_r:proc_ged:s0 tclass=file permissive=1
06-16 07:06:55.963   456   456 I auditd  : type=1400 audit(0.0:321): avc: denied { ioctl } for comm="allocator@4.0-s" path="/proc/ged" dev="proc" ino=4026533267 ioctlcmd=0x6765 scontext=u:r:init:s0 tcontext=u:object_r:proc_ged:s0 tclass=file permissive=1
06-16 07:06:55.966   456   456 I auditd  : type=1400 audit(0.0:322): avc: denied { ioctl } for comm="allocator@4.0-s" path="/proc/ged" dev="proc" ino=4026533267 ioctlcmd=0x6764 scontext=u:r:init:s0 tcontext=u:object_r:proc_ged:s0 tclass=file permissive=1
06-16 07:06:55.966   456   456 I auditd  : type=1400 audit(0.0:323): avc: denied { ioctl } for comm="allocator@4.0-s" path="/proc/ged" dev="proc" ino=4026533267 ioctlcmd=0x6765 scontext=u:r:init:s0 tcontext=u:object_r:proc_ged:s0 tclass=file permissive=1
06-16 07:06:55.966   456   456 I auditd  : type=1400 audit(0.0:324): avc: denied { ioctl } for comm="allocator@4.0-s" path="/proc/ged" dev="proc" ino=4026533267 ioctlcmd=0x6764 scontext=u:r:init:s0 tcontext=u:object_r:proc_ged:s0 tclass=file permissive=1
06-16 07:06:55.966   456   456 I auditd  : type=1400 audit(0.0:325): avc: denied { ioctl } for comm="allocator@4.0-s" path="/proc/ged" dev="proc" ino=4026533267 ioctlcmd=0x6765 scontext=u:r:init:s0 tcontext=u:object_r:proc_ged:s0 tclass=file permissive=1
06-16 07:06:55.969   456   456 I auditd  : type=1400 audit(0.0:326): avc: denied { ioctl } for comm="allocator@4.0-s" path="/proc/ged" dev="proc" ino=4026533267 ioctlcmd=0x6764 scontext=u:r:init:s0 tcontext=u:object_r:proc_ged:s0 tclass=file permissive=1
06-16 07:06:55.969   456   456 I auditd  : type=1400 audit(0.0:327): avc: denied { ioctl } for comm="allocator@4.0-s" path="/proc/ged" dev="proc" ino=4026533267 ioctlcmd=0x6765 scontext=u:r:init:s0 tcontext=u:object_r:proc_ged:s0 tclass=file permissive=1
06-16 07:06:55.973   456   456 I auditd  : type=1400 audit(0.0:328): avc: denied { ioctl } for comm="allocator@4.0-s" path="/proc/ged" dev="proc" ino=4026533267 ioctlcmd=0x6764 scontext=u:r:init:s0 tcontext=u:object_r:proc_ged:s0 tclass=file permissive=1
06-16 07:06:55.973   456   456 I auditd  : type=1400 audit(0.0:329): avc: denied { ioctl } for comm="allocator@4.0-s" path="/proc/ged" dev="proc" ino=4026533267 ioctlcmd=0x6765 scontext=u:r:init:s0 tcontext=u:object_r:proc_ged:s0 tclass=file permissive=1
06-16 07:06:55.990  1049  1049 I device_idle: [1,no activity]
06-16 07:06:55.991  1049  1049 I device_idle_light: [1,no activity]
06-16 07:06:55.997  1049  1049 D ConditionProviders.SCP: onSubscribe condition://android/schedule?days=1.2.3.4.5.6.7&start=22.0&end=7.0&exitAtAlarm=true
06-16 07:06:55.997  1049  1049 D ConditionProviders.SCP: setRegistered true
06-16 07:06:56.002  1049  1271 W ActivityThread: Failed to find provider info for com.android.calendar (user not unlocked)
06-16 07:06:56.003  1049  1271 W ActivityThread: Failed to find provider info for com.android.calendar (user not unlocked)
06-16 07:06:56.004  1049  1049 D ConditionProviders.SCP: evaluateSubscriptionLocked cal=ScheduleCalendar[mDays={1, 2, 3, 4, 5, 6, 7}, mSchedule=ScheduleInfo{days=[1, 2, 3, 4, 5, 6, 7], startHour=22, startMinute=0, endHour=7, endMinute=0, exitAtAlarm=true, nextAlarm=Thu Jan 01 05:30:00 GMT+05:30 1970 (0)}], now=Tue Jun 16 07:06:55 GMT+05:30 2026 (1781573815997), nextUserAlarmTime=Thu Jan 01 05:30:00 GMT+05:30 1970 (0)
06-16 07:06:56.005  1049  1049 D ConditionProviders.SCP: notifyCondition condition://android/schedule?days=1.2.3.4.5.6.7&start=22.0&end=7.0&exitAtAlarm=true STATE_FALSE reason=!meetsSchedule
06-16 07:06:56.009  1049  1049 D ConditionProviders.SCP: Scheduling evaluate for Tue Jun 16 22:00:00 GMT+05:30 2026 (1781627400000), in +14h53m4s3ms, now=Tue Jun 16 07:06:55 GMT+05:30 2026 (1781573815997)
06-16 07:06:56.038  1347  1387 W ActivityThread: Failed to find provider info for com.android.contacts (user not unlocked)
06-16 07:06:56.058  1049  1049 D BluetoothManagerService: Trying to bind to profile: 1, while Bluetooth was disabled
06-16 07:06:56.063  1049  1626 I Telecom : BluetoothRouteManager: getBluetoothAudioConnectedDevice: no service available.
06-16 07:06:56.067  1049  1049 I Telecom : SystemStateHelper: Registering broadcast receiver: android.content.IntentFilter@c8be852: TS.init@AAA
06-16 07:06:56.067  1049  1049 I Telecom : SystemStateHelper: Registering broadcast receiver: android.content.IntentFilter@9c71723: TS.init@AAA
06-16 07:06:56.090  1347  1387 W ActivityThread: Failed to find provider info for com.android.contacts (user not unlocked)
06-16 07:06:56.092  1049  1627 I Telecom : Logging.Events: Non-call EVENT: AUDIO_ROUTE, Entering state QuiescentEarpieceRoute
06-16 07:06:56.092  1049  1627 I Telecom : BluetoothRouteManager: getBluetoothAudioConnectedDevice: no service available.
06-16 07:06:56.099  1347  1387 W ActivityThread: Failed to find provider info for com.android.contacts (user not unlocked)
06-16 07:06:56.107  1049  1628 I Telecom : CallAudioModeStateMachine: Message received: null.: TS.init->CAMSM.pM_1@AAA
06-16 07:06:56.116  1049  1049 I Telecom : MissedCallNotifierImpl: reloadFromDatabase: Boot not yet complete -- call log db may not be available. Deferring loading until boot complete for user 0: TS.init@AAA
06-16 07:06:56.117  1049  1049 I Telecom : MissedCallNotifierImpl: reloadFromDatabase: Boot not yet complete -- call log db may not be available. Deferring loading until boot complete for user 0: TS.init@AAA
06-16 07:06:56.125  1049  1049 I Telecom : Class: TelecomSystem.INSTANCE being set
06-16 07:06:56.127  1049  1049 W Looper  : Slow dispatch took 114ms main h=android.app.ActivityThread$H c=android.app.LoadedApk$ServiceDispatcher$RunConnection@9869022 m=0
06-16 07:06:56.128  1049  1049 I ExplicitHealthCheckController: Explicit health check service is connected ComponentInfo{android.ext.services/android.ext.services.watchdog.ExplicitHealthCheckServiceImpl}
06-16 07:06:56.130  1049  1049 I ExplicitHealthCheckController: Service initialized, syncing requests
06-16 07:06:56.130  1049  1049 I ConnectivityModuleConnector: Networking module service connected
06-16 07:06:56.134  1049  1049 I ConnectivityModuleConnector: Networking module service connected
06-16 07:06:56.136  1049  1049 D AutofillManagerService: Restriction did not change for user 0
06-16 07:06:56.139  1049  1049 V NotificationAssistants: 0 notification assistant service connected: ComponentInfo{android.ext.services/android.ext.services.notification.Assistant}
06-16 07:06:56.143  1049  1049 I Telecom : WiredHeadsetManager: ACTION_HEADSET_PLUG event, plugged in: false, : WHC.oADA@AAE
06-16 07:06:56.146  1049  1049 I PackageWatchdog: Syncing health check requests for packages: {}
06-16 07:06:56.146  1049  1049 D ExplicitHealthCheckController: Getting health check supported packages
06-16 07:06:56.149   456   456 I auditd  : type=1400 audit(0.0:330): avc: denied { ioctl } for comm="allocator@4.0-s" path="/proc/ged" dev="proc" ino=4026533267 ioctlcmd=0x6764 scontext=u:r:init:s0 tcontext=u:object_r:proc_ged:s0 tclass=file permissive=1
06-16 07:06:56.149   456   456 I auditd  : type=1400 audit(0.0:331): avc: denied { ioctl } for comm="allocator@4.0-s" path="/proc/ged" dev="proc" ino=4026533267 ioctlcmd=0x6765 scontext=u:r:init:s0 tcontext=u:object_r:proc_ged:s0 tclass=file permissive=1
06-16 07:06:56.147  1049  1115 I input_focus: [Focus request f8cebf6 NotificationShade,reason=UpdateInputWindows]
06-16 07:06:56.147  1049  1049 W Looper  : Drained
06-16 07:06:56.149  1049  1534 I ExplicitHealthCheckController: Explicit health check supported packages []
06-16 07:06:56.150  1049  1534 D PackageWatchdog: Received supported packages []
06-16 07:06:56.150  1049  1534 D ExplicitHealthCheckController: Getting health check requested packages
06-16 07:06:56.151  1049  1311 I ExplicitHealthCheckController: Explicit health check requested packages []
06-16 07:06:56.153   456   456 I auditd  : type=1400 audit(0.0:332): avc: denied { ioctl } for comm="allocator@4.0-s" path="/proc/ged" dev="proc" ino=4026533267 ioctlcmd=0x6764 scontext=u:r:init:s0 tcontext=u:object_r:proc_ged:s0 tclass=file permissive=1
06-16 07:06:56.152  1049  1311 I ExplicitHealthCheckController: No more health check requests, unbinding...
06-16 07:06:56.153   456   456 I auditd  : type=1400 audit(0.0:333): avc: denied { ioctl } for comm="allocator@4.0-s" path="/proc/ged" dev="proc" ino=4026533267 ioctlcmd=0x6765 scontext=u:r:init:s0 tcontext=u:object_r:proc_ged:s0 tclass=file permissive=1
06-16 07:06:56.157  1049  1311 I ExplicitHealthCheckController: Explicit health check service is unbound
06-16 07:06:56.156   456   456 I auditd  : type=1400 audit(0.0:334): avc: denied { ioctl } for comm="allocator@4.0-s" path="/proc/ged" dev="proc" ino=4026533267 ioctlcmd=0x6764 scontext=u:r:init:s0 tcontext=u:object_r:proc_ged:s0 tclass=file permissive=1
06-16 07:06:56.156   456   456 I auditd  : type=1400 audit(0.0:335): avc: denied { ioctl } for comm="allocator@4.0-s" path="/proc/ged" dev="proc" ino=4026533267 ioctlcmd=0x6765 scontext=u:r:init:s0 tcontext=u:object_r:proc_ged:s0 tclass=file permissive=1
06-16 07:06:56.159   456   456 I auditd  : type=1400 audit(0.0:336): avc: denied { ioctl } for comm="allocator@4.0-s" path="/proc/ged" dev="proc" ino=4026533267 ioctlcmd=0x6764 scontext=u:r:init:s0 tcontext=u:object_r:proc_ged:s0 tclass=file permissive=1
06-16 07:06:56.159   456   456 I auditd  : type=1400 audit(0.0:337): avc: denied { ioctl } for comm="allocator@4.0-s" path="/proc/ged" dev="proc" ino=4026533267 ioctlcmd=0x6765 scontext=u:r:init:s0 tcontext=u:object_r:proc_ged:s0 tclass=file permissive=1
06-16 07:06:56.163   456   456 I auditd  : type=1400 audit(0.0:338): avc: denied { ioctl } for comm="allocator@4.0-s" path="/proc/ged" dev="proc" ino=4026533267 ioctlcmd=0x6764 scontext=u:r:init:s0 tcontext=u:object_r:proc_ged:s0 tclass=file permissive=1
06-16 07:06:56.163   456   456 I auditd  : type=1400 audit(0.0:339): avc: denied { ioctl } for comm="allocator@4.0-s" path="/proc/ged" dev="proc" ino=4026533267 ioctlcmd=0x6765 scontext=u:r:init:s0 tcontext=u:object_r:proc_ged:s0 tclass=file permissive=1
06-16 07:06:56.163   456   456 I auditd  : type=1400 audit(0.0:340): avc: denied { ioctl } for comm="allocator@4.0-s" path="/proc/ged" dev="proc" ino=4026533267 ioctlcmd=0x6764 scontext=u:r:init:s0 tcontext=u:object_r:proc_ged:s0 tclass=file permissive=1
06-16 07:06:56.166   456   456 I auditd  : type=1400 audit(0.0:341): avc: denied { ioctl } for comm="allocator@4.0-s" path="/proc/ged" dev="proc" ino=4026533267 ioctlcmd=0x6765 scontext=u:r:init:s0 tcontext=u:object_r:proc_ged:s0 tclass=file permissive=1
06-16 07:06:56.199   456   456 I auditd  : type=1400 audit(0.0:342): avc: denied { ioctl } for comm="allocator@4.0-s" path="/proc/ged" dev="proc" ino=4026533267 ioctlcmd=0x6764 scontext=u:r:init:s0 tcontext=u:object_r:proc_ged:s0 tclass=file permissive=1
06-16 07:06:56.199   456   456 I auditd  : type=1400 audit(0.0:343): avc: denied { ioctl } for comm="allocator@4.0-s" path="/proc/ged" dev="proc" ino=4026533267 ioctlcmd=0x6765 scontext=u:r:init:s0 tcontext=u:object_r:proc_ged:s0 tclass=file permissive=1
06-16 07:06:56.199   456   456 I auditd  : type=1400 audit(0.0:344): avc: denied { ioctl } for comm="allocator@4.0-s" path="/proc/ged" dev="proc" ino=4026533267 ioctlcmd=0x6764 scontext=u:r:init:s0 tcontext=u:object_r:proc_ged:s0 tclass=file permissive=1
06-16 07:06:56.199   456   456 I auditd  : type=1400 audit(0.0:345): avc: denied { ioctl } for comm="allocator@4.0-s" path="/proc/ged" dev="proc" ino=4026533267 ioctlcmd=0x6765 scontext=u:r:init:s0 tcontext=u:object_r:proc_ged:s0 tclass=file permissive=1
06-16 07:06:56.203   456   456 I auditd  : type=1400 audit(0.0:346): avc: denied { ioctl } for comm="allocator@4.0-s" path="/proc/ged" dev="proc" ino=4026533267 ioctlcmd=0x6764 scontext=u:r:init:s0 tcontext=u:object_r:proc_ged:s0 tclass=file permissive=1
06-16 07:06:56.203   456   456 I auditd  : type=1400 audit(0.0:347): avc: denied { ioctl } for comm="allocator@4.0-s" path="/proc/ged" dev="proc" ino=4026533267 ioctlcmd=0x6765 scontext=u:r:init:s0 tcontext=u:object_r:proc_ged:s0 tclass=file permissive=1
06-16 07:06:56.203   456   456 I auditd  : type=1400 audit(0.0:348): avc: denied { ioctl } for comm="allocator@4.0-s" path="/proc/ged" dev="proc" ino=4026533267 ioctlcmd=0x6764 scontext=u:r:init:s0 tcontext=u:object_r:proc_ged:s0 tclass=file permissive=1
06-16 07:06:56.203   456   456 I auditd  : type=1400 audit(0.0:349): avc: denied { ioctl } for comm="allocator@4.0-s" path="/proc/ged" dev="proc" ino=4026533267 ioctlcmd=0x6765 scontext=u:r:init:s0 tcontext=u:object_r:proc_ged:s0 tclass=file permissive=1
06-16 07:06:56.203   456   456 I auditd  : type=1400 audit(0.0:350): avc: denied { ioctl } for comm="allocator@4.0-s" path="/proc/ged" dev="proc" ino=4026533267 ioctlcmd=0x6764 scontext=u:r:init:s0 tcontext=u:object_r:proc_ged:s0 tclass=file permissive=1
06-16 07:06:56.203   456   456 I auditd  : type=1400 audit(0.0:351): avc: denied { ioctl } for comm="allocator@4.0-s" path="/proc/ged" dev="proc" ino=4026533267 ioctlcmd=0x6765 scontext=u:r:init:s0 tcontext=u:object_r:proc_ged:s0 tclass=file permissive=1
06-16 07:06:56.206   456   456 I auditd  : type=1400 audit(0.0:352): avc: denied { ioctl } for comm="allocator@4.0-s" path="/proc/ged" dev="proc" ino=4026533267 ioctlcmd=0x6764 scontext=u:r:init:s0 tcontext=u:object_r:proc_ged:s0 tclass=file permissive=1
06-16 07:06:56.206   456   456 I auditd  : type=1400 audit(0.0:353): avc: denied { ioctl } for comm="allocator@4.0-s" path="/proc/ged" dev="proc" ino=4026533267 ioctlcmd=0x6765 scontext=u:r:init:s0 tcontext=u:object_r:proc_ged:s0 tclass=file permissive=1
06-16 07:06:56.255  1347  1387 W ActivityThread: Failed to find provider info for com.android.contacts (user not unlocked)
06-16 07:06:56.266  1049  1219 I service_manager_stats: [296,208,5010]
06-16 07:06:56.571   341   341 E Cryptfs : cryptfs_get_password not valid for file encryption
06-16 07:06:56.576   456   456 I auditd  : type=1400 audit(0.0:354): avc: denied { ioctl } for comm="allocator@4.0-s" path="/dev/ion" dev="tmpfs" ino=8828 ioctlcmd=0x4900 scontext=u:r:init:s0 tcontext=u:object_r:ion_device:s0 tclass=chr_file permissive=1
06-16 07:06:56.579   456   456 I auditd  : type=1400 audit(0.0:355): avc: denied { ioctl } for comm="allocator@4.0-s" path="/proc/ged" dev="proc" ino=4026533267 ioctlcmd=0x6764 scontext=u:r:init:s0 tcontext=u:object_r:proc_ged:s0 tclass=file permissive=1
06-16 07:06:56.579   456   456 I auditd  : type=1400 audit(0.0:356): avc: denied { ioctl } for comm="allocator@4.0-s" path="/proc/ged" dev="proc" ino=4026533267 ioctlcmd=0x6765 scontext=u:r:init:s0 tcontext=u:object_r:proc_ged:s0 tclass=file permissive=1
06-16 07:06:56.583   456   456 I auditd  : type=1400 audit(0.0:357): avc: denied { ioctl } for comm="allocator@4.0-s" path="/proc/ged" dev="proc" ino=4026533267 ioctlcmd=0x6764 scontext=u:r:init:s0 tcontext=u:object_r:proc_ged:s0 tclass=file permissive=1
06-16 07:06:56.586   456   456 I auditd  : type=1400 audit(0.0:358): avc: denied { ioctl } for comm="allocator@4.0-s" path="/proc/ged" dev="proc" ino=4026533267 ioctlcmd=0x6765 scontext=u:r:init:s0 tcontext=u:object_r:proc_ged:s0 tclass=file permissive=1
06-16 07:06:56.626   456   456 I auditd  : type=1400 audit(0.0:359): avc: denied { ioctl } for comm="allocator@4.0-s" path="/proc/ged" dev="proc" ino=4026533267 ioctlcmd=0x6764 scontext=u:r:init:s0 tcontext=u:object_r:proc_ged:s0 tclass=file permissive=1
06-16 07:06:56.629   456   456 I auditd  : type=1400 audit(0.0:360): avc: denied { ioctl } for comm="allocator@4.0-s" path="/proc/ged" dev="proc" ino=4026533267 ioctlcmd=0x6765 scontext=u:r:init:s0 tcontext=u:object_r:proc_ged:s0 tclass=file permissive=1
06-16 07:06:56.633   456   456 I auditd  : type=1400 audit(0.0:361): avc: denied { ioctl } for comm="allocator@4.0-s" path="/proc/ged" dev="proc" ino=4026533267 ioctlcmd=0x6764 scontext=u:r:init:s0 tcontext=u:object_r:proc_ged:s0 tclass=file permissive=1
06-16 07:06:56.636   456   456 I auditd  : type=1400 audit(0.0:362): avc: denied { ioctl } for comm="allocator@4.0-s" path="/proc/ged" dev="proc" ino=4026533267 ioctlcmd=0x6765 scontext=u:r:init:s0 tcontext=u:object_r:proc_ged:s0 tclass=file permissive=1
06-16 07:06:56.730  1049  1147 I commit_sys_config_file: [package-user-0,3]
06-16 07:06:56.730  1049  1147 I commit_sys_config_file: [package,41]
06-16 07:06:56.906  1347  1347 I sysui_multi_action: [757,111,758,1]
06-16 07:06:56.908  1347  1347 I sysui_multi_action: [757,126,758,1,759,126,927,0,928,1,1593,0]
06-16 07:06:56.908  1347  1347 I sysui_multi_action: [757,113,758,1,759,113,927,1,928,0,1593,0]
06-16 07:06:56.908  1347  1347 I sysui_multi_action: [757,119,758,1,759,119,927,2,928,0,1593,0]
06-16 07:06:56.909  1347  1347 I sysui_multi_action: [757,118,758,1,759,118,927,3,928,0,1593,0]
06-16 07:06:56.920  1049  1159 I sysui_multi_action: [757,127,758,1]
06-16 07:06:56.921  1049  1159 I sysui_multi_action: [757,804,799,note_load,801,0,802,1]
06-16 07:06:56.922  1049  1159 I notification_panel_revealed: 0
06-16 07:06:56.922  1049  1534 I am_wtf  : [0,1347,com.android.systemui,818462221,KeyguardBouncer,onFullyShown when view was null]
06-16 07:06:56.925  1049  1640 I DropBoxManagerService: add tag=system_app_wtf isTagEnabled=true flags=0x2
06-16 07:06:56.948  1347  1347 I sysui_multi_action: [757,196,758,1,759,1]
06-16 07:06:56.949  1347  1347 I sysui_status_bar_state: [1,1,0,0,1,0]
06-16 07:06:57.013   456   456 I auditd  : type=1400 audit(0.0:363): avc: denied { ioctl } for comm="allocator@4.0-s" path="/proc/ged" dev="proc" ino=4026533267 ioctlcmd=0x6764 scontext=u:r:init:s0 tcontext=u:object_r:proc_ged:s0 tclass=file permissive=1
06-16 07:06:57.013   456   456 I auditd  : type=1400 audit(0.0:364): avc: denied { ioctl } for comm="allocator@4.0-s" path="/proc/ged" dev="proc" ino=4026533267 ioctlcmd=0x6765 scontext=u:r:init:s0 tcontext=u:object_r:proc_ged:s0 tclass=file permissive=1
06-16 07:06:57.107  1049  1114 I user_activity_timeout_override: 10000
06-16 07:06:57.166   456   456 I auditd  : type=1400 audit(0.0:365): avc: denied { ioctl } for comm="allocator@4.0-s" path="/proc/ged" dev="proc" ino=4026533267 ioctlcmd=0x6764 scontext=u:r:init:s0 tcontext=u:object_r:proc_ged:s0 tclass=file permissive=1
06-16 07:06:57.169   456   456 I auditd  : type=1400 audit(0.0:366): avc: denied { ioctl } for comm="allocator@4.0-s" path="/proc/ged" dev="proc" ino=4026533267 ioctlcmd=0x6765 scontext=u:r:init:s0 tcontext=u:object_r:proc_ged:s0 tclass=file permissive=1
06-16 07:06:57.199   456   456 I auditd  : type=1400 audit(0.0:367): avc: denied { ioctl } for comm="allocator@4.0-s" path="/proc/ged" dev="proc" ino=4026533267 ioctlcmd=0x6764 scontext=u:r:init:s0 tcontext=u:object_r:proc_ged:s0 tclass=file permissive=1
06-16 07:06:57.199   456   456 I auditd  : type=1400 audit(0.0:368): avc: denied { ioctl } for comm="allocator@4.0-s" path="/proc/ged" dev="proc" ino=4026533267 ioctlcmd=0x6765 scontext=u:r:init:s0 tcontext=u:object_r:proc_ged:s0 tclass=file permissive=1
06-16 07:06:57.286   456   456 I auditd  : type=1400 audit(0.0:369): avc: denied { ioctl } for comm="allocator@4.0-s" path="/proc/ged" dev="proc" ino=4026533267 ioctlcmd=0x6764 scontext=u:r:init:s0 tcontext=u:object_r:proc_ged:s0 tclass=file permissive=1
06-16 07:06:57.286   456   456 I auditd  : type=1400 audit(0.0:370): avc: denied { ioctl } for comm="allocator@4.0-s" path="/proc/ged" dev="proc" ino=4026533267 ioctlcmd=0x6765 scontext=u:r:init:s0 tcontext=u:object_r:proc_ged:s0 tclass=file permissive=1
06-16 07:06:57.293   456   456 I auditd  : type=1400 audit(0.0:371): avc: denied { ioctl } for comm="allocator@4.0-s" path="/proc/ged" dev="proc" ino=4026533267 ioctlcmd=0x6764 scontext=u:r:init:s0 tcontext=u:object_r:proc_ged:s0 tclass=file permissive=1
06-16 07:06:57.293   456   456 I auditd  : type=1400 audit(0.0:372): avc: denied { ioctl } for comm="allocator@4.0-s" path="/proc/ged" dev="proc" ino=4026533267 ioctlcmd=0x6765 scontext=u:r:init:s0 tcontext=u:object_r:proc_ged:s0 tclass=file permissive=1
06-16 07:06:57.303   456   456 I auditd  : type=1400 audit(0.0:373): avc: denied { ioctl } for comm="allocator@4.0-s" path="/proc/ged" dev="proc" ino=4026533267 ioctlcmd=0x6764 scontext=u:r:init:s0 tcontext=u:object_r:proc_ged:s0 tclass=file permissive=1
06-16 07:06:57.303   456   456 I auditd  : type=1400 audit(0.0:374): avc: denied { ioctl } for comm="allocator@4.0-s" path="/proc/ged" dev="proc" ino=4026533267 ioctlcmd=0x6765 scontext=u:r:init:s0 tcontext=u:object_r:proc_ged:s0 tclass=file permissive=1
06-16 07:07:00.449  1318  1318 I auditd  : type=1400 audit(0.0:375): avc: denied { getopt } for comm="FinalizerDaemon" path="/dev/socket/usap_pool_primary" scontext=u:r:system_app:s0 tcontext=u:r:zygote:s0 tclass=unix_stream_socket permissive=1
06-16 07:07:01.582  1049  1395 I commit_sys_config_file: [appops,12]
06-16 07:07:01.913  1049  1114 I WindowManager: ******* TELLING SURFACE FLINGER WE ARE BOOTED!
06-16 07:07:01.924   497  1647 I sf_stop_bootanim: 38372
06-16 07:07:01.924  1049  1114 I wm_boot_animation_done: 38373
06-16 07:07:01.925  1049  1114 I ActivityManagerTiming: FinishBooting
06-16 07:07:01.926  1049  1114 I ActivityManager: About to commit checkpoint
06-16 07:07:01.927  1049  1114 I SystemServiceManager: Starting phase 1000
06-16 07:07:01.927  1049  1114 I ActivityManagerTiming: OnBootPhase_1000
06-16 07:07:01.927  1049  1114 I ActivityManagerTiming: OnBootPhase_1000_com.android.server.security.FileIntegrityService
06-16 07:07:01.927  1049  1114 D ActivityManagerTiming: OnBootPhase_1000_com.android.server.security.FileIntegrityService took to complete: 0ms
06-16 07:07:01.927  1049  1114 I ActivityManagerTiming: OnBootPhase_1000_com.android.server.pm.Installer
06-16 07:07:01.927  1049  1114 D ActivityManagerTiming: OnBootPhase_1000_com.android.server.pm.Installer took to complete: 0ms
06-16 07:07:01.927  1049  1114 I ActivityManagerTiming: OnBootPhase_1000_com.android.server.os.DeviceIdentifiersPolicyService
06-16 07:07:01.927  1049  1114 D ActivityManagerTiming: OnBootPhase_1000_com.android.server.os.DeviceIdentifiersPolicyService took to complete: 0ms
06-16 07:07:01.927  1049  1114 I ActivityManagerTiming: OnBootPhase_1000_com.android.server.uri.UriGrantsManagerService$Lifecycle
06-16 07:07:01.927  1049  1114 D ActivityManagerTiming: OnBootPhase_1000_com.android.server.uri.UriGrantsManagerService$Lifecycle took to complete: 0ms
06-16 07:07:01.927  1049  1114 I ActivityManagerTiming: OnBootPhase_1000_com.android.server.powerstats.PowerStatsService
06-16 07:07:01.927  1049  1114 E PowerStatsService: Failed to start PowerStatsService loggers
06-16 07:07:01.927  1049  1114 D ActivityManagerTiming: OnBootPhase_1000_com.android.server.powerstats.PowerStatsService took to complete: 1ms
06-16 07:07:01.927  1049  1114 I ActivityManagerTiming: OnBootPhase_1000_com.android.server.wm.ActivityTaskManagerService$Lifecycle
06-16 07:07:01.927  1049  1114 D ActivityManagerTiming: OnBootPhase_1000_com.android.server.wm.ActivityTaskManagerService$Lifecycle took to complete: 0ms
06-16 07:07:01.927  1049  1114 I ActivityManagerTiming: OnBootPhase_1000_com.android.server.am.ActivityManagerService$Lifecycle
06-16 07:07:01.927  1049  1114 D ActivityManagerTiming: OnBootPhase_1000_com.android.server.am.ActivityManagerService$Lifecycle took to complete: 0ms
06-16 07:07:01.927  1049  1114 I ActivityManagerTiming: OnBootPhase_1000_com.android.server.pm.DataLoaderManagerService
06-16 07:07:01.927  1049  1114 D ActivityManagerTiming: OnBootPhase_1000_com.android.server.pm.DataLoaderManagerService took to complete: 0ms
06-16 07:07:01.927  1049  1114 I ActivityManagerTiming: OnBootPhase_1000_com.android.server.power.PowerManagerService
06-16 07:07:01.928  1049  1114 D ActivityManagerTiming: OnBootPhase_1000_com.android.server.power.PowerManagerService took to complete: 1ms
06-16 07:07:01.928  1049  1114 I ActivityManagerTiming: OnBootPhase_1000_com.android.server.power.ThermalManagerService
06-16 07:07:01.928  1049  1114 D ActivityManagerTiming: OnBootPhase_1000_com.android.server.power.ThermalManagerService took to complete: 0ms
06-16 07:07:01.928  1049  1114 I ActivityManagerTiming: OnBootPhase_1000_com.android.server.power.hint.HintManagerService
06-16 07:07:01.929  1049  1114 D ActivityManagerTiming: OnBootPhase_1000_com.android.server.power.hint.HintManagerService took to complete: 0ms
06-16 07:07:01.929  1049  1114 I ActivityManagerTiming: OnBootPhase_1000_com.android.server.recoverysystem.RecoverySystemService$Lifecycle
06-16 07:07:01.929  1049  1114 D ActivityManagerTiming: OnBootPhase_1000_com.android.server.recoverysystem.RecoverySystemService$Lifecycle took to complete: 0ms
06-16 07:07:01.929  1049  1114 I ActivityManagerTiming: OnBootPhase_1000_com.android.server.lights.LightsService
06-16 07:07:01.929  1049  1114 D ActivityManagerTiming: OnBootPhase_1000_com.android.server.lights.LightsService took to complete: 0ms
06-16 07:07:01.929  1049  1114 I ActivityManagerTiming: OnBootPhase_1000_com.android.server.display.DisplayManagerService
06-16 07:07:01.929  1049  1114 D ActivityManagerTiming: OnBootPhase_1000_com.android.server.display.DisplayManagerService took to complete: 0ms
06-16 07:07:01.929  1049  1114 I ActivityManagerTiming: OnBootPhase_1000_com.android.server.pm.verify.domain.DomainVerificationService
06-16 07:07:01.929  1049  1114 D ActivityManagerTiming: OnBootPhase_1000_com.android.server.pm.verify.domain.DomainVerificationService took to complete: 1ms
06-16 07:07:01.929  1049  1114 I ActivityManagerTiming: OnBootPhase_1000_com.android.server.pm.PackageInstallerService$Lifecycle
06-16 07:07:01.929  1049  1114 D ActivityManagerTiming: OnBootPhase_1000_com.android.server.pm.PackageInstallerService$Lifecycle took to complete: 0ms
06-16 07:07:01.929  1049  1114 I ActivityManagerTiming: OnBootPhase_1000_com.android.server.pm.UserManagerService$LifeCycle
06-16 07:07:01.929  1049  1114 D ActivityManagerTiming: OnBootPhase_1000_com.android.server.pm.UserManagerService$LifeCycle took to complete: 0ms
06-16 07:07:01.929  1049  1114 I ActivityManagerTiming: OnBootPhase_1000_com.android.server.om.OverlayManagerService
06-16 07:07:01.929  1049  1138 V DisplayPowerController[0]: Brightness [0.0] reason changing to: 'manual', previous reason: 'override'.
06-16 07:07:01.926  1143  1143 I auditd  : type=1400 audit(0.0:376): avc: denied { read write } for comm="android.hardwar" name="brightness" dev="sysfs" ino=40127 scontext=u:r:init:s0 tcontext=u:object_r:sysfs_led:s0 tclass=file permissive=1
06-16 07:07:01.926  1143  1143 I auditd  : type=1400 audit(0.0:377): avc: denied { open } for comm="android.hardwar" path="/sys/devices/platform/leds-mt65xx/leds/lcd-backlight/brightness" dev="sysfs" ino=40127 scontext=u:r:init:s0 tcontext=u:object_r:sysfs_led:s0 tclass=file permissive=1
06-16 07:07:01.932  1049  1114 D ActivityManagerTiming: OnBootPhase_1000_com.android.server.om.OverlayManagerService took to complete: 0ms
06-16 07:07:01.932  1049  1114 I ActivityManagerTiming: OnBootPhase_1000_com.android.server.SensorPrivacyService
06-16 07:07:01.932  1049  1114 D ActivityManagerTiming: OnBootPhase_1000_com.android.server.SensorPrivacyService took to complete: 0ms
06-16 07:07:01.932  1049  1114 I ActivityManagerTiming: OnBootPhase_1000_com.android.server.sensors.SensorService
06-16 07:07:01.932  1049  1114 D ActivityManagerTiming: OnBootPhase_1000_com.android.server.sensors.SensorService took to complete: 0ms
06-16 07:07:01.932  1049  1114 I ActivityManagerTiming: OnBootPhase_1000_com.android.server.SystemConfigService
06-16 07:07:01.932  1049  1114 D ActivityManagerTiming: OnBootPhase_1000_com.android.server.SystemConfigService took to complete: 0ms
06-16 07:07:01.932  1049  1114 I ActivityManagerTiming: OnBootPhase_1000_com.android.server.BatteryService
06-16 07:07:01.937  1049  1114 D ActivityManagerTiming: OnBootPhase_1000_com.android.server.BatteryService took to complete: 4ms
06-16 07:07:01.937  1049  1114 I ActivityManagerTiming: OnBootPhase_1000_com.android.server.usage.UsageStatsService
06-16 07:07:01.937  1049  1114 D ActivityManagerTiming: OnBootPhase_1000_com.android.server.usage.UsageStatsService took to complete: 1ms
06-16 07:07:01.937  1049  1114 I ActivityManagerTiming: OnBootPhase_1000_com.android.server.webkit.WebViewUpdateService
06-16 07:07:01.937  1049  1114 D ActivityManagerTiming: OnBootPhase_1000_com.android.server.webkit.WebViewUpdateService took to complete: 0ms
06-16 07:07:01.937  1049  1114 I ActivityManagerTiming: OnBootPhase_1000_com.android.server.CachedDeviceStateService
06-16 07:07:01.937  1049  1114 D ActivityManagerTiming: OnBootPhase_1000_com.android.server.CachedDeviceStateService took to complete: 0ms
06-16 07:07:01.937  1049  1114 I ActivityManagerTiming: OnBootPhase_1000_com.android.server.BinderCallsStatsService$LifeCycle
06-16 07:07:01.937  1049  1114 D ActivityManagerTiming: OnBootPhase_1000_com.android.server.BinderCallsStatsService$LifeCycle took to complete: 0ms
06-16 07:07:01.937  1049  1114 I ActivityManagerTiming: OnBootPhase_1000_com.android.server.LooperStatsService$Lifecycle
06-16 07:07:01.937  1049  1114 D ActivityManagerTiming: OnBootPhase_1000_com.android.server.LooperStatsService$Lifecycle took to complete: 0ms
06-16 07:07:01.938  1049  1114 I ActivityManagerTiming: OnBootPhase_1000_com.android.server.rollback.RollbackManagerService
06-16 07:07:01.938  1049  1165 D AppStandbyController: Loading headless system app cache. appIdleEnabled=true
06-16 07:07:01.938  1049  1114 D ActivityManagerTiming: OnBootPhase_1000_com.android.server.rollback.RollbackManagerService took to complete: 1ms
06-16 07:07:01.938  1049  1114 I ActivityManagerTiming: OnBootPhase_1000_com.android.server.os.NativeTombstoneManagerService
06-16 07:07:01.938  1049  1114 D ActivityManagerTiming: OnBootPhase_1000_com.android.server.os.NativeTombstoneManagerService took to complete: 0ms
06-16 07:07:01.938  1049  1114 I ActivityManagerTiming: OnBootPhase_1000_com.android.server.os.BugreportManagerService
06-16 07:07:01.938  1049  1114 D ActivityManagerTiming: OnBootPhase_1000_com.android.server.os.BugreportManagerService took to complete: 0ms
06-16 07:07:01.938  1049  1114 I ActivityManagerTiming: OnBootPhase_1000_com.android.server.gpu.GpuService
06-16 07:07:01.938  1049  1114 D ActivityManagerTiming: OnBootPhase_1000_com.android.server.gpu.GpuService took to complete: 0ms
06-16 07:07:01.938  1049  1114 I ActivityManagerTiming: OnBootPhase_1000_com.android.server.security.KeyChainSystemService
06-16 07:07:01.938  1049  1114 D ActivityManagerTiming: OnBootPhase_1000_com.android.server.security.KeyChainSystemService took to complete: 0ms
06-16 07:07:01.938  1049  1114 I ActivityManagerTiming: OnBootPhase_1000_com.android.server.telecom.TelecomLoaderService
06-16 07:07:01.938  1049  1114 D ActivityManagerTiming: OnBootPhase_1000_com.android.server.telecom.TelecomLoaderService took to complete: 0ms
06-16 07:07:01.938  1049  1114 I ActivityManagerTiming: OnBootPhase_1000_com.android.server.accounts.AccountManagerService$Lifecycle
06-16 07:07:01.938  1049  1114 D ActivityManagerTiming: OnBootPhase_1000_com.android.server.accounts.AccountManagerService$Lifecycle took to complete: 0ms
06-16 07:07:01.939  1049  1114 I ActivityManagerTiming: OnBootPhase_1000_com.android.server.content.ContentService$Lifecycle
06-16 07:07:01.939  1049  1167 D RollbackManager: mRollbackLifetimeDurationInMillis=1209600000
06-16 07:07:01.939  1049  1114 D ActivityManagerTiming: OnBootPhase_1000_com.android.server.content.ContentService$Lifecycle took to complete: 0ms
06-16 07:07:01.939  1049  1114 I ActivityManagerTiming: OnBootPhase_1000_com.android.server.DropBoxManagerService
06-16 07:07:01.939  1049  1114 D ActivityManagerTiming: OnBootPhase_1000_com.android.server.DropBoxManagerService took to complete: 0ms
06-16 07:07:01.939  1049  1114 I ActivityManagerTiming: OnBootPhase_1000_com.android.role.RoleService
06-16 07:07:01.939  1049  1114 D ActivityManagerTiming: OnBootPhase_1000_com.android.role.RoleService took to complete: 0ms
06-16 07:07:01.939  1049  1114 I ActivityManagerTiming: OnBootPhase_1000_com.android.server.vibrator.VibratorManagerService$Lifecycle
06-16 07:07:01.939  1049  1114 D ActivityManagerTiming: OnBootPhase_1000_com.android.server.vibrator.VibratorManagerService$Lifecycle took to complete: 0ms
06-16 07:07:01.939  1049  1114 I ActivityManagerTiming: OnBootPhase_1000_com.android.server.alarm.AlarmManagerService
06-16 07:07:01.939  1049  1114 D ActivityManagerTiming: OnBootPhase_1000_com.android.server.alarm.AlarmManagerService took to complete: 0ms
06-16 07:07:01.939  1049  1114 I ActivityManagerTiming: OnBootPhase_1000_com.android.server.devicestate.DeviceStateManagerService
06-16 07:07:01.939  1049  1114 D ActivityManagerTiming: OnBootPhase_1000_com.android.server.devicestate.DeviceStateManagerService took to complete: 0ms
06-16 07:07:01.939  1049  1114 I ActivityManagerTiming: OnBootPhase_1000_com.android.server.camera.CameraServiceProxy
06-16 07:07:01.940  1049  1114 D ActivityManagerTiming: OnBootPhase_1000_com.android.server.camera.CameraServiceProxy took to complete: 1ms
06-16 07:07:01.940  1049  1114 I ActivityManagerTiming: OnBootPhase_1000_com.android.server.BluetoothService
06-16 07:07:01.940  1049  1114 D ActivityManagerTiming: OnBootPhase_1000_com.android.server.BluetoothService took to complete: 0ms
06-16 07:07:01.940  1049  1114 I ActivityManagerTiming: OnBootPhase_1000_com.android.server.connectivity.IpConnectivityMetrics
06-16 07:07:01.940  1049  1114 D ActivityManagerTiming: OnBootPhase_1000_com.android.server.connectivity.IpConnectivityMetrics took to complete: 0ms
06-16 07:07:01.940  1049  1114 I ActivityManagerTiming: OnBootPhase_1000_com.android.server.net.watchlist.NetworkWatchlistService$Lifecycle
06-16 07:07:01.940  1049  1114 D ActivityManagerTiming: OnBootPhase_1000_com.android.server.net.watchlist.NetworkWatchlistService$Lifecycle took to complete: 0ms
06-16 07:07:01.940  1049  1114 I ActivityManagerTiming: OnBootPhase_1000_com.android.server.PinnerService
06-16 07:07:01.940  1049  1114 D ActivityManagerTiming: OnBootPhase_1000_com.android.server.PinnerService took to complete: 0ms
06-16 07:07:01.940  1049  1114 I ActivityManagerTiming: OnBootPhase_1000_com.google.android.startop.iorap.IorapForwardingService
06-16 07:07:01.940  1049  1114 D ActivityManagerTiming: OnBootPhase_1000_com.google.android.startop.iorap.IorapForwardingService took to complete: 0ms
06-16 07:07:01.940  1049  1114 I ActivityManagerTiming: OnBootPhase_1000_com.android.server.integrity.AppIntegrityManagerService
06-16 07:07:01.940  1049  1114 D ActivityManagerTiming: OnBootPhase_1000_com.android.server.integrity.AppIntegrityManagerService took to complete: 0ms
06-16 07:07:01.940  1049  1114 I ActivityManagerTiming: OnBootPhase_1000_com.android.server.inputmethod.InputMethodManagerService$Lifecycle
06-16 07:07:01.940  1049  1114 D ActivityManagerTiming: OnBootPhase_1000_com.android.server.inputmethod.InputMethodManagerService$Lifecycle took to complete: 0ms
06-16 07:07:01.940  1049  1114 I ActivityManagerTiming: OnBootPhase_1000_com.android.server.accessibility.AccessibilityManagerService$Lifecycle
06-16 07:07:01.940  1049  1114 D ActivityManagerTiming: OnBootPhase_1000_com.android.server.accessibility.AccessibilityManagerService$Lifecycle took to complete: 0ms
06-16 07:07:01.941  1049  1114 I ActivityManagerTiming: OnBootPhase_1000_com.android.server.StorageManagerService$Lifecycle
06-16 07:07:01.941  1049  1114 D ActivityManagerTiming: OnBootPhase_1000_com.android.server.StorageManagerService$Lifecycle took to complete: 0ms
06-16 07:07:01.941  1049  1114 I ActivityManagerTiming: OnBootPhase_1000_com.android.server.usage.StorageStatsService$Lifecycle
06-16 07:07:01.941  1049  1114 D ActivityManagerTiming: OnBootPhase_1000_com.android.server.usage.StorageStatsService$Lifecycle took to complete: 0ms
06-16 07:07:01.941  1049  1191 D StorageManagerService: Thinking about init, mBootCompleted=true, mDaemonConnected=true
06-16 07:07:01.941  1049  1114 I ActivityManagerTiming: OnBootPhase_1000_com.android.server.UiModeManagerService
06-16 07:07:01.941  1049  1191 D StorageManagerService: Thinking about reset, mBootCompleted=true, mDaemonConnected=true
06-16 07:07:01.941  1049  1114 D ActivityManagerTiming: OnBootPhase_1000_com.android.server.UiModeManagerService took to complete: 0ms
06-16 07:07:01.941  1049  1114 I ActivityManagerTiming: OnBootPhase_1000_com.android.server.locksettings.LockSettingsService$Lifecycle
06-16 07:07:01.941  1049  1114 D ActivityManagerTiming: OnBootPhase_1000_com.android.server.locksettings.LockSettingsService$Lifecycle took to complete: 0ms
06-16 07:07:01.941  1049  1114 I ActivityManagerTiming: OnBootPhase_1000_com.android.server.PersistentDataBlockService
06-16 07:07:01.941  1049  1114 D ActivityManagerTiming: OnBootPhase_1000_com.android.server.PersistentDataBlockService took to complete: 0ms
06-16 07:07:01.941  1049  1114 I ActivityManagerTiming: OnBootPhase_1000_com.android.server.testharness.TestHarnessModeService
06-16 07:07:01.941  1049  1114 D TestHarnessModeService: Completing Test Harness Mode setup.
06-16 07:07:01.941  1049  1191 I StorageSessionController: Started resetting external storage service...
06-16 07:07:01.941  1049  1191 I StorageSessionController: Finished resetting external storage service
06-16 07:07:01.941  1049  1191 I StorageManagerService: Resetting vold...
06-16 07:07:01.942  1049  1191 I StorageManagerService: Reset vold
06-16 07:07:01.942   341   341 I vold    : onUserAdded: 0
06-16 07:07:01.956  1049  1114 D ActivityManagerTiming: OnBootPhase_1000_com.android.server.testharness.TestHarnessModeService took to complete: 15ms
06-16 07:07:01.956  1049  1114 I ActivityManagerTiming: OnBootPhase_1000_com.android.server.oemlock.OemLockService
06-16 07:07:01.956  1049  1114 D ActivityManagerTiming: OnBootPhase_1000_com.android.server.oemlock.OemLockService took to complete: 0ms
06-16 07:07:01.956  1049  1114 I ActivityManagerTiming: OnBootPhase_1000_com.android.server.DeviceIdleController
06-16 07:07:01.956  1049  1114 D ActivityManagerTiming: OnBootPhase_1000_com.android.server.DeviceIdleController took to complete: 0ms
06-16 07:07:01.956  1049  1114 I ActivityManagerTiming: OnBootPhase_1000_com.android.server.devicepolicy.DevicePolicyManagerService$Lifecycle
06-16 07:07:01.956  1049  1114 D ActivityManagerTiming: OnBootPhase_1000_com.android.server.devicepolicy.DevicePolicyManagerService$Lifecycle took to complete: 0ms
06-16 07:07:01.956  1049  1114 I ActivityManagerTiming: OnBootPhase_1000_com.android.server.texttospeech.TextToSpeechManagerService
06-16 07:07:01.956  1049  1114 D ActivityManagerTiming: OnBootPhase_1000_com.android.server.texttospeech.TextToSpeechManagerService took to complete: 0ms
06-16 07:07:01.956  1049  1114 I ActivityManagerTiming: OnBootPhase_1000_com.android.server.speech.SpeechRecognitionManagerService
06-16 07:07:01.956  1049  1114 D ActivityManagerTiming: OnBootPhase_1000_com.android.server.speech.SpeechRecognitionManagerService took to complete: 0ms
06-16 07:07:01.956  1049  1114 I ActivityManagerTiming: OnBootPhase_1000_com.android.server.searchui.SearchUiManagerService
06-16 07:07:01.956  1049  1114 D ActivityManagerTiming: OnBootPhase_1000_com.android.server.searchui.SearchUiManagerService took to complete: 0ms
06-16 07:07:01.956  1049  1114 I ActivityManagerTiming: OnBootPhase_1000_com.android.server.smartspace.SmartspaceManagerService
06-16 07:07:01.956  1049  1114 D ActivityManagerTiming: OnBootPhase_1000_com.android.server.smartspace.SmartspaceManagerService took to complete: 0ms
