06-16 07:06:49.799   628   628 I auditd  : type=1400 audit(0.0:187): avc: denied { ioctl } for comm="HwBinder:628_3" path="/proc/ged" dev="proc" ino=4026533267 ioctlcmd=0x6765 scontext=u:r:init:s0 tcontext=u:object_r:proc_ged:s0 tclass=file permissive=1
06-16 07:06:49.799   628   628 I auditd  : type=1400 audit(0.0:188): avc: denied { ioctl } for comm="HwBinder:628_3" path="/proc/ged" dev="proc" ino=4026533267 ioctlcmd=0x6766 scontext=u:r:init:s0 tcontext=u:object_r:proc_ged:s0 tclass=file permissive=1
06-16 07:06:49.833   456   456 I auditd  : type=1400 audit(0.0:189): avc: denied { ioctl } for comm="allocator@4.0-s" path="/proc/ged" dev="proc" ino=4026533267 ioctlcmd=0x6764 scontext=u:r:init:s0 tcontext=u:object_r:proc_ged:s0 tclass=file permissive=1
06-16 07:06:49.833   456   456 I auditd  : type=1400 audit(0.0:190): avc: denied { ioctl } for comm="allocator@4.0-s" path="/proc/ged" dev="proc" ino=4026533267 ioctlcmd=0x6765 scontext=u:r:init:s0 tcontext=u:object_r:proc_ged:s0 tclass=file permissive=1
06-16 07:06:49.833   628   628 I auditd  : type=1400 audit(0.0:191): avc: denied { ioctl } for comm="HwBinder:628_3" path="/proc/ged" dev="proc" ino=4026533267 ioctlcmd=0x6765 scontext=u:r:init:s0 tcontext=u:object_r:proc_ged:s0 tclass=file permissive=1
06-16 07:06:49.833   628   628 I auditd  : type=1400 audit(0.0:192): avc: denied { ioctl } for comm="HwBinder:628_3" path="/proc/ged" dev="proc" ino=4026533267 ioctlcmd=0x6766 scontext=u:r:init:s0 tcontext=u:object_r:proc_ged:s0 tclass=file permissive=1
06-16 07:06:49.833   628   628 I auditd  : type=1400 audit(0.0:193): avc: denied { ioctl } for comm="HwBinder:628_3" path="/proc/ged" dev="proc" ino=4026533267 ioctlcmd=0x6765 scontext=u:r:init:s0 tcontext=u:object_r:proc_ged:s0 tclass=file permissive=1
06-16 07:06:49.833   628   628 I auditd  : type=1400 audit(0.0:194): avc: denied { ioctl } for comm="HwBinder:628_3" path="/proc/ged" dev="proc" ino=4026533267 ioctlcmd=0x6766 scontext=u:r:init:s0 tcontext=u:object_r:proc_ged:s0 tclass=file permissive=1
06-16 07:06:49.856   648   648 I auditd  : type=1400 audit(0.0:195): avc: denied { use } for comm="HwBinder:648_1" path="/dev/ashmemf265c099-0184-41dd-b119-c180d4c7e814" dev="tmpfs" ino=10407 scontext=u:r:init:s0 tcontext=u:r:hal_allocator_default:s0 tclass=fd permissive=1
06-16 07:06:49.866   456   456 I auditd  : type=1400 audit(0.0:196): avc: denied { ioctl } for comm="allocator@4.0-s" path="/proc/ged" dev="proc" ino=4026533267 ioctlcmd=0x6764 scontext=u:r:init:s0 tcontext=u:object_r:proc_ged:s0 tclass=file permissive=1
06-16 07:06:49.866   456   456 I auditd  : type=1400 audit(0.0:197): avc: denied { ioctl } for comm="allocator@4.0-s" path="/proc/ged" dev="proc" ino=4026533267 ioctlcmd=0x6765 scontext=u:r:init:s0 tcontext=u:object_r:proc_ged:s0 tclass=file permissive=1
06-16 07:06:49.866   628   628 I auditd  : type=1400 audit(0.0:198): avc: denied { ioctl } for comm="HwBinder:628_3" path="/proc/ged" dev="proc" ino=4026533267 ioctlcmd=0x6765 scontext=u:r:init:s0 tcontext=u:object_r:proc_ged:s0 tclass=file permissive=1
06-16 07:06:49.866   628   628 I auditd  : type=1400 audit(0.0:199): avc: denied { ioctl } for comm="HwBinder:628_3" path="/proc/ged" dev="proc" ino=4026533267 ioctlcmd=0x6766 scontext=u:r:init:s0 tcontext=u:object_r:proc_ged:s0 tclass=file permissive=1
06-16 07:06:49.866   628   628 I auditd  : type=1400 audit(0.0:200): avc: denied { ioctl } for comm="HwBinder:628_3" path="/proc/ged" dev="proc" ino=4026533267 ioctlcmd=0x6765 scontext=u:r:init:s0 tcontext=u:object_r:proc_ged:s0 tclass=file permissive=1
06-16 07:06:49.866   628   628 I auditd  : type=1400 audit(0.0:201): avc: denied { ioctl } for comm="HwBinder:628_3" path="/proc/ged" dev="proc" ino=4026533267 ioctlcmd=0x6766 scontext=u:r:init:s0 tcontext=u:object_r:proc_ged:s0 tclass=file permissive=1
06-16 07:06:49.899   628   628 I auditd  : type=1400 audit(0.0:202): avc: denied { ioctl } for comm="HwBinder:628_3" path="/proc/ged" dev="proc" ino=4026533267 ioctlcmd=0x6765 scontext=u:r:init:s0 tcontext=u:object_r:proc_ged:s0 tclass=file permissive=1
06-16 07:06:49.899   628   628 I auditd  : type=1400 audit(0.0:203): avc: denied { ioctl } for comm="HwBinder:628_3" path="/proc/ged" dev="proc" ino=4026533267 ioctlcmd=0x6766 scontext=u:r:init:s0 tcontext=u:object_r:proc_ged:s0 tclass=file permissive=1
06-16 07:06:49.899   628   628 I auditd  : type=1400 audit(0.0:204): avc: denied { ioctl } for comm="HwBinder:628_3" path="/proc/ged" dev="proc" ino=4026533267 ioctlcmd=0x6765 scontext=u:r:init:s0 tcontext=u:object_r:proc_ged:s0 tclass=file permissive=1
06-16 07:06:49.899   628   628 I auditd  : type=1400 audit(0.0:205): avc: denied { ioctl } for comm="HwBinder:628_3" path="/proc/ged" dev="proc" ino=4026533267 ioctlcmd=0x6766 scontext=u:r:init:s0 tcontext=u:object_r:proc_ged:s0 tclass=file permissive=1
06-16 07:06:49.933   628   628 I auditd  : type=1400 audit(0.0:206): avc: denied { ioctl } for comm="HwBinder:628_3" path="/proc/ged" dev="proc" ino=4026533267 ioctlcmd=0x6765 scontext=u:r:init:s0 tcontext=u:object_r:proc_ged:s0 tclass=file permissive=1
06-16 07:06:49.933   628   628 I auditd  : type=1400 audit(0.0:207): avc: denied { ioctl } for comm="HwBinder:628_3" path="/proc/ged" dev="proc" ino=4026533267 ioctlcmd=0x6766 scontext=u:r:init:s0 tcontext=u:object_r:proc_ged:s0 tclass=file permissive=1
06-16 07:06:49.933   628   628 I auditd  : type=1400 audit(0.0:208): avc: denied { ioctl } for comm="HwBinder:628_3" path="/proc/ged" dev="proc" ino=4026533267 ioctlcmd=0x6765 scontext=u:r:init:s0 tcontext=u:object_r:proc_ged:s0 tclass=file permissive=1
06-16 07:06:49.933   628   628 I auditd  : type=1400 audit(0.0:209): avc: denied { ioctl } for comm="HwBinder:628_3" path="/proc/ged" dev="proc" ino=4026533267 ioctlcmd=0x6766 scontext=u:r:init:s0 tcontext=u:object_r:proc_ged:s0 tclass=file permissive=1
06-16 07:06:49.966   628   628 I auditd  : type=1400 audit(0.0:210): avc: denied { ioctl } for comm="HwBinder:628_3" path="/proc/ged" dev="proc" ino=4026533267 ioctlcmd=0x6765 scontext=u:r:init:s0 tcontext=u:object_r:proc_ged:s0 tclass=file permissive=1
06-16 07:06:49.966   628   628 I auditd  : type=1400 audit(0.0:211): avc: denied { ioctl } for comm="HwBinder:628_3" path="/proc/ged" dev="proc" ino=4026533267 ioctlcmd=0x6766 scontext=u:r:init:s0 tcontext=u:object_r:proc_ged:s0 tclass=file permissive=1
06-16 07:06:49.966   628   628 I auditd  : type=1400 audit(0.0:212): avc: denied { ioctl } for comm="HwBinder:628_3" path="/proc/ged" dev="proc" ino=4026533267 ioctlcmd=0x6765 scontext=u:r:init:s0 tcontext=u:object_r:proc_ged:s0 tclass=file permissive=1
06-16 07:06:49.966   628   628 I auditd  : type=1400 audit(0.0:213): avc: denied { ioctl } for comm="HwBinder:628_3" path="/proc/ged" dev="proc" ino=4026533267 ioctlcmd=0x6766 scontext=u:r:init:s0 tcontext=u:object_r:proc_ged:s0 tclass=file permissive=1
06-16 07:06:49.999   628   628 I auditd  : type=1400 audit(0.0:214): avc: denied { ioctl } for comm="HwBinder:628_3" path="/proc/ged" dev="proc" ino=4026533267 ioctlcmd=0x6765 scontext=u:r:init:s0 tcontext=u:object_r:proc_ged:s0 tclass=file permissive=1
06-16 07:06:50.003   628   628 I auditd  : type=1400 audit(0.0:215): avc: denied { ioctl } for comm="HwBinder:628_3" path="/proc/ged" dev="proc" ino=4026533267 ioctlcmd=0x6766 scontext=u:r:init:s0 tcontext=u:object_r:proc_ged:s0 tclass=file permissive=1
06-16 07:06:50.003   628   628 I auditd  : type=1400 audit(0.0:216): avc: denied { ioctl } for comm="HwBinder:628_3" path="/proc/ged" dev="proc" ino=4026533267 ioctlcmd=0x6765 scontext=u:r:init:s0 tcontext=u:object_r:proc_ged:s0 tclass=file permissive=1
06-16 07:06:50.003   628   628 I auditd  : type=1400 audit(0.0:217): avc: denied { ioctl } for comm="HwBinder:628_3" path="/proc/ged" dev="proc" ino=4026533267 ioctlcmd=0x6766 scontext=u:r:init:s0 tcontext=u:object_r:proc_ged:s0 tclass=file permissive=1
06-16 07:06:50.036   628   628 I auditd  : type=1400 audit(0.0:218): avc: denied { ioctl } for comm="camerahalserver" path="/proc/ged" dev="proc" ino=4026533267 ioctlcmd=0x6765 scontext=u:r:init:s0 tcontext=u:object_r:proc_ged:s0 tclass=file permissive=1
06-16 07:06:50.036   628   628 I auditd  : type=1400 audit(0.0:219): avc: denied { ioctl } for comm="camerahalserver" path="/proc/ged" dev="proc" ino=4026533267 ioctlcmd=0x6766 scontext=u:r:init:s0 tcontext=u:object_r:proc_ged:s0 tclass=file permissive=1
06-16 07:06:50.036   628   628 I auditd  : type=1400 audit(0.0:220): avc: denied { ioctl } for comm="camerahalserver" path="/proc/ged" dev="proc" ino=4026533267 ioctlcmd=0x6765 scontext=u:r:init:s0 tcontext=u:object_r:proc_ged:s0 tclass=file permissive=1
06-16 07:06:50.036   628   628 I auditd  : type=1400 audit(0.0:221): avc: denied { ioctl } for comm="camerahalserver" path="/proc/ged" dev="proc" ino=4026533267 ioctlcmd=0x6766 scontext=u:r:init:s0 tcontext=u:object_r:proc_ged:s0 tclass=file permissive=1
06-16 07:06:50.069   628   628 I auditd  : type=1400 audit(0.0:222): avc: denied { ioctl } for comm="camerahalserver" path="/proc/ged" dev="proc" ino=4026533267 ioctlcmd=0x6765 scontext=u:r:init:s0 tcontext=u:object_r:proc_ged:s0 tclass=file permissive=1
06-16 07:06:50.069   628   628 I auditd  : type=1400 audit(0.0:223): avc: denied { ioctl } for comm="camerahalserver" path="/proc/ged" dev="proc" ino=4026533267 ioctlcmd=0x6766 scontext=u:r:init:s0 tcontext=u:object_r:proc_ged:s0 tclass=file permissive=1
06-16 07:06:50.069   628   628 I auditd  : type=1400 audit(0.0:224): avc: denied { ioctl } for comm="camerahalserver" path="/proc/ged" dev="proc" ino=4026533267 ioctlcmd=0x6765 scontext=u:r:init:s0 tcontext=u:object_r:proc_ged:s0 tclass=file permissive=1
06-16 07:06:50.069   628   628 I auditd  : type=1400 audit(0.0:225): avc: denied { ioctl } for comm="camerahalserver" path="/proc/ged" dev="proc" ino=4026533267 ioctlcmd=0x6766 scontext=u:r:init:s0 tcontext=u:object_r:proc_ged:s0 tclass=file permissive=1
06-16 07:06:50.103   628   628 I auditd  : type=1400 audit(0.0:226): avc: denied { ioctl } for comm="camerahalserver" path="/proc/ged" dev="proc" ino=4026533267 ioctlcmd=0x6765 scontext=u:r:init:s0 tcontext=u:object_r:proc_ged:s0 tclass=file permissive=1
06-16 07:06:50.103   628   628 I auditd  : type=1400 audit(0.0:227): avc: denied { ioctl } for comm="camerahalserver" path="/proc/ged" dev="proc" ino=4026533267 ioctlcmd=0x6766 scontext=u:r:init:s0 tcontext=u:object_r:proc_ged:s0 tclass=file permissive=1
06-16 07:06:50.103   628   628 I auditd  : type=1400 audit(0.0:228): avc: denied { ioctl } for comm="camerahalserver" path="/proc/ged" dev="proc" ino=4026533267 ioctlcmd=0x6765 scontext=u:r:init:s0 tcontext=u:object_r:proc_ged:s0 tclass=file permissive=1
06-16 07:06:50.103   628   628 I auditd  : type=1400 audit(0.0:229): avc: denied { ioctl } for comm="camerahalserver" path="/proc/ged" dev="proc" ino=4026533267 ioctlcmd=0x6766 scontext=u:r:init:s0 tcontext=u:object_r:proc_ged:s0 tclass=file permissive=1
06-16 07:06:50.136   628   628 I auditd  : type=1400 audit(0.0:230): avc: denied { ioctl } for comm="camerahalserver" path="/proc/ged" dev="proc" ino=4026533267 ioctlcmd=0x6765 scontext=u:r:init:s0 tcontext=u:object_r:proc_ged:s0 tclass=file permissive=1
06-16 07:06:50.136   628   628 I auditd  : type=1400 audit(0.0:231): avc: denied { ioctl } for comm="camerahalserver" path="/proc/ged" dev="proc" ino=4026533267 ioctlcmd=0x6766 scontext=u:r:init:s0 tcontext=u:object_r:proc_ged:s0 tclass=file permissive=1
06-16 07:06:50.136   628   628 I auditd  : type=1400 audit(0.0:232): avc: denied { ioctl } for comm="camerahalserver" path="/proc/ged" dev="proc" ino=4026533267 ioctlcmd=0x6765 scontext=u:r:init:s0 tcontext=u:object_r:proc_ged:s0 tclass=file permissive=1
06-16 07:06:50.136   628   628 I auditd  : type=1400 audit(0.0:233): avc: denied { ioctl } for comm="camerahalserver" path="/proc/ged" dev="proc" ino=4026533267 ioctlcmd=0x6766 scontext=u:r:init:s0 tcontext=u:object_r:proc_ged:s0 tclass=file permissive=1
06-16 07:06:50.169   628   628 I auditd  : type=1400 audit(0.0:234): avc: denied { ioctl } for comm="camerahalserver" path="/proc/ged" dev="proc" ino=4026533267 ioctlcmd=0x6765 scontext=u:r:init:s0 tcontext=u:object_r:proc_ged:s0 tclass=file permissive=1
06-16 07:06:50.169   628   628 I auditd  : type=1400 audit(0.0:235): avc: denied { ioctl } for comm="camerahalserver" path="/proc/ged" dev="proc" ino=4026533267 ioctlcmd=0x6766 scontext=u:r:init:s0 tcontext=u:object_r:proc_ged:s0 tclass=file permissive=1
06-16 07:06:50.169   628   628 I auditd  : type=1400 audit(0.0:236): avc: denied { ioctl } for comm="camerahalserver" path="/proc/ged" dev="proc" ino=4026533267 ioctlcmd=0x6765 scontext=u:r:init:s0 tcontext=u:object_r:proc_ged:s0 tclass=file permissive=1
06-16 07:06:50.169   628   628 I auditd  : type=1400 audit(0.0:237): avc: denied { ioctl } for comm="camerahalserver" path="/proc/ged" dev="proc" ino=4026533267 ioctlcmd=0x6766 scontext=u:r:init:s0 tcontext=u:object_r:proc_ged:s0 tclass=file permissive=1
06-16 07:06:50.206   628   628 I auditd  : type=1400 audit(0.0:238): avc: denied { ioctl } for comm="camerahalserver" path="/proc/ged" dev="proc" ino=4026533267 ioctlcmd=0x6765 scontext=u:r:init:s0 tcontext=u:object_r:proc_ged:s0 tclass=file permissive=1
06-16 07:06:50.206   628   628 I auditd  : type=1400 audit(0.0:239): avc: denied { ioctl } for comm="camerahalserver" path="/proc/ged" dev="proc" ino=4026533267 ioctlcmd=0x6766 scontext=u:r:init:s0 tcontext=u:object_r:proc_ged:s0 tclass=file permissive=1
06-16 07:06:50.206   628   628 I auditd  : type=1400 audit(0.0:240): avc: denied { ioctl } for comm="camerahalserver" path="/proc/ged" dev="proc" ino=4026533267 ioctlcmd=0x6765 scontext=u:r:init:s0 tcontext=u:object_r:proc_ged:s0 tclass=file permissive=1
06-16 07:06:50.206   628   628 I auditd  : type=1400 audit(0.0:241): avc: denied { ioctl } for comm="camerahalserver" path="/proc/ged" dev="proc" ino=4026533267 ioctlcmd=0x6766 scontext=u:r:init:s0 tcontext=u:object_r:proc_ged:s0 tclass=file permissive=1
06-16 07:06:50.239   628   628 I auditd  : type=1400 audit(0.0:242): avc: denied { ioctl } for comm="camerahalserver" path="/proc/ged" dev="proc" ino=4026533267 ioctlcmd=0x6765 scontext=u:r:init:s0 tcontext=u:object_r:proc_ged:s0 tclass=file permissive=1
06-16 07:06:50.239   628   628 I auditd  : type=1400 audit(0.0:243): avc: denied { ioctl } for comm="camerahalserver" path="/proc/ged" dev="proc" ino=4026533267 ioctlcmd=0x6766 scontext=u:r:init:s0 tcontext=u:object_r:proc_ged:s0 tclass=file permissive=1
06-16 07:06:50.239   628   628 I auditd  : type=1400 audit(0.0:244): avc: denied { ioctl } for comm="camerahalserver" path="/proc/ged" dev="proc" ino=4026533267 ioctlcmd=0x6765 scontext=u:r:init:s0 tcontext=u:object_r:proc_ged:s0 tclass=file permissive=1
06-16 07:06:50.239   628   628 I auditd  : type=1400 audit(0.0:245): avc: denied { ioctl } for comm="camerahalserver" path="/proc/ged" dev="proc" ino=4026533267 ioctlcmd=0x6766 scontext=u:r:init:s0 tcontext=u:object_r:proc_ged:s0 tclass=file permissive=1
06-16 07:06:50.273   628   628 I auditd  : type=1400 audit(0.0:246): avc: denied { ioctl } for comm="camerahalserver" path="/proc/ged" dev="proc" ino=4026533267 ioctlcmd=0x6765 scontext=u:r:init:s0 tcontext=u:object_r:proc_ged:s0 tclass=file permissive=1
06-16 07:06:50.273   628   628 I auditd  : type=1400 audit(0.0:247): avc: denied { ioctl } for comm="camerahalserver" path="/proc/ged" dev="proc" ino=4026533267 ioctlcmd=0x6766 scontext=u:r:init:s0 tcontext=u:object_r:proc_ged:s0 tclass=file permissive=1
06-16 07:06:50.273   628   628 I auditd  : type=1400 audit(0.0:248): avc: denied { ioctl } for comm="camerahalserver" path="/proc/ged" dev="proc" ino=4026533267 ioctlcmd=0x6765 scontext=u:r:init:s0 tcontext=u:object_r:proc_ged:s0 tclass=file permissive=1
06-16 07:06:50.273   628   628 I auditd  : type=1400 audit(0.0:249): avc: denied { ioctl } for comm="camerahalserver" path="/proc/ged" dev="proc" ino=4026533267 ioctlcmd=0x6766 scontext=u:r:init:s0 tcontext=u:object_r:proc_ged:s0 tclass=file permissive=1
06-16 07:06:50.306   628   628 I auditd  : type=1400 audit(0.0:250): avc: denied { ioctl } for comm="camerahalserver" path="/proc/ged" dev="proc" ino=4026533267 ioctlcmd=0x6765 scontext=u:r:init:s0 tcontext=u:object_r:proc_ged:s0 tclass=file permissive=1
06-16 07:06:50.306   628   628 I auditd  : type=1400 audit(0.0:251): avc: denied { ioctl } for comm="camerahalserver" path="/proc/ged" dev="proc" ino=4026533267 ioctlcmd=0x6766 scontext=u:r:init:s0 tcontext=u:object_r:proc_ged:s0 tclass=file permissive=1
06-16 07:06:50.306   628   628 I auditd  : type=1400 audit(0.0:252): avc: denied { ioctl } for comm="camerahalserver" path="/proc/ged" dev="proc" ino=4026533267 ioctlcmd=0x6765 scontext=u:r:init:s0 tcontext=u:object_r:proc_ged:s0 tclass=file permissive=1
06-16 07:06:50.306   628   628 I auditd  : type=1400 audit(0.0:253): avc: denied { ioctl } for comm="camerahalserver" path="/proc/ged" dev="proc" ino=4026533267 ioctlcmd=0x6766 scontext=u:r:init:s0 tcontext=u:object_r:proc_ged:s0 tclass=file permissive=1
06-16 07:06:50.339   628   628 I auditd  : type=1400 audit(0.0:254): avc: denied { ioctl } for comm="HwBinder:628_3" path="/proc/ged" dev="proc" ino=4026533267 ioctlcmd=0x6765 scontext=u:r:init:s0 tcontext=u:object_r:proc_ged:s0 tclass=file permissive=1
06-16 07:06:50.339   628   628 I auditd  : type=1400 audit(0.0:255): avc: denied { ioctl } for comm="HwBinder:628_3" path="/proc/ged" dev="proc" ino=4026533267 ioctlcmd=0x6766 scontext=u:r:init:s0 tcontext=u:object_r:proc_ged:s0 tclass=file permissive=1
06-16 07:06:50.339   628   628 I auditd  : type=1400 audit(0.0:256): avc: denied { ioctl } for comm="HwBinder:628_3" path="/proc/ged" dev="proc" ino=4026533267 ioctlcmd=0x6765 scontext=u:r:init:s0 tcontext=u:object_r:proc_ged:s0 tclass=file permissive=1
06-16 07:06:50.339   628   628 I auditd  : type=1400 audit(0.0:257): avc: denied { ioctl } for comm="HwBinder:628_3" path="/proc/ged" dev="proc" ino=4026533267 ioctlcmd=0x6766 scontext=u:r:init:s0 tcontext=u:object_r:proc_ged:s0 tclass=file permissive=1
06-16 07:06:50.436   628   628 I auditd  : type=1400 audit(0.0:258): avc: denied { ioctl } for comm="camerahalserver" path="/proc/ged" dev="proc" ino=4026533267 ioctlcmd=0x6765 scontext=u:r:init:s0 tcontext=u:object_r:proc_ged:s0 tclass=file permissive=1
06-16 07:06:50.436   628   628 I auditd  : type=1400 audit(0.0:259): avc: denied { ioctl } for comm="camerahalserver" path="/proc/ged" dev="proc" ino=4026533267 ioctlcmd=0x6765 scontext=u:r:init:s0 tcontext=u:object_r:proc_ged:s0 tclass=file permissive=1
06-16 07:06:50.436   628   628 I auditd  : type=1400 audit(0.0:260): avc: denied { ioctl } for comm="camerahalserver" path="/proc/ged" dev="proc" ino=4026533267 ioctlcmd=0x6765 scontext=u:r:init:s0 tcontext=u:object_r:proc_ged:s0 tclass=file permissive=1
06-16 07:06:50.436   628   628 I auditd  : type=1400 audit(0.0:261): avc: denied { ioctl } for comm="camerahalserver" path="/proc/ged" dev="proc" ino=4026533267 ioctlcmd=0x6765 scontext=u:r:init:s0 tcontext=u:object_r:proc_ged:s0 tclass=file permissive=1
06-16 07:06:50.436   628   628 I auditd  : type=1400 audit(0.0:262): avc: denied { ioctl } for comm="camerahalserver" path="/proc/ged" dev="proc" ino=4026533267 ioctlcmd=0x6765 scontext=u:r:init:s0 tcontext=u:object_r:proc_ged:s0 tclass=file permissive=1
06-16 07:06:50.436   628   628 I auditd  : type=1400 audit(0.0:263): avc: denied { ioctl } for comm="camerahalserver" path="/proc/ged" dev="proc" ino=4026533267 ioctlcmd=0x6765 scontext=u:r:init:s0 tcontext=u:object_r:proc_ged:s0 tclass=file permissive=1
06-16 07:06:50.436   628   628 I auditd  : type=1400 audit(0.0:264): avc: denied { ioctl } for comm="camerahalserver" path="/proc/ged" dev="proc" ino=4026533267 ioctlcmd=0x6765 scontext=u:r:init:s0 tcontext=u:object_r:proc_ged:s0 tclass=file permissive=1
06-16 07:06:50.439   628   628 I auditd  : type=1400 audit(0.0:265): avc: denied { ioctl } for comm="camerahalserver" path="/proc/ged" dev="proc" ino=4026533267 ioctlcmd=0x6765 scontext=u:r:init:s0 tcontext=u:object_r:proc_ged:s0 tclass=file permissive=1
06-16 07:06:50.439   628   628 I auditd  : type=1400 audit(0.0:266): avc: denied { ioctl } for comm="camerahalserver" path="/proc/ged" dev="proc" ino=4026533267 ioctlcmd=0x6765 scontext=u:r:init:s0 tcontext=u:object_r:proc_ged:s0 tclass=file permissive=1
06-16 07:06:50.439   628   628 I auditd  : type=1400 audit(0.0:267): avc: denied { ioctl } for comm="camerahalserver" path="/proc/ged" dev="proc" ino=4026533267 ioctlcmd=0x6765 scontext=u:r:init:s0 tcontext=u:object_r:proc_ged:s0 tclass=file permissive=1
06-16 07:06:50.439   628   628 I auditd  : type=1400 audit(0.0:268): avc: denied { ioctl } for comm="camerahalserver" path="/proc/ged" dev="proc" ino=4026533267 ioctlcmd=0x6765 scontext=u:r:init:s0 tcontext=u:object_r:proc_ged:s0 tclass=file permissive=1
06-16 07:06:50.439   628   628 I auditd  : type=1400 audit(0.0:269): avc: denied { ioctl } for comm="camerahalserver" path="/proc/ged" dev="proc" ino=4026533267 ioctlcmd=0x6765 scontext=u:r:init:s0 tcontext=u:object_r:proc_ged:s0 tclass=file permissive=1
06-16 07:06:50.439   628   628 I auditd  : type=1400 audit(0.0:270): avc: denied { ioctl } for comm="camerahalserver" path="/proc/ged" dev="proc" ino=4026533267 ioctlcmd=0x6765 scontext=u:r:init:s0 tcontext=u:object_r:proc_ged:s0 tclass=file permissive=1
06-16 07:06:50.443   628   628 I auditd  : type=1400 audit(0.0:271): avc: denied { ioctl } for comm="camerahalserver" path="/proc/ged" dev="proc" ino=4026533267 ioctlcmd=0x6765 scontext=u:r:init:s0 tcontext=u:object_r:proc_ged:s0 tclass=file permissive=1
06-16 07:06:50.443   628   628 I auditd  : type=1400 audit(0.0:272): avc: denied { ioctl } for comm="camerahalserver" path="/proc/ged" dev="proc" ino=4026533267 ioctlcmd=0x6765 scontext=u:r:init:s0 tcontext=u:object_r:proc_ged:s0 tclass=file permissive=1
06-16 07:06:50.443   628   628 I auditd  : type=1400 audit(0.0:273): avc: denied { ioctl } for comm="camerahalserver" path="/proc/ged" dev="proc" ino=4026533267 ioctlcmd=0x6765 scontext=u:r:init:s0 tcontext=u:object_r:proc_ged:s0 tclass=file permissive=1
06-16 07:06:50.486   628   628 I auditd  : type=1400 audit(0.0:274): avc: denied { ioctl } for comm="camerahalserver" path="/proc/ged" dev="proc" ino=4026533267 ioctlcmd=0x6765 scontext=u:r:init:s0 tcontext=u:object_r:proc_ged:s0 tclass=file permissive=1
06-16 07:06:50.486   628   628 I auditd  : type=1400 audit(0.0:275): avc: denied { ioctl } for comm="camerahalserver" path="/proc/ged" dev="proc" ino=4026533267 ioctlcmd=0x6765 scontext=u:r:init:s0 tcontext=u:object_r:proc_ged:s0 tclass=file permissive=1
06-16 07:06:50.486   628   628 I auditd  : type=1400 audit(0.0:276): avc: denied { ioctl } for comm="camerahalserver" path="/proc/ged" dev="proc" ino=4026533267 ioctlcmd=0x6765 scontext=u:r:init:s0 tcontext=u:object_r:proc_ged:s0 tclass=file permissive=1
06-16 07:06:50.486   628   628 I auditd  : type=1400 audit(0.0:277): avc: denied { ioctl } for comm="camerahalserver" path="/proc/ged" dev="proc" ino=4026533267 ioctlcmd=0x6765 scontext=u:r:init:s0 tcontext=u:object_r:proc_ged:s0 tclass=file permissive=1
06-16 07:06:50.486   628   628 I auditd  : type=1400 audit(0.0:278): avc: denied { ioctl } for comm="camerahalserver" path="/proc/ged" dev="proc" ino=4026533267 ioctlcmd=0x6765 scontext=u:r:init:s0 tcontext=u:object_r:proc_ged:s0 tclass=file permissive=1
06-16 07:06:50.486   628   628 I auditd  : type=1400 audit(0.0:279): avc: denied { ioctl } for comm="camerahalserver" path="/proc/ged" dev="proc" ino=4026533267 ioctlcmd=0x6765 scontext=u:r:init:s0 tcontext=u:object_r:proc_ged:s0 tclass=file permissive=1
06-16 07:06:50.489   461   461 I auditd  : type=1400 audit(0.0:280): avc: denied { ioctl } for comm="HwBinder:461_1" path="/proc/ged" dev="proc" ino=4026533267 ioctlcmd=0x6765 scontext=u:r:init:s0 tcontext=u:object_r:proc_ged:s0 tclass=file permissive=1
06-16 07:06:50.489   461   461 I auditd  : type=1400 audit(0.0:281): avc: denied { ioctl } for comm="HwBinder:461_1" path="/proc/ged" dev="proc" ino=4026533267 ioctlcmd=0x6765 scontext=u:r:init:s0 tcontext=u:object_r:proc_ged:s0 tclass=file permissive=1
06-16 07:06:50.489   461   461 I auditd  : type=1400 audit(0.0:282): avc: denied { ioctl } for comm="HwBinder:461_1" path="/proc/ged" dev="proc" ino=4026533267 ioctlcmd=0x6765 scontext=u:r:init:s0 tcontext=u:object_r:proc_ged:s0 tclass=file permissive=1
06-16 07:06:50.489   461   461 I auditd  : type=1400 audit(0.0:283): avc: denied { ioctl } for comm="HwBinder:461_1" path="/proc/ged" dev="proc" ino=4026533267 ioctlcmd=0x6765 scontext=u:r:init:s0 tcontext=u:object_r:proc_ged:s0 tclass=file permissive=1
06-16 07:06:50.493   461   461 I auditd  : type=1400 audit(0.0:284): avc: denied { ioctl } for comm="sensors@2.0-ser" path="/proc/ged" dev="proc" ino=4026533267 ioctlcmd=0x6765 scontext=u:r:init:s0 tcontext=u:object_r:proc_ged:s0 tclass=file permissive=1
06-16 07:06:50.493   461   461 I auditd  : type=1400 audit(0.0:285): avc: denied { ioctl } for comm="sensors@2.0-ser" path="/proc/ged" dev="proc" ino=4026533267 ioctlcmd=0x6765 scontext=u:r:init:s0 tcontext=u:object_r:proc_ged:s0 tclass=file permissive=1
06-16 07:06:50.762  1049  1272 I storage_state: [41217664-9172-527a-b3d5-edabb50a7d69,0,0,24212987904,26037141504]
06-16 07:06:50.898  1049  1274 I stream_devices_changed: [4,0,2]
06-16 07:06:50.899  1049  1274 I stream_devices_changed: [3,0,2]
06-16 07:06:50.900  1049  1274 I stream_devices_changed: [2,0,2]
06-16 07:06:50.901  1049  1274 I stream_devices_changed: [0,0,1]
06-16 07:06:50.912  1049  1274 I stream_devices_changed: [6,0,1]
06-16 07:06:50.987  1049  1113 I commit_sys_config_file: [notification-policy,6]
06-16 07:06:51.220  1049  1122 I am_wtf  : [0,1049,system_server,-1,SystemServiceRegistry,No service published for: appwidget]
06-16 07:06:51.247  1049  1049 I configuration_changed: 512
06-16 07:06:51.256  1049  1122 I am_wtf  : [0,1049,system_server,-1,SystemServiceRegistry,Manager wrapper not available: appwidget]
06-16 07:06:51.256  1049  1122 I service_manager_stats: [357,91,5002]
06-16 07:06:51.353  1049  1049 I configuration_changed: 32
06-16 07:06:51.399  1143  1143 I auditd  : type=1400 audit(0.0:286): avc: denied { read write } for comm="android.hardwar" name="brightness" dev="sysfs" ino=40127 scontext=u:r:init:s0 tcontext=u:object_r:sysfs_led:s0 tclass=file permissive=1
06-16 07:06:51.399  1143  1143 I auditd  : type=1400 audit(0.0:287): avc: denied { open } for comm="android.hardwar" path="/sys/devices/platform/leds-mt65xx/leds/lcd-backlight/brightness" dev="sysfs" ino=40127 scontext=u:r:init:s0 tcontext=u:object_r:sysfs_led:s0 tclass=file permissive=1
06-16 07:06:51.467  1049  1049 I commit_sys_config_file: [package-session,3]
06-16 07:06:51.576  1049  1049 I boot_progress_ams_ready: 28024
06-16 07:06:51.587  1049  1049 I configuration_changed: 268435712
06-16 07:06:51.613  1049  1049 I thermal_changed: [CPU,0,44.299999,0,0]
06-16 07:06:51.613  1049  1049 I thermal_changed: [GPU,1,44.299999,0,0]
06-16 07:06:51.613  1049  1049 I thermal_changed: [BATTERY,2,31.100000,0,0]
06-16 07:06:51.613  1049  1049 I thermal_changed: [SKIN,3,36.000000,0,0]
06-16 07:06:51.613  1049  1049 I thermal_changed: [POWER_AMPLIFIER,5,33.000000,0,0]
06-16 07:06:51.613  1049  1049 I thermal_changed: [NPU,9,44.299999,0,0]
06-16 07:06:51.635  1049  1168 I commit_sys_config_file: [log-files,3]
06-16 07:06:51.656  1049  1168 I commit_sys_config_file: [log-files,25]
06-16 07:06:51.662  1049  1168 I commit_sys_config_file: [log-files,30]
06-16 07:06:51.681  1049  1168 I commit_sys_config_file: [log-files,50]
06-16 07:06:51.687  1049  1168 I commit_sys_config_file: [log-files,55]
06-16 07:06:51.705  1049  1168 I commit_sys_config_file: [log-files,73]
06-16 07:06:51.714  1049  1168 I commit_sys_config_file: [log-files,83]
06-16 07:06:51.736  1049  1168 I commit_sys_config_file: [log-files,104]
06-16 07:06:51.740  1049  1168 I commit_sys_config_file: [log-files,109]
06-16 07:06:51.757  1049  1168 I commit_sys_config_file: [log-files,125]
06-16 07:06:51.759  1049  1049 I am_uid_running: 10095
06-16 07:06:51.764  1049  1168 I commit_sys_config_file: [log-files,133]
06-16 07:06:51.808  1049  1168 I commit_sys_config_file: [log-files,177]
06-16 07:06:51.814  1049  1168 I commit_sys_config_file: [log-files,182]
06-16 07:06:51.833  1049  1168 I commit_sys_config_file: [log-files,201]
06-16 07:06:51.839  1049  1168 I commit_sys_config_file: [log-files,207]
06-16 07:06:51.857  1049  1168 I commit_sys_config_file: [log-files,225]
06-16 07:06:51.862  1049  1168 I commit_sys_config_file: [log-files,230]
06-16 07:06:51.883  1049  1168 I commit_sys_config_file: [log-files,251]
06-16 07:06:51.889  1049  1168 I commit_sys_config_file: [log-files,257]
06-16 07:06:51.909  1049  1168 I commit_sys_config_file: [log-files,278]
06-16 07:06:51.917  1049  1168 I commit_sys_config_file: [log-files,285]
06-16 07:06:51.918  1049  1123 I am_proc_start: [0,1347,10095,com.android.systemui,service,{com.android.systemui/com.android.systemui.ImageWallpaper}]
06-16 07:06:51.935  1049  1168 I commit_sys_config_file: [log-files,304]
06-16 07:06:51.940  1049  1168 I commit_sys_config_file: [log-files,309]
06-16 07:06:51.953   648   648 I auditd  : type=1400 audit(0.0:288): avc: denied { ioctl } for comm="AALMain" path="/dev/mtk_disp_mgr" dev="tmpfs" ino=9597 ioctlcmd=0x780f scontext=u:r:init:s0 tcontext=u:object_r:graphics_device:s0 tclass=chr_file permissive=1
06-16 07:06:51.963  1049  1168 I commit_sys_config_file: [log-files,332]
06-16 07:06:51.969  1049  1168 I commit_sys_config_file: [log-files,337]
06-16 07:06:51.974  1049  1107 I am_proc_bound: [0,1347,com.android.systemui]
06-16 07:06:51.989  1049  1168 I commit_sys_config_file: [log-files,357]
06-16 07:06:51.992  1049  1107 I am_uid_active: 10095
06-16 07:06:51.995  1049  1168 I commit_sys_config_file: [log-files,364]
06-16 07:06:52.023  1049  1168 I commit_sys_config_file: [log-files,392]
06-16 07:06:52.032  1049  1168 I commit_sys_config_file: [log-files,400]
06-16 07:06:52.057  1049  1168 I commit_sys_config_file: [log-files,425]
06-16 07:06:52.112  1049  1168 I commit_sys_config_file: [log-files,480]
06-16 07:06:52.127  1049  1168 I commit_sys_config_file: [log-files,496]
06-16 07:06:52.132  1049  1168 I commit_sys_config_file: [log-files,500]
06-16 07:06:52.147  1049  1168 I commit_sys_config_file: [log-files,515]
06-16 07:06:52.151  1049  1168 I commit_sys_config_file: [log-files,519]
06-16 07:06:52.166  1049  1168 I commit_sys_config_file: [log-files,534]
06-16 07:06:52.170  1049  1168 I commit_sys_config_file: [log-files,538]
06-16 07:06:52.185  1049  1168 I commit_sys_config_file: [log-files,554]
06-16 07:06:52.189  1049  1168 I commit_sys_config_file: [log-files,558]
06-16 07:06:52.204  1049  1168 I commit_sys_config_file: [log-files,572]
06-16 07:06:52.208  1049  1168 I commit_sys_config_file: [log-files,577]
06-16 07:06:52.223  1049  1168 I commit_sys_config_file: [log-files,592]
06-16 07:06:52.228  1049  1168 I commit_sys_config_file: [log-files,596]
06-16 07:06:52.256  1049  1107 I wm_task_created: [2,-1]
06-16 07:06:52.264  1049  1168 I commit_sys_config_file: [log-files,632]
06-16 07:06:52.268  1049  1168 I commit_sys_config_file: [log-files,637]
06-16 07:06:52.285  1049  1168 I commit_sys_config_file: [log-files,653]
06-16 07:06:52.289  1049  1168 I commit_sys_config_file: [log-files,658]
06-16 07:06:52.316  1049  1168 I commit_sys_config_file: [log-files,684]
06-16 07:06:52.320  1049  1168 I commit_sys_config_file: [log-files,688]
06-16 07:06:52.334  1049  1168 I commit_sys_config_file: [log-files,703]
06-16 07:06:52.338  1049  1168 I commit_sys_config_file: [log-files,706]
06-16 07:06:52.353  1049  1168 I commit_sys_config_file: [log-files,721]
06-16 07:06:52.357  1049  1168 I commit_sys_config_file: [log-files,725]
06-16 07:06:52.371  1049  1168 I commit_sys_config_file: [log-files,740]
06-16 07:06:52.377  1049  1168 I commit_sys_config_file: [log-files,745]
06-16 07:06:52.391  1049  1168 I commit_sys_config_file: [log-files,759]
06-16 07:06:52.396  1049  1168 I commit_sys_config_file: [log-files,765]
06-16 07:06:52.412  1049  1168 I commit_sys_config_file: [log-files,780]
06-16 07:06:52.416  1049  1168 I commit_sys_config_file: [log-files,784]
06-16 07:06:52.431  1049  1168 I commit_sys_config_file: [log-files,799]
06-16 07:06:52.434  1049  1168 I commit_sys_config_file: [log-files,803]
06-16 07:06:52.450  1049  1168 I commit_sys_config_file: [log-files,818]
06-16 07:06:52.454  1049  1168 I commit_sys_config_file: [log-files,822]
06-16 07:06:52.469  1049  1168 I commit_sys_config_file: [log-files,838]
06-16 07:06:52.473  1049  1168 I commit_sys_config_file: [log-files,841]
06-16 07:06:52.487  1049  1168 I commit_sys_config_file: [log-files,855]
06-16 07:06:52.620  1049  1171 I commit_sys_config_file: [settings-0-0,3]
06-16 07:06:54.065  1049  1154 I am_uid_running: 1037
06-16 07:06:54.120  1049  1195 I commit_sys_config_file: [net-policy,3]
06-16 07:06:54.128  1049  1107 I am_uid_running: 10092
06-16 07:06:54.130  1049  1123 I am_proc_start: [0,1398,1037,WebViewLoader-armeabi-v7a,NULL,]
06-16 07:06:54.129   648   648 I auditd  : type=1400 audit(0.0:289): avc: denied { ioctl } for comm="AALMain" path="/dev/mtk_disp_mgr" dev="tmpfs" ino=9597 ioctlcmd=0x780f scontext=u:r:init:s0 tcontext=u:object_r:graphics_device:s0 tclass=chr_file permissive=1
06-16 07:06:54.141  1398  1398 I service_manager_slow: [11,activity]
06-16 07:06:54.142  1049  1107 I am_proc_bound: [0,1398,WebViewLoader-armeabi-v7a]
06-16 07:06:54.143  1049  1107 I am_uid_active: 1037
06-16 07:06:54.222  1049  1123 I am_proc_start: [0,1432,10092,com.android.launcher3,service,{com.android.launcher3/com.android.quickstep.TouchInteractionService}]
06-16 07:06:54.319  1049  1107 I am_proc_bound: [0,1432,com.android.launcher3]
06-16 07:06:54.334  1049  1107 I am_uid_active: 10092
06-16 07:06:54.346   648   648 I auditd  : type=1400 audit(0.0:290): avc: denied { ioctl } for comm="AALMain" path="/dev/mtk_disp_mgr" dev="tmpfs" ino=9597 ioctlcmd=0x780f scontext=u:r:init:s0 tcontext=u:object_r:graphics_device:s0 tclass=chr_file permissive=1
06-16 07:06:54.345  1049  1218 I am_proc_died: [0,1398,WebViewLoader-armeabi-v7a,-700,0]
06-16 07:06:54.347  1049  1218 I am_uid_stopped: 1037
06-16 07:06:54.359  1049  1218 I am_low_memory: 3
06-16 07:06:54.383   461   461 I auditd  : type=1400 audit(0.0:291): avc: denied { read write } for comm="sensors@2.0-ser" name="step_cbatch" dev="sysfs" ino=39832 scontext=u:r:init:s0 tcontext=u:object_r:sysfs_sensor:s0 tclass=file permissive=1
06-16 07:06:54.383   461   461 I auditd  : type=1400 audit(0.0:292): avc: denied { open } for comm="sensors@2.0-ser" path="/sys/devices/virtual/sensor/m_step_c_misc/step_cbatch" dev="sysfs" ino=39832 scontext=u:r:init:s0 tcontext=u:object_r:sysfs_sensor:s0 tclass=file permissive=1
06-16 07:06:54.548  1049  1171 I commit_sys_config_file: [settings-0-0,6]
06-16 07:06:54.565  1049  1121 I netstats_mobile_sample: [0,0,0,0,0,0,0,0,0,0,0,0,1781573814564]
06-16 07:06:54.565  1049  1121 I netstats_wifi_sample: [0,0,0,0,0,0,0,0,0,0,0,0,1781573814564]
06-16 07:06:54.575  1049  1121 I netstats_mobile_sample: [0,0,0,0,0,0,0,0,0,0,0,0,1781573814575]
06-16 07:06:54.575  1049  1121 I netstats_wifi_sample: [0,0,0,0,0,0,0,0,0,0,0,0,1781573814575]
06-16 07:06:54.582  1049  1049 I configuration_changed: 256
06-16 07:06:54.591  1049  1121 I netstats_mobile_sample: [0,0,0,0,0,0,0,0,0,0,0,0,1781573814591]
06-16 07:06:54.592  1049  1121 I netstats_wifi_sample: [0,0,0,0,0,0,0,0,0,0,0,0,1781573814591]
06-16 07:06:54.602  1049  1049 I ssm_user_starting: 0
06-16 07:06:54.609  1049  1121 I netstats_mobile_sample: [0,0,0,0,0,0,0,0,0,0,0,0,1781573814608]
06-16 07:06:54.609  1049  1121 I netstats_wifi_sample: [0,0,0,0,0,0,0,0,0,0,0,0,1781573814608]
06-16 07:06:54.615  1049  1173 I am_uid_running: 10101
06-16 07:06:54.621  1049  1121 I netstats_mobile_sample: [0,0,0,0,0,0,0,0,0,0,0,0,1781573814621]
06-16 07:06:54.621  1049  1121 I netstats_wifi_sample: [0,0,0,0,0,0,0,0,0,0,0,0,1781573814621]
06-16 07:06:54.634  1049  1121 I netstats_mobile_sample: [0,0,0,0,0,0,0,0,0,0,0,0,1781573814634]
06-16 07:06:54.634  1049  1121 I netstats_wifi_sample: [0,0,0,0,0,0,0,0,0,0,0,0,1781573814634]
06-16 07:06:54.635  1049  1123 I am_proc_start: [0,1485,10101,com.android.permissioncontroller,service,{com.android.permissioncontroller/com.android.permissioncontroller.role.service.RoleControllerServiceImpl}]
06-16 07:06:54.643   648   648 I auditd  : type=1400 audit(0.0:293): avc: denied { ioctl } for comm="AALMain" path="/dev/mtk_disp_mgr" dev="tmpfs" ino=9597 ioctlcmd=0x780f scontext=u:r:init:s0 tcontext=u:object_r:graphics_device:s0 tclass=chr_file permissive=1
06-16 07:06:54.648  1049  1121 I netstats_mobile_sample: [0,0,0,0,0,0,0,0,0,0,0,0,1781573814648]
06-16 07:06:54.648  1049  1121 I netstats_wifi_sample: [0,0,0,0,0,0,0,0,0,0,0,0,1781573814648]
06-16 07:06:54.663  1049  1121 I netstats_mobile_sample: [0,0,0,0,0,0,0,0,0,0,0,0,1781573814663]
06-16 07:06:54.663  1049  1121 I netstats_wifi_sample: [0,0,0,0,0,0,0,0,0,0,0,0,1781573814663]
06-16 07:06:54.672  1049  1121 I netstats_mobile_sample: [0,0,0,0,0,0,0,0,0,0,0,0,1781573814672]
06-16 07:06:54.673  1049  1121 I netstats_wifi_sample: [0,0,0,0,0,0,0,0,0,0,0,0,1781573814672]
06-16 07:06:54.674  1049  1471 I am_proc_bound: [0,1485,com.android.permissioncontroller]
06-16 07:06:54.677  1049  1471 I am_uid_active: 10101
06-16 07:06:54.685  1049  1121 I netstats_mobile_sample: [0,0,0,0,0,0,0,0,0,0,0,0,1781573814685]
06-16 07:06:54.686  1049  1121 I netstats_wifi_sample: [0,0,0,0,0,0,0,0,0,0,0,0,1781573814685]
06-16 07:06:54.695  1049  1121 I netstats_mobile_sample: [0,0,0,0,0,0,0,0,0,0,0,0,1781573814695]
06-16 07:06:54.695  1049  1121 I netstats_wifi_sample: [0,0,0,0,0,0,0,0,0,0,0,0,1781573814695]
06-16 07:06:54.705  1049  1121 I netstats_mobile_sample: [0,0,0,0,0,0,0,0,0,0,0,0,1781573814705]
06-16 07:06:54.705  1049  1121 I netstats_wifi_sample: [0,0,0,0,0,0,0,0,0,0,0,0,1781573814705]
06-16 07:06:54.717  1049  1121 I netstats_mobile_sample: [0,0,0,0,0,0,0,0,0,0,0,0,1781573814717]
06-16 07:06:54.717  1049  1121 I netstats_wifi_sample: [0,0,0,0,0,0,0,0,0,0,0,0,1781573814717]
06-16 07:06:54.731  1049  1121 I netstats_mobile_sample: [0,0,0,0,0,0,0,0,0,0,0,0,1781573814731]
06-16 07:06:54.731  1049  1121 I netstats_wifi_sample: [0,0,0,0,0,0,0,0,0,0,0,0,1781573814731]
06-16 07:06:54.743  1049  1121 I netstats_mobile_sample: [0,0,0,0,0,0,0,0,0,0,0,0,1781573814743]
06-16 07:06:54.743  1049  1121 I netstats_wifi_sample: [0,0,0,0,0,0,0,0,0,0,0,0,1781573814743]
06-16 07:06:55.076  1049  1049 I am_uid_running: 1068
06-16 07:06:55.079  1049  1049 I am_uid_running: 1001
06-16 07:06:55.109   648   648 I auditd  : type=1400 audit(0.0:294): avc: denied { ioctl } for comm="AALMain" path="/dev/mtk_disp_mgr" dev="tmpfs" ino=9597 ioctlcmd=0x780f scontext=u:r:init:s0 tcontext=u:object_r:graphics_device:s0 tclass=chr_file permissive=1
06-16 07:06:55.184  1049  1049 I wm_task_created: [3,-1]
06-16 07:06:55.185  1049  1049 I wm_task_moved: [3,1,2147483647]
06-16 07:06:55.189  1049  1049 I wm_task_moved: [1,1,1]
06-16 07:06:55.190  1049  1049 I wm_create_task: [0,3]
06-16 07:06:55.190  1049  1049 I wm_create_activity: [0,46541742,3,com.android.settings/.FallbackHome,android.intent.action.MAIN,NULL,NULL,276824320]
06-16 07:06:55.190  1049  1049 I wm_task_moved: [1,1,1]
06-16 07:06:55.190  1049  1049 I wm_task_moved: [3,1,2147483647]
06-16 07:06:55.190  1049  1049 I wm_task_to_front: [0,3]
--------- beginning of system
06-16 07:06:55.322  1049  1049 D SystemServerTiming: showSystemReadyErrorDialogs took to complete: 122ms
06-16 07:06:55.322  1049  1049 I SystemServerTiming: sendUserStartBroadcast
06-16 07:06:55.323  1049  1049 D SystemServerTiming: sendUserStartBroadcast took to complete: 0ms
06-16 07:06:55.323  1049  1049 I SystemServerTiming: resumeTopActivities
06-16 07:06:55.327  1049  1049 D SystemServerTiming: resumeTopActivities took to complete: 5ms
06-16 07:06:55.327  1049  1049 I SystemServerTiming: sendUserSwitchBroadcasts
06-16 07:06:55.327  1049  1049 I uc_send_user_broadcast: [0,android.intent.action.USER_FOREGROUND]
06-16 07:06:55.328  1049  1049 I uc_send_user_broadcast: [0,android.intent.action.USER_SWITCHED]
06-16 07:06:55.328  1049  1049 D SystemServerTiming: sendUserSwitchBroadcasts took to complete: 0ms
06-16 07:06:55.328  1049  1049 I SystemServerTiming: setBinderProxies
06-16 07:06:55.328  1049  1049 D SystemServerTiming: setBinderProxies took to complete: 1ms
06-16 07:06:55.328  1049  1049 D SystemServerTiming: ActivityManagerStartApps took to complete: 727ms
06-16 07:06:55.328  1049  1049 D SystemServerTiming: PhaseActivityManagerReady took to complete: 3767ms
06-16 07:06:55.328  1049  1049 I SystemServerTiming: StartSystemUI
06-16 07:06:55.329  1049  1123 W ActivityManager: Slow operation: 251ms so far, now at startProcess: done updating battery stats
06-16 07:06:55.329  1049  1123 I am_proc_start: [0,1514,1068,com.android.se,added application,com.android.se]
06-16 07:06:55.329  1049  1123 W ActivityManager: Slow operation: 251ms so far, now at startProcess: building log message
06-16 07:06:55.329  1049  1123 I ActivityManager: Start proc 1514:com.android.se/1068 for added application com.android.se
06-16 07:06:55.329  1049  1123 W ActivityManager: Slow operation: 251ms so far, now at startProcess: starting to update pids map
06-16 07:06:55.329  1049  1123 W ActivityManager: Slow operation: 251ms so far, now at startProcess: done updating pids map
06-16 07:06:55.329  1049  1123 W ActivityManager: Slow operation: 250ms so far, now at startProcess: asking zygote to start proc
06-16 07:06:55.330  1049  1107 I dvm_lock_sample: [system_server,1,Binder:1049_2,206,ActivityManagerService.java,4642,void com.android.server.am.ActivityManagerService.attachApplication(android.app.IApplicationThread, long),,0,null,41]
06-16 07:06:55.331  1049  1107 I am_proc_bound: [0,1514,com.android.se]
06-16 07:06:55.333  1049  1107 D CompatibilityChangeReporter: Compat change id reported: 168419799; UID 1068; state: DISABLED
06-16 07:06:55.339  1049  1107 I am_uid_active: 1068
06-16 07:06:55.349  1049  1123 W ActivityManager: Slow operation: 269ms so far, now at startProcess: returned from zygote!
06-16 07:06:55.357  1049  1123 W ActivityManager: Slow operation: 277ms so far, now at startProcess: done updating battery stats
06-16 07:06:55.357  1049  1123 I am_proc_start: [0,1535,1001,com.android.phone,added application,com.android.phone]
06-16 07:06:55.357  1049  1123 I Watchdog: Interesting Java process com.android.phone started. Pid 1535
06-16 07:06:55.357  1049  1123 W ActivityManager: Slow operation: 277ms so far, now at startProcess: building log message
06-16 07:06:55.357  1049  1123 I ActivityManager: Start proc 1535:com.android.phone/1001 for added application com.android.phone
06-16 07:06:55.357  1049  1123 W ActivityManager: Slow operation: 277ms so far, now at startProcess: starting to update pids map
06-16 07:06:55.357  1049  1123 W ActivityManager: Slow operation: 277ms so far, now at startProcess: done updating pids map
06-16 07:06:55.361  1049  1114 D CompatibilityChangeReporter: Compat change id reported: 135634846; UID 1000; state: DISABLED
06-16 07:06:55.373   648   648 I auditd  : type=1400 audit(0.0:295): avc: denied { ioctl } for comm="AALMain" path="/dev/mtk_disp_mgr" dev="tmpfs" ino=9597 ioctlcmd=0x780f scontext=u:r:init:s0 tcontext=u:object_r:graphics_device:s0 tclass=chr_file permissive=1
06-16 07:06:55.377  1049  1049 D SystemServerTiming: StartSystemUI took to complete: 49ms
06-16 07:06:55.377  1049  1049 D SystemServerTiming: startOtherServices took to complete: 7621ms
06-16 07:06:55.378  1049  1049 D SystemServerTiming: StartServices took to complete: 9493ms
06-16 07:06:55.394  1049  1107 I am_proc_bound: [0,1535,com.android.phone]
06-16 07:06:55.395  1049  1049 W Looper  : Slow delivery took 8872ms main h=android.app.PropertyInvalidatedCache$AutoCorker$1 c=null m=0
06-16 07:06:55.397  1049  1107 D CompatibilityChangeReporter: Compat change id reported: 168419799; UID 1001; state: DISABLED
06-16 07:06:55.400  1049  1107 D CompatibilityChangeReporter: Compat change id reported: 181136395; UID 1000; state: DISABLED
06-16 07:06:55.401  1049  1107 D CompatibilityChangeReporter: Compat change id reported: 174042936; UID 1000; state: DISABLED
06-16 07:06:55.401  1049  1107 I am_uid_active: 1001
06-16 07:06:55.406   648   648 I auditd  : type=1400 audit(0.0:296): avc: denied { ioctl } for comm="AALMain" path="/dev/mtk_disp_mgr" dev="tmpfs" ino=9597 ioctlcmd=0x780f scontext=u:r:init:s0 tcontext=u:object_r:graphics_device:s0 tclass=chr_file permissive=1
06-16 07:06:55.411  1049  1123 W ActivityManager: Slow operation: 53ms so far, now at startProcess: done updating battery stats
06-16 07:06:55.411  1049  1123 I am_proc_start: [0,1318,1000,com.android.settings,top-activity,{com.android.settings/com.android.settings.FallbackHome}]
06-16 07:06:55.411  1049  1123 W ActivityManager: Slow operation: 53ms so far, now at startProcess: building log message
06-16 07:06:55.411  1049  1123 I ActivityManager: Start proc 1318:com.android.settings/1000 for top-activity {com.android.settings/com.android.settings.FallbackHome}
06-16 07:06:55.411  1049  1123 W ActivityManager: Slow operation: 54ms so far, now at startProcess: starting to update pids map
06-16 07:06:55.411  1049  1123 W ActivityManager: Slow operation: 54ms so far, now at startProcess: done updating pids map
06-16 07:06:55.421  1049  1049 D ConditionProviders.SCP: onConnected
06-16 07:06:55.423  1049  1049 D ConditionProviders: Subscribing to condition://android/event?userId=-10000&calendar=&reply=1 with ComponentInfo{android/com.android.server.notification.EventConditionProvider}
06-16 07:06:55.423  1049  1049 D ConditionProviders: Subscribing to condition://android/schedule?days=1.2.3.4.5.6.7&start=22.0&end=7.0&exitAtAlarm=true with ComponentInfo{android/com.android.server.notification.ScheduleConditionProvider}
06-16 07:06:55.424  1049  1049 I notification_cancel_all: [1000,1049,android,0,0,0,20,NULL]
06-16 07:06:55.426  1049  1107 I am_proc_bound: [0,1318,com.android.settings]
06-16 07:06:55.431  1049  1107 I wm_restart_activity: [0,46541742,3,com.android.settings/.FallbackHome]
06-16 07:06:55.433  1049  1107 I wm_set_resumed_activity: [0,com.android.settings/.FallbackHome,minimalResumeActivityLocked]
06-16 07:06:55.454  1049  1049 I am_uid_running: 10103
06-16 07:06:55.457  1049  1049 D CompatibilityChangeReporter: Compat change id reported: 135634846; UID 10103; state: DISABLED
06-16 07:06:55.457  1049  1123 D CompatibilityChangeReporter: Compat change id reported: 143937733; UID 10103; state: ENABLED
06-16 07:06:55.499  1049  1123 I am_proc_start: [0,1578,10103,android.ext.services,service,{android.ext.services/android.ext.services.autofill.InlineSuggestionRenderServiceImpl}]
06-16 07:06:55.499  1049  1123 I ActivityManager: Start proc 1578:android.ext.services/u0a103 for service {android.ext.services/android.ext.services.autofill.InlineSuggestionRenderServiceImpl}
06-16 07:06:55.539   648   648 I auditd  : type=1400 audit(0.0:297): avc: denied { ioctl } for comm="AALMain" path="/dev/mtk_disp_mgr" dev="tmpfs" ino=9597 ioctlcmd=0x780f scontext=u:r:init:s0 tcontext=u:object_r:graphics_device:s0 tclass=chr_file permissive=1
06-16 07:06:55.549  1049  1159 I am_proc_bound: [0,1578,android.ext.services]
06-16 07:06:55.552  1049  1159 D CompatibilityChangeReporter: Compat change id reported: 168419799; UID 10103; state: DISABLED
06-16 07:06:55.555  1049  1159 I am_uid_active: 10103
06-16 07:06:55.574  1347  1347 D SystemUIBootTiming: StartServicescom.android.systemui.statusbar.phone.StatusBar took to complete: 1165ms
06-16 07:06:55.577  1347  1400 W ActivityThread: Failed to find provider info for com.android.contacts (user not unlocked)
06-16 07:06:55.594  1347  1347 D SystemUIBootTiming: StartServicescom.android.systemui.usb.StorageNotification took to complete: 18ms
06-16 07:06:55.600  1049  1049 W Looper  : Slow dispatch took 121ms main h=android.app.ActivityThread$H c=null m=114
06-16 07:06:55.609  1347  1347 D SystemUIBootTiming: StartServicescom.android.systemui.power.PowerUI took to complete: 16ms
06-16 07:06:55.612  1347  1347 D SystemUIBootTiming: StartServicescom.android.systemui.media.RingtonePlayer took to complete: 2ms
06-16 07:06:55.615  1347  1347 D SystemUIBootTiming: StartServicescom.android.systemui.keyboard.KeyboardUI took to complete: 3ms
06-16 07:06:55.616  1049  1049 I notification_cancel_all: [1000,1049,com.android.systemui,0,0,0,20,NULL]
06-16 07:06:55.617  1347  1347 D SystemUIBootTiming: StartServicescom.android.systemui.shortcut.ShortcutKeyDispatcher took to complete: 2ms
06-16 07:06:55.617  1049  1049 I PackageWatchdog: Syncing health check requests for packages: {}
06-16 07:06:55.617  1347  1347 D SystemUIBootTiming: StartServicescom.android.systemui.VendorServices took to complete: 0ms
06-16 07:06:55.617  1049  1049 I ExplicitHealthCheckController: Service not ready to get health check supported packages. Binding...
06-16 07:06:55.619  1347  1347 D SystemUIBootTiming: StartServicescom.android.systemui.util.leak.GarbageMonitor$Service took to complete: 2ms
06-16 07:06:55.619  1347  1347 D SystemUIBootTiming: StartServicescom.android.systemui.LatencyTester took to complete: 1ms
06-16 07:06:55.621  1049  1049 I ExplicitHealthCheckController: Explicit health check service is bound
06-16 07:06:55.621  1347  1347 D SystemUIBootTiming: StartServicescom.android.systemui.globalactions.GlobalActionsComponent took to complete: 2ms
06-16 07:06:55.623  1049  1311 I wm_set_keyguard_shown: [1,0,0,setKeyguardShown]
06-16 07:06:55.623  1049  1311 D ActivityTaskManager: Top Process State changed to PROCESS_STATE_TOP_SLEEPING
